Archive member included to satisfy reference by file (symbol)

/usr/lib/gcc/arm-none-eabi/11.2.0/thumb/v7e-m+fp/hard/libgcc.a(_aeabi_uldivmod.o)
                              projects/lab1/out/libs/lpc_open/lpc_chip_43xx/src/i2s_18xx_43xx.o (__aeabi_uldivmod)
/usr/lib/gcc/arm-none-eabi/11.2.0/thumb/v7e-m+fp/hard/libgcc.a(_udivmoddi4.o)
                              /usr/lib/gcc/arm-none-eabi/11.2.0/thumb/v7e-m+fp/hard/libgcc.a(_aeabi_uldivmod.o) (__udivmoddi4)
/usr/lib/gcc/arm-none-eabi/11.2.0/thumb/v7e-m+fp/hard/libgcc.a(_dvmd_tls.o)
                              /usr/lib/gcc/arm-none-eabi/11.2.0/thumb/v7e-m+fp/hard/libgcc.a(_aeabi_uldivmod.o) (__aeabi_ldiv0)
/usr/lib/gcc/arm-none-eabi/11.2.0/../../../../arm-none-eabi/lib/thumb/v7e-m+fp/hard/libc_nano.a(lib_a-init.o)
                              projects/lab1/out/libs/cmsis_core//src/armv7m_startup.o (__libc_init_array)
/usr/lib/gcc/arm-none-eabi/11.2.0/../../../../arm-none-eabi/lib/thumb/v7e-m+fp/hard/libc_nano.a(lib_a-memcpy-stub.o)
                              projects/lab1/out/libs/lpc_open/lpc_chip_43xx/src/ring_buffer.o (memcpy)
/usr/lib/gcc/arm-none-eabi/11.2.0/../../../../arm-none-eabi/lib/thumb/v7e-m+fp/hard/libc_nano.a(lib_a-memset.o)
                              projects/lab1/out/libs/lpc_open/lpc_chip_43xx/src/clock_18xx_43xx.o (memset)
/usr/lib/gcc/arm-none-eabi/11.2.0/../../../../arm-none-eabi/lib/thumb/v7e-m+fp/hard/libc_nano.a(lib_a-printf.o)
                              projects/lab1/out/projects/lab1/src/lab1.o (printf)
/usr/lib/gcc/arm-none-eabi/11.2.0/../../../../arm-none-eabi/lib/thumb/v7e-m+fp/hard/libc_nano.a(lib_a-findfp.o)
                              /usr/lib/gcc/arm-none-eabi/11.2.0/../../../../arm-none-eabi/lib/thumb/v7e-m+fp/hard/libc_nano.a(lib_a-printf.o) (__sinit)
/usr/lib/gcc/arm-none-eabi/11.2.0/../../../../arm-none-eabi/lib/thumb/v7e-m+fp/hard/libc_nano.a(lib_a-fwalk.o)
                              /usr/lib/gcc/arm-none-eabi/11.2.0/../../../../arm-none-eabi/lib/thumb/v7e-m+fp/hard/libc_nano.a(lib_a-findfp.o) (_fwalk)
/usr/lib/gcc/arm-none-eabi/11.2.0/../../../../arm-none-eabi/lib/thumb/v7e-m+fp/hard/libc_nano.a(lib_a-impure.o)
                              /usr/lib/gcc/arm-none-eabi/11.2.0/../../../../arm-none-eabi/lib/thumb/v7e-m+fp/hard/libc_nano.a(lib_a-findfp.o) (_global_impure_ptr)
/usr/lib/gcc/arm-none-eabi/11.2.0/../../../../arm-none-eabi/lib/thumb/v7e-m+fp/hard/libc_nano.a(lib_a-lock.o)
                              /usr/lib/gcc/arm-none-eabi/11.2.0/../../../../arm-none-eabi/lib/thumb/v7e-m+fp/hard/libc_nano.a(lib_a-findfp.o) (__retarget_lock_init_recursive)
/usr/lib/gcc/arm-none-eabi/11.2.0/../../../../arm-none-eabi/lib/thumb/v7e-m+fp/hard/libc_nano.a(lib_a-nano-mallocr.o)
                              /usr/lib/gcc/arm-none-eabi/11.2.0/../../../../arm-none-eabi/lib/thumb/v7e-m+fp/hard/libc_nano.a(lib_a-findfp.o) (_malloc_r)
/usr/lib/gcc/arm-none-eabi/11.2.0/../../../../arm-none-eabi/lib/thumb/v7e-m+fp/hard/libc_nano.a(lib_a-nano-vfprintf.o)
                              /usr/lib/gcc/arm-none-eabi/11.2.0/../../../../arm-none-eabi/lib/thumb/v7e-m+fp/hard/libc_nano.a(lib_a-printf.o) (_vfprintf_r)
/usr/lib/gcc/arm-none-eabi/11.2.0/../../../../arm-none-eabi/lib/thumb/v7e-m+fp/hard/libc_nano.a(lib_a-stdio.o)
                              /usr/lib/gcc/arm-none-eabi/11.2.0/../../../../arm-none-eabi/lib/thumb/v7e-m+fp/hard/libc_nano.a(lib_a-findfp.o) (__sread)
/usr/lib/gcc/arm-none-eabi/11.2.0/../../../../arm-none-eabi/lib/thumb/v7e-m+fp/hard/libc_nano.a(lib_a-wbuf.o)
                              /usr/lib/gcc/arm-none-eabi/11.2.0/../../../../arm-none-eabi/lib/thumb/v7e-m+fp/hard/libc_nano.a(lib_a-nano-vfprintf.o) (__swbuf_r)
/usr/lib/gcc/arm-none-eabi/11.2.0/../../../../arm-none-eabi/lib/thumb/v7e-m+fp/hard/libc_nano.a(lib_a-wsetup.o)
                              /usr/lib/gcc/arm-none-eabi/11.2.0/../../../../arm-none-eabi/lib/thumb/v7e-m+fp/hard/libc_nano.a(lib_a-nano-vfprintf.o) (__swsetup_r)
/usr/lib/gcc/arm-none-eabi/11.2.0/../../../../arm-none-eabi/lib/thumb/v7e-m+fp/hard/libc_nano.a(lib_a-fflush.o)
                              /usr/lib/gcc/arm-none-eabi/11.2.0/../../../../arm-none-eabi/lib/thumb/v7e-m+fp/hard/libc_nano.a(lib_a-findfp.o) (_fflush_r)
/usr/lib/gcc/arm-none-eabi/11.2.0/../../../../arm-none-eabi/lib/thumb/v7e-m+fp/hard/libc_nano.a(lib_a-fvwrite.o)
                              /usr/lib/gcc/arm-none-eabi/11.2.0/../../../../arm-none-eabi/lib/thumb/v7e-m+fp/hard/libc_nano.a(lib_a-nano-vfprintf.o) (__sfvwrite_r)
/usr/lib/gcc/arm-none-eabi/11.2.0/../../../../arm-none-eabi/lib/thumb/v7e-m+fp/hard/libc_nano.a(lib_a-makebuf.o)
                              /usr/lib/gcc/arm-none-eabi/11.2.0/../../../../arm-none-eabi/lib/thumb/v7e-m+fp/hard/libc_nano.a(lib_a-wsetup.o) (__smakebuf_r)
/usr/lib/gcc/arm-none-eabi/11.2.0/../../../../arm-none-eabi/lib/thumb/v7e-m+fp/hard/libc_nano.a(lib_a-memchr.o)
[...]
Memory Configuration

Name             Origin             Length             Attributes
MFlashA512       0x000000001a000000 0x0000000000080000 xr
MFlashB512       0x000000001b000000 0x0000000000080000 xr
RamLoc32         0x0000000010000000 0x0000000000008000 xrw
RamLoc40         0x0000000010080000 0x000000000000a000 xrw
RamAHB32         0x0000000020000000 0x0000000000008000 xrw
RamAHB16         0x0000000020008000 0x0000000000004000 xrw
RamAHB_ETB16     0x000000002000c000 0x0000000000004000 xrw
*default*        0x0000000000000000 0xffffffffffffffff

Linker script and memory map

START GROUP
LOAD projects/lab1/out/projects/lab1/src/configuracion.o
LOAD projects/lab1/out/projects/lab1/src/lab1.o
LOAD projects/lab1/out/libs/cmsis_core//src/armv7m_startup.o
LOAD projects/lab1/out/libs/sys_newlib//src/system.o
LOAD projects/lab1/out/modules/drivers_bm//src/adc.o
LOAD projects/lab1/out/modules/drivers_bm//src/dac.o
LOAD projects/lab1/out/modules/drivers_bm//src/display.o
LOAD projects/lab1/out/modules/drivers_bm//src/itoa.o
LOAD projects/lab1/out/modules/drivers_bm//src/led.o
LOAD projects/lab1/out/modules/drivers_bm//src/soc.o
LOAD projects/lab1/out/modules/drivers_bm//src/switch.o
LOAD projects/lab1/out/modules/drivers_bm//src/timer.o
LOAD projects/lab1/out/modules/drivers_bm//src/uart.o
LOAD projects/lab1/out/modules/drivers_bm//src/unt.o
LOAD projects/lab1/out/libs/lpc_open/boards/edu_ciaa_nxp/src/board.o
LOAD projects/lab1/out/libs/lpc_open/boards/edu_ciaa_nxp/src/board_sysinit.o
LOAD projects/lab1/out/libs/lpc_open/lpc_chip_43xx/src/adc_18xx_43xx.o
LOAD projects/lab1/out/libs/lpc_open/lpc_chip_43xx/src/aes_18xx_43xx.o
LOAD projects/lab1/out/libs/lpc_open/lpc_chip_43xx/src/atimer_18xx_43xx.o
LOAD projects/lab1/out/libs/lpc_open/lpc_chip_43xx/src/ccan_18xx_43xx.o
LOAD projects/lab1/out/libs/lpc_open/lpc_chip_43xx/src/chip_18xx_43xx.o
LOAD projects/lab1/out/libs/lpc_open/lpc_chip_43xx/src/clock_18xx_43xx.o
LOAD projects/lab1/out/libs/lpc_open/lpc_chip_43xx/src/dac_18xx_43xx.o
LOAD projects/lab1/out/libs/lpc_open/lpc_chip_43xx/src/eeprom_18xx_43xx.o
LOAD projects/lab1/out/libs/lpc_open/lpc_chip_43xx/src/emc_18xx_43xx.o
LOAD projects/lab1/out/libs/lpc_open/lpc_chip_43xx/src/enet_18xx_43xx.o
LOAD projects/lab1/out/libs/lpc_open/lpc_chip_43xx/src/evrt_18xx_43xx.o
LOAD projects/lab1/out/libs/lpc_open/lpc_chip_43xx/src/gpdma_18xx_43xx.o
LOAD projects/lab1/out/libs/lpc_open/lpc_chip_43xx/src/gpio_18xx_43xx.o
LOAD projects/lab1/out/libs/lpc_open/lpc_chip_43xx/src/gpiogroup_18xx_43xx.o
LOAD projects/lab1/out/libs/lpc_open/lpc_chip_43xx/src/i2c_18xx_43xx.o
LOAD projects/lab1/out/libs/lpc_open/lpc_chip_43xx/src/i2cm_18xx_43xx.o
LOAD projects/lab1/out/libs/lpc_open/lpc_chip_43xx/src/i2s_18xx_43xx.o
LOAD projects/lab1/out/libs/lpc_open/lpc_chip_43xx/src/iap_18xx_43xx.o
LOAD projects/lab1/out/libs/lpc_open/lpc_chip_43xx/src/lcd_18xx_43xx.o
LOAD projects/lab1/out/libs/lpc_open/lpc_chip_43xx/src/otp_18xx_43xx.o
LOAD projects/lab1/out/libs/lpc_open/lpc_chip_43xx/src/pinint_18xx_43xx.o
LOAD projects/lab1/out/libs/lpc_open/lpc_chip_43xx/src/pmc_18xx_43xx.o
LOAD projects/lab1/out/libs/lpc_open/lpc_chip_43xx/src/ring_buffer.o
LOAD projects/lab1/out/libs/lpc_open/lpc_chip_43xx/src/ritimer_18xx_43xx.o
LOAD projects/lab1/out/libs/lpc_open/lpc_chip_43xx/src/rtc_18xx_43xx.o
LOAD projects/lab1/out/libs/lpc_open/lpc_chip_43xx/src/sct_18xx_43xx.o
LOAD projects/lab1/out/libs/lpc_open/lpc_chip_43xx/src/sct_pwm_18xx_43xx.o
LOAD projects/lab1/out/libs/lpc_open/lpc_chip_43xx/src/sdif_18xx_43xx.o
LOAD projects/lab1/out/libs/lpc_open/lpc_chip_43xx/src/sdio_18xx_43xx.o
LOAD projects/lab1/out/libs/lpc_open/lpc_chip_43xx/src/sdmmc_18xx_43xx.o
LOAD projects/lab1/out/libs/lpc_open/lpc_chip_43xx/src/spi_18xx_43xx.o
LOAD projects/lab1/out/libs/lpc_open/lpc_chip_43xx/src/ssp_18xx_43xx.o
LOAD projects/lab1/out/libs/lpc_open/lpc_chip_43xx/src/stopwatch_18xx_43xx.o
LOAD projects/lab1/out/libs/lpc_open/lpc_chip_43xx/src/sysinit_18xx_43xx.o
LOAD projects/lab1/out/libs/lpc_open/lpc_chip_43xx/src/timer_18xx_43xx.o
LOAD projects/lab1/out/libs/lpc_open/lpc_chip_43xx/src/uart_18xx_43xx.o
LOAD projects/lab1/out/libs/lpc_open/lpc_chip_43xx/src/wwdt_18xx_43xx.o
LOAD projects/lab1/out/libs/lpc_open/lpc_startup/src/crp.o
LOAD projects/lab1/out/libs/lpc_open/lpc_startup/src/sysinit.o
LOAD projects/lab1/out/libs/lpc_open/lpc_startup/src/vendor_interrupt.o
END GROUP
LOAD /usr/lib/gcc/arm-none-eabi/11.2.0/../../../../arm-none-eabi/lib/thumb/v7e-m+fp/hard/libstdc++_nano.a
LOAD /usr/lib/gcc/arm-none-eabi/11.2.0/../../../../arm-none-eabi/lib/thumb/v7e-m+fp/hard/libm.a
START GROUP
LOAD /usr/lib/gcc/arm-none-eabi/11.2.0/thumb/v7e-m+fp/hard/libgcc.a
LOAD /usr/lib/gcc/arm-none-eabi/11.2.0/../../../../arm-none-eabi/lib/thumb/v7e-m+fp/hard/libc_nano.a
END GROUP
START GROUP
LOAD /usr/lib/gcc/arm-none-eabi/11.2.0/thumb/v7e-m+fp/hard/libgcc.a
LOAD /usr/lib/gcc/arm-none-eabi/11.2.0/../../../../arm-none-eabi/lib/thumb/v7e-m+fp/hard/libc_nano.a
END GROUP
                0x000000001a080000                __top_MFlashA512 = 0x1a080000
                0x000000001b080000                __top_MFlashB512 = 0x1b080000
                0x0000000010008000                __top_RamLoc32 = 0x10008000
                0x000000001008a000                __top_RamLoc40 = 0x1008a000
                0x0000000020008000                __top_RamAHB32 = 0x20008000
                0x000000002000c000                __top_RamAHB16 = 0x2000c000
                0x0000000020010000                __top_RamAHB_ETB16 = 0x20010000
START GROUP
LOAD /usr/lib/gcc/arm-none-eabi/11.2.0/thumb/v7e-m+fp/hard/libgcc.a
LOAD /usr/lib/gcc/arm-none-eabi/11.2.0/../../../../arm-none-eabi/lib/thumb/v7e-m+fp/hard/libc.a
LOAD /usr/lib/gcc/arm-none-eabi/11.2.0/../../../../arm-none-eabi/lib/thumb/v7e-m+fp/hard/libm.a
END GROUP

.text_Flash2    0x000000001b000000        0x0
 FILL mask 0xff
 *(.text_Flash2*)
 *(.text_MFlashB512*)
 *(.text.$Flash2*)
 *(.text.$MFlashB512*)
 *(.rodata.$Flash2*)
 *(.rodata.$MFlashB512*)

.text           0x000000001a000000      0x300
 FILL mask 0xff
                0x000000001a000000                __vectors_start__ = ABSOLUTE (.)
 *(.isr_vector)
 .isr_vector    0x000000001a000000       0x40 projects/lab1/out/libs/cmsis_core//src/armv7m_startup.o
                0x000000001a000000                g_pfnVectors
 *(.isr_vendor_vector)
 .isr_vendor_vector
                0x000000001a000040       0xd4 projects/lab1/out/libs/lpc_open/lpc_startup/src/vendor_interrupt.o
                0x000000001a000040                g_pfnVendorVectors
                0x000000001a000114                . = ALIGN (0x4)
                0x000000001a000114                __section_table_start = .
                0x000000001a000114                __data_section_table = .
                0x000000001a000114        0x4 LONG 0x1a002950 LOADADDR (.data)
                0x000000001a000118        0x4 LONG 0x10000000 ADDR (.data)
                0x000000001a00011c        0x4 LONG 0x9c SIZEOF (.data)
                0x000000001a000120        0x4 LONG 0x1a002950 LOADADDR (.data_RAM2)
                0x000000001a000124        0x4 LONG 0x10080000 ADDR (.data_RAM2)
                0x000000001a000128        0x4 LONG 0x0 SIZEOF (.data_RAM2)
                0x000000001a00012c        0x4 LONG 0x1a002950 LOADADDR (.data_RAM3)
                0x000000001a000130        0x4 LONG 0x20000000 ADDR (.data_RAM3)
                0x000000001a000134        0x4 LONG 0x0 SIZEOF (.data_RAM3)
                0x000000001a000138        0x4 LONG 0x1a002950 LOADADDR (.data_RAM4)
                0x000000001a00013c        0x4 LONG 0x20008000 ADDR (.data_RAM4)
                0x000000001a000140        0x4 LONG 0x0 SIZEOF (.data_RAM4)
                0x000000001a000144        0x4 LONG 0x1a002950 LOADADDR (.data_RAM5)
                0x000000001a000148        0x4 LONG 0x2000c000 ADDR (.data_RAM5)
                0x000000001a00014c        0x4 LONG 0x0 SIZEOF (.data_RAM5)
                0x000000001a000150                __data_section_table_end = .
                0x000000001a000150                __bss_section_table = .
                0x000000001a000150        0x4 LONG 0x1000009c ADDR (.bss)
                0x000000001a000154        0x4 LONG 0x24 SIZEOF (.bss)
                0x000000001a000158        0x4 LONG 0x10080000 ADDR (.bss_RAM2)
                0x000000001a00015c        0x4 LONG 0x0 SIZEOF (.bss_RAM2)
                0x000000001a000160        0x4 LONG 0x20000000 ADDR (.bss_RAM3)
                0x000000001a000164        0x4 LONG 0x0 SIZEOF (.bss_RAM3)
                0x000000001a000168        0x4 LONG 0x20008000 ADDR (.bss_RAM4)
                0x000000001a00016c        0x4 LONG 0x0 SIZEOF (.bss_RAM4)
                0x000000001a000170        0x4 LONG 0x2000c000 ADDR (.bss_RAM5)
                0x000000001a000174        0x4 LONG 0x0 SIZEOF (.bss_RAM5)
                0x000000001a000178                __bss_section_table_end = .
                0x000000001a000178                __section_table_end = .
 *(.after_vectors*)
 .after_vectors
                0x000000001a000178       0x42 projects/lab1/out/libs/cmsis_core//src/armv7m_startup.o
                0x000000001a000178                NMI_Handler
                0x000000001a00017a                HardFault_Handler
                0x000000001a00017c                MemManage_Handler
                0x000000001a00017e                BusFault_Handler
                0x000000001a000180                UsageFault_Handler
                0x000000001a000182                SVC_Handler
                0x000000001a000184                DebugMon_Handler
                0x000000001a000186                PendSV_Handler
                0x000000001a00018a                data_init
                0x000000001a0001a8                bss_init
 .after_vectors
                0x000000001a0001ba        0x2 projects/lab1/out/libs/lpc_open/lpc_startup/src/vendor_interrupt.o
                0x000000001a0001ba                TIMER2_IRQHandler
                0x000000001a0001ba                RIT_IRQHandler
                0x000000001a0001ba                ADCHS_IRQHandler
                0x000000001a0001ba                FLASH_EEPROM_IRQHandler
                0x000000001a0001ba                I2C0_IRQHandler
                0x000000001a0001ba                SDIO_IRQHandler
                0x000000001a0001ba                ATIMER_IRQHandler
                0x000000001a0001ba                I2C1_IRQHandler
                0x000000001a0001ba                UART1_IRQHandler
                0x000000001a0001ba                GPIO5_IRQHandler
                0x000000001a0001ba                CAN1_IRQHandler
                0x000000001a0001ba                USB1_IRQHandler
                0x000000001a0001ba                I2S0_IRQHandler
                0x000000001a0001ba                TIMER3_IRQHandler
                0x000000001a0001ba                UART0_IRQHandler
                0x000000001a0001ba                SGPIO_IRQHandler
                0x000000001a0001ba                ADC0_IRQHandler
                0x000000001a0001ba                GPIO6_IRQHandler
                0x000000001a0001ba                IntDefaultHandler
                0x000000001a0001ba                GPIO1_IRQHandler
                0x000000001a0001ba                SSP0_IRQHandler
                0x000000001a0001ba                ADC1_IRQHandler
                0x000000001a0001ba                RTC_IRQHandler
                0x000000001a0001ba                TIMER0_IRQHandler
                0x000000001a0001ba                SPI_IRQHandler
                0x000000001a0001ba                LCD_IRQHandler
                0x000000001a0001ba                TIMER1_IRQHandler
                0x000000001a0001ba                UART2_IRQHandler
                0x000000001a0001ba                GPIO2_IRQHandler
                0x000000001a0001ba                I2S1_IRQHandler
                0x000000001a0001ba                SSP1_IRQHandler
                0x000000001a0001ba                USB0_IRQHandler
                0x000000001a0001ba                GPIO3_IRQHandler
                0x000000001a0001ba                SCT_IRQHandler
                0x000000001a0001ba                WDT_IRQHandler
                0x000000001a0001ba                GPIO7_IRQHandler
                0x000000001a0001ba                SPIFI_IRQHandler
                0x000000001a0001ba                QEI_IRQHandler
                0x000000001a0001ba                ETH_IRQHandler
                0x000000001a0001ba                CAN0_IRQHandler
                0x000000001a0001ba                GINT0_IRQHandler
                0x000000001a0001ba                DAC_IRQHandler
                0x000000001a0001ba                M0SUB_IRQHandler
                0x000000001a0001ba                GPIO0_IRQHandler
                0x000000001a0001ba                DMA_IRQHandler
                0x000000001a0001ba                EVRT_IRQHandler
                0x000000001a0001ba                UART3_IRQHandler
                0x000000001a0001ba                MCPWM_IRQHandler
                0x000000001a0001ba                M0APP_IRQHandler
                0x000000001a0001ba                GINT1_IRQHandler
                0x000000001a0001ba                GPIO4_IRQHandler
                0x00000000000002fc                . = 0x2fc
 *fill*         0x000000001a0001bc      0x140 ff
                0x000000001a0002fc                PROVIDE (__CRP_WORD_START__ = .)
 *(.crp)
 .crp           0x000000001a0002fc        0x4 projects/lab1/out/libs/lpc_open/lpc_startup/src/crp.o
                0x000000001a0002fc                CRP_WORD
                0x000000001a000300                PROVIDE (__CRP_WORD_END__ = .)
                0x0000000000000001                ASSERT (! ((__CRP_WORD_START__ == __CRP_WORD_END__)), Linker CRP Enabled, but no CRP_WORD provided within application)

.glue_7         0x000000001a000300        0x0
 .glue_7        0x000000001a000300        0x0 linker stubs

.glue_7t        0x000000001a000300        0x0
 .glue_7t       0x000000001a000300        0x0 linker stubs

.vfp11_veneer   0x000000001a000300        0x0
 .vfp11_veneer  0x000000001a000300        0x0 linker stubs

.v4_bx          0x000000001a000300        0x0
 .v4_bx         0x000000001a000300        0x0 linker stubs

.iplt           0x000000001a000300        0x0
 .iplt          0x000000001a000300        0x0 projects/lab1/out/projects/lab1/src/configuracion.o
                0x000000001a000300                . = ALIGN (0x4)

.preinit_array  0x000000001a000300        0x0
                0x000000001a000300                PROVIDE (__preinit_array_start = .)
 *(.preinit_array*)
                0x000000001a000300                PROVIDE (__preinit_array_end = .)

.init_array     0x000000001a000300        0x4
                0x000000001a000300                PROVIDE (__init_array_start = .)
 *(SORT_BY_NAME(.init_array.*))
 *(.init_array*)
 .init_array    0x000000001a000300        0x4 projects/lab1/out/libs/sys_newlib//src/system.o
                0x000000001a000304                PROVIDE (__init_array_end = .)
                0x000000001a000304                . = ALIGN (0x4)

.text           0x000000001a000310     0x2638
 *(.text*)
 .text.ConfigurarInterrupcion
                0x000000001a000310       0x4c projects/lab1/out/projects/lab1/src/configuracion.o
                0x000000001a000310                ConfigurarInterrupcion
 .text.ConfigurarPuertosLaboratorio
                0x000000001a00035c       0x7c projects/lab1/out/projects/lab1/src/configuracion.o
                0x000000001a00035c                ConfigurarPuertosLaboratorio
 .text.SysTick_Handler
                0x000000001a0003d8       0x5c projects/lab1/out/projects/lab1/src/lab1.o
                0x000000001a0003d8                SysTick_Handler
 .text.ConfigurarUART
                0x000000001a000434       0x2e projects/lab1/out/projects/lab1/src/lab1.o
                0x000000001a000434                ConfigurarUART
 .text.UARTDisponible
                0x000000001a000462        0x8 projects/lab1/out/projects/lab1/src/lab1.o
                0x000000001a000462                UARTDisponible
 .text.UARTLeerByte
                0x000000001a00046a       0x2a projects/lab1/out/projects/lab1/src/lab1.o
                0x000000001a00046a                UARTLeerByte
 .text.translateError
                0x000000001a000494       0x40 projects/lab1/out/projects/lab1/src/lab1.o
                0x000000001a000494                translateError
 .text.handleError
                0x000000001a0004d4       0x14 projects/lab1/out/projects/lab1/src/lab1.o
                0x000000001a0004d4                handleError
 .text.handleData
                0x000000001a0004e8       0x34 projects/lab1/out/projects/lab1/src/lab1.o
                0x000000001a0004e8                handleData
 .text.sendByte
                0x000000001a00051c        0x4 projects/lab1/out/projects/lab1/src/lab1.o
                0x000000001a00051c                sendByte
 .text.main     0x000000001a000520       0x80 projects/lab1/out/projects/lab1/src/lab1.o
                0x000000001a000520                main
 .text.initialise_monitor_handles
                0x000000001a0005a0        0x2 projects/lab1/out/libs/cmsis_core//src/armv7m_startup.o
                0x000000001a0005a0                initialise_monitor_handles
 *fill*         0x000000001a0005a2        0x2 
 .text.Reset_Handler
                0x000000001a0005a4       0x88 projects/lab1/out/libs/cmsis_core//src/armv7m_startup.o
                0x000000001a0005a4                Reset_Handler
 .text._fini    0x000000001a00062c        0x2 projects/lab1/out/libs/cmsis_core//src/armv7m_startup.o
                0x000000001a00062c                _fini
 .text._init    0x000000001a00062e        0x2 projects/lab1/out/libs/cmsis_core//src/armv7m_startup.o
                0x000000001a00062e                _init
 .text._close_r
                0x000000001a000630        0xa projects/lab1/out/libs/sys_newlib//src/system.o
                0x000000001a000630                _close_r
 .text._fstat_r
                0x000000001a00063a        0xa projects/lab1/out/libs/sys_newlib//src/system.o
                0x000000001a00063a                _fstat_r
 .text._isatty_r
                0x000000001a000644       0x12 projects/lab1/out/libs/sys_newlib//src/system.o
                0x000000001a000644                _isatty_r
 .text._lseek_r
                0x000000001a000656        0xa projects/lab1/out/libs/sys_newlib//src/system.o
                0x000000001a000656                _lseek_r
 .text._read_r  0x000000001a000660       0x4e projects/lab1/out/libs/sys_newlib//src/system.o
                0x000000001a000660                _read_r
 .text._write_r
                0x000000001a0006ae       0x28 projects/lab1/out/libs/sys_newlib//src/system.o
                0x000000001a0006ae                _write_r
 *fill*         0x000000001a0006d6        0x2 
 .text._sbrk_r  0x000000001a0006d8       0x20 projects/lab1/out/libs/sys_newlib//src/system.o
                0x000000001a0006d8                _sbrk_r
 .text.Led_On   0x000000001a0006f8       0x6c projects/lab1/out/modules/drivers_bm//src/led.o
                0x000000001a0006f8                Led_On
 .text.Led_Off  0x000000001a000764       0x6c projects/lab1/out/modules/drivers_bm//src/led.o
                0x000000001a000764                Led_Off
 .text.Led_Toggle
                0x000000001a0007d0       0x6c projects/lab1/out/modules/drivers_bm//src/led.o
                0x000000001a0007d0                Led_Toggle
 .text.Board_LED_Init
                0x000000001a00083c       0x48 projects/lab1/out/libs/lpc_open/boards/edu_ciaa_nxp/src/board.o
 .text.Board_TEC_Init
                0x000000001a000884       0x44 projects/lab1/out/libs/lpc_open/boards/edu_ciaa_nxp/src/board.o
 .text.Board_GPIO_Init
                0x000000001a0008c8       0x44 projects/lab1/out/libs/lpc_open/boards/edu_ciaa_nxp/src/board.o
 .text.Board_ADC_Init
                0x000000001a00090c       0x30 projects/lab1/out/libs/lpc_open/boards/edu_ciaa_nxp/src/board.o
 .text.Board_SPI_Init
                0x000000001a00093c       0x38 projects/lab1/out/libs/lpc_open/boards/edu_ciaa_nxp/src/board.o
 .text.Board_I2C_Init
                0x000000001a000974       0x24 projects/lab1/out/libs/lpc_open/boards/edu_ciaa_nxp/src/board.o
 .text.Board_Debug_Init
                0x000000001a000998       0x24 projects/lab1/out/libs/lpc_open/boards/edu_ciaa_nxp/src/board.o
                0x000000001a000998                Board_Debug_Init
 .text.Board_UARTPutChar
                0x000000001a0009bc       0x14 projects/lab1/out/libs/lpc_open/boards/edu_ciaa_nxp/src/board.o
                0x000000001a0009bc                Board_UARTPutChar
 .text.Board_UARTGetChar
                0x000000001a0009d0       0x1c projects/lab1/out/libs/lpc_open/boards/edu_ciaa_nxp/src/board.o
                0x000000001a0009d0                Board_UARTGetChar
 .text.Board_Init
                0x000000001a0009ec       0x2c projects/lab1/out/libs/lpc_open/boards/edu_ciaa_nxp/src/board.o
                0x000000001a0009ec                Board_Init
 .text.__stdio_putchar
                0x000000001a000a18        0xa projects/lab1/out/libs/lpc_open/boards/edu_ciaa_nxp/src/board.o
                0x000000001a000a18                __stdio_putchar
 .text.__stdio_getchar
                0x000000001a000a22        0x8 projects/lab1/out/libs/lpc_open/boards/edu_ciaa_nxp/src/board.o
                0x000000001a000a22                __stdio_getchar
 .text.__stdio_init
                0x000000001a000a2a        0x8 projects/lab1/out/libs/lpc_open/boards/edu_ciaa_nxp/src/board.o
                0x000000001a000a2a                __stdio_init
 *fill*         0x000000001a000a32        0x2 
 .text.Board_SetupMuxing
                0x000000001a000a34       0x2c projects/lab1/out/libs/lpc_open/boards/edu_ciaa_nxp/src/board_sysinit.o
                0x000000001a000a34                Board_SetupMuxing
 .text.Board_SetupClocking
                0x000000001a000a60       0x6c projects/lab1/out/libs/lpc_open/boards/edu_ciaa_nxp/src/board_sysinit.o
                0x000000001a000a60                Board_SetupClocking
 .text.Board_SystemInit
                0x000000001a000acc        0xc projects/lab1/out/libs/lpc_open/boards/edu_ciaa_nxp/src/board_sysinit.o
                0x000000001a000acc                Board_SystemInit
 .text.Chip_ADC_GetClockIndex
                0x000000001a000ad8       0x14 projects/lab1/out/libs/lpc_open/lpc_chip_43xx/src/adc_18xx_43xx.o
 .text.getClkDiv
                0x000000001a000aec       0x32 projects/lab1/out/libs/lpc_open/lpc_chip_43xx/src/adc_18xx_43xx.o
 *fill*         0x000000001a000b1e        0x2 
 .text.Chip_ADC_Init
                0x000000001a000b20       0x40 projects/lab1/out/libs/lpc_open/lpc_chip_43xx/src/adc_18xx_43xx.o
                0x000000001a000b20                Chip_ADC_Init
 .text.Chip_ADC_SetSampleRate
                0x000000001a000b60       0x32 projects/lab1/out/libs/lpc_open/lpc_chip_43xx/src/adc_18xx_43xx.o
                0x000000001a000b60                Chip_ADC_SetSampleRate
 .text.Chip_ADC_SetResolution
                0x000000001a000b92        0xc projects/lab1/out/libs/lpc_open/lpc_chip_43xx/src/adc_18xx_43xx.o
                0x000000001a000b92                Chip_ADC_SetResolution
 *fill*         0x000000001a000b9e        0x2 
 .text.SystemCoreClockUpdate
                0x000000001a000ba0       0x14 projects/lab1/out/libs/lpc_open/lpc_chip_43xx/src/chip_18xx_43xx.o
                0x000000001a000ba0                SystemCoreClockUpdate
 .text.pll_calc_divs
                0x000000001a000bb4       0xa8 projects/lab1/out/libs/lpc_open/lpc_chip_43xx/src/clock_18xx_43xx.o
 .text.pll_get_frac
                0x000000001a000c5c      0x110 projects/lab1/out/libs/lpc_open/lpc_chip_43xx/src/clock_18xx_43xx.o
 .text.Chip_Clock_FindBaseClock
                0x000000001a000d6c       0x54 projects/lab1/out/libs/lpc_open/lpc_chip_43xx/src/clock_18xx_43xx.o
 .text.Chip_Clock_EnableCrystal
                0x000000001a000dc0       0x4c projects/lab1/out/libs/lpc_open/lpc_chip_43xx/src/clock_18xx_43xx.o
                0x000000001a000dc0                Chip_Clock_EnableCrystal
 .text.Chip_Clock_GetDividerSource
                0x000000001a000e0c       0x1c projects/lab1/out/libs/lpc_open/lpc_chip_43xx/src/clock_18xx_43xx.o
                0x000000001a000e0c                Chip_Clock_GetDividerSource
 .text.Chip_Clock_GetDividerDivisor
                0x000000001a000e28       0x1c projects/lab1/out/libs/lpc_open/lpc_chip_43xx/src/clock_18xx_43xx.o
                0x000000001a000e28                Chip_Clock_GetDividerDivisor
 .text.Chip_Clock_GetClockInputHz
                0x000000001a000e44       0xb8 projects/lab1/out/libs/lpc_open/lpc_chip_43xx/src/clock_18xx_43xx.o
                0x000000001a000e44                Chip_Clock_GetClockInputHz
 .text.Chip_Clock_CalcMainPLLValue
                0x000000001a000efc       0x80 projects/lab1/out/libs/lpc_open/lpc_chip_43xx/src/clock_18xx_43xx.o
                0x000000001a000efc                Chip_Clock_CalcMainPLLValue
 .text.Chip_Clock_GetMainPLLHz
                0x000000001a000f7c       0x68 projects/lab1/out/libs/lpc_open/lpc_chip_43xx/src/clock_18xx_43xx.o
                0x000000001a000f7c                Chip_Clock_GetMainPLLHz
 .text.Chip_Clock_GetDivRate
                0x000000001a000fe4       0x22 projects/lab1/out/libs/lpc_open/lpc_chip_43xx/src/clock_18xx_43xx.o
 *fill*         0x000000001a001006        0x2 
 .text.Chip_Clock_SetBaseClock
                0x000000001a001008       0x5c projects/lab1/out/libs/lpc_open/lpc_chip_43xx/src/clock_18xx_43xx.o
                0x000000001a001008                Chip_Clock_SetBaseClock
 .text.Chip_Clock_GetBaseClock
                0x000000001a001064       0x28 projects/lab1/out/libs/lpc_open/lpc_chip_43xx/src/clock_18xx_43xx.o
                0x000000001a001064                Chip_Clock_GetBaseClock
 .text.Chip_Clock_GetBaseClocktHz
                0x000000001a00108c        0xc projects/lab1/out/libs/lpc_open/lpc_chip_43xx/src/clock_18xx_43xx.o
                0x000000001a00108c                Chip_Clock_GetBaseClocktHz
 .text.Chip_Clock_EnableOpts
                0x000000001a001098       0x3c projects/lab1/out/libs/lpc_open/lpc_chip_43xx/src/clock_18xx_43xx.o
                0x000000001a001098                Chip_Clock_EnableOpts
 .text.Chip_Clock_Enable
                0x000000001a0010d4       0x34 projects/lab1/out/libs/lpc_open/lpc_chip_43xx/src/clock_18xx_43xx.o
                0x000000001a0010d4                Chip_Clock_Enable
 .text.Chip_Clock_GetRate
                0x000000001a001108       0x4c projects/lab1/out/libs/lpc_open/lpc_chip_43xx/src/clock_18xx_43xx.o
                0x000000001a001108                Chip_Clock_GetRate
 .text.Chip_GPIO_Init
                0x000000001a001154        0x2 projects/lab1/out/libs/lpc_open/lpc_chip_43xx/src/gpio_18xx_43xx.o
                0x000000001a001154                Chip_GPIO_Init
 *fill*         0x000000001a001156        0x2 
 .text.Chip_I2C_EventHandler
                0x000000001a001158       0x20 projects/lab1/out/libs/lpc_open/lpc_chip_43xx/src/i2c_18xx_43xx.o
                0x000000001a001158                Chip_I2C_EventHandler
 .text.Chip_I2C_Init
                0x000000001a001178       0x28 projects/lab1/out/libs/lpc_open/lpc_chip_43xx/src/i2c_18xx_43xx.o
                0x000000001a001178                Chip_I2C_Init
 .text.Chip_I2C_SetClockRate
                0x000000001a0011a0       0x3c projects/lab1/out/libs/lpc_open/lpc_chip_43xx/src/i2c_18xx_43xx.o
                0x000000001a0011a0                Chip_I2C_SetClockRate
 .text.Chip_SSP_GetClockIndex
                0x000000001a0011dc       0x14 projects/lab1/out/libs/lpc_open/lpc_chip_43xx/src/ssp_18xx_43xx.o
 .text.Chip_SSP_GetPeriphClockIndex
                0x000000001a0011f0       0x18 projects/lab1/out/libs/lpc_open/lpc_chip_43xx/src/ssp_18xx_43xx.o
 .text.Chip_SSP_SetClockRate
                0x000000001a001208       0x12 projects/lab1/out/libs/lpc_open/lpc_chip_43xx/src/ssp_18xx_43xx.o
                0x000000001a001208                Chip_SSP_SetClockRate
 .text.Chip_SSP_SetBitRate
                0x000000001a00121a       0x42 projects/lab1/out/libs/lpc_open/lpc_chip_43xx/src/ssp_18xx_43xx.o
                0x000000001a00121a                Chip_SSP_SetBitRate
 .text.Chip_SSP_Init
                0x000000001a00125c       0x38 projects/lab1/out/libs/lpc_open/lpc_chip_43xx/src/ssp_18xx_43xx.o
                0x000000001a00125c                Chip_SSP_Init
 .text.Chip_SetupCoreClock
                0x000000001a001294      0x158 projects/lab1/out/libs/lpc_open/lpc_chip_43xx/src/sysinit_18xx_43xx.o
                0x000000001a001294                Chip_SetupCoreClock
 .text.Chip_UART_GetIndex
                0x000000001a0013ec       0x2c projects/lab1/out/libs/lpc_open/lpc_chip_43xx/src/uart_18xx_43xx.o
 .text.Chip_UART_Init
                0x000000001a001418       0x54 projects/lab1/out/libs/lpc_open/lpc_chip_43xx/src/uart_18xx_43xx.o
                0x000000001a001418                Chip_UART_Init
 .text.Chip_UART_SetBaudFDR
                0x000000001a00146c       0xdc projects/lab1/out/libs/lpc_open/lpc_chip_43xx/src/uart_18xx_43xx.o
                0x000000001a00146c                Chip_UART_SetBaudFDR
 .text.SystemInit
                0x000000001a001548       0x38 projects/lab1/out/libs/lpc_open/lpc_startup/src/sysinit.o
                0x000000001a001548                SystemInit
 .text          0x000000001a001580       0x30 /usr/lib/gcc/arm-none-eabi/11.2.0/thumb/v7e-m+fp/hard/libgcc.a(_aeabi_uldivmod.o)
                0x000000001a001580                __aeabi_uldivmod
 .text.__udivmoddi4
                0x000000001a0015b0      0x27a /usr/lib/gcc/arm-none-eabi/11.2.0/thumb/v7e-m+fp/hard/libgcc.a(_udivmoddi4.o)
                0x000000001a0015b0                __udivmoddi4
 *fill*         0x000000001a00182a        0x2 
 .text          0x000000001a00182c        0x4 /usr/lib/gcc/arm-none-eabi/11.2.0/thumb/v7e-m+fp/hard/libgcc.a(_dvmd_tls.o)
                0x000000001a00182c                __aeabi_ldiv0
                0x000000001a00182c                __aeabi_idiv0
 .text.__libc_init_array
                0x000000001a001830       0x48 /usr/lib/gcc/arm-none-eabi/11.2.0/../../../../arm-none-eabi/lib/thumb/v7e-m+fp/hard/libc_nano.a(lib_a-init.o)
                0x000000001a001830                __libc_init_array
 .text.memset   0x000000001a001878       0x10 /usr/lib/gcc/arm-none-eabi/11.2.0/../../../../arm-none-eabi/lib/thumb/v7e-m+fp/hard/libc_nano.a(lib_a-memset.o)
                0x000000001a001878                memset
 .text.printf   0x000000001a001888       0x30 /usr/lib/gcc/arm-none-eabi/11.2.0/../../../../arm-none-eabi/lib/thumb/v7e-m+fp/hard/libc_nano.a(lib_a-printf.o)
                0x000000001a001888                printf
                0x000000001a001888                iprintf
 .text.std      0x000000001a0018b8       0x48 /usr/lib/gcc/arm-none-eabi/11.2.0/../../../../arm-none-eabi/lib/thumb/v7e-m+fp/hard/libc_nano.a(lib_a-findfp.o)
 .text._cleanup_r
                0x000000001a001900        0xc /usr/lib/gcc/arm-none-eabi/11.2.0/../../../../arm-none-eabi/lib/thumb/v7e-m+fp/hard/libc_nano.a(lib_a-findfp.o)
                0x000000001a001900                _cleanup_r
 .text.__sfmoreglue
                0x000000001a00190c       0x2c /usr/lib/gcc/arm-none-eabi/11.2.0/../../../../arm-none-eabi/lib/thumb/v7e-m+fp/hard/libc_nano.a(lib_a-findfp.o)
                0x000000001a00190c                __sfmoreglue
 .text.__sfp_lock_acquire
                0x000000001a001938        0xc /usr/lib/gcc/arm-none-eabi/11.2.0/../../../../arm-none-eabi/lib/thumb/v7e-m+fp/hard/libc_nano.a(lib_a-findfp.o)
                0x000000001a001938                __sfp_lock_acquire
 .text.__sfp_lock_release
                0x000000001a001944        0xc /usr/lib/gcc/arm-none-eabi/11.2.0/../../../../arm-none-eabi/lib/thumb/v7e-m+fp/hard/libc_nano.a(lib_a-findfp.o)
                0x000000001a001944                __sfp_lock_release
 .text.__sinit_lock_acquire
                0x000000001a001950        0xc /usr/lib/gcc/arm-none-eabi/11.2.0/../../../../arm-none-eabi/lib/thumb/v7e-m+fp/hard/libc_nano.a(lib_a-findfp.o)
                0x000000001a001950                __sinit_lock_acquire
 .text.__sinit_lock_release
                0x000000001a00195c        0xc /usr/lib/gcc/arm-none-eabi/11.2.0/../../../../arm-none-eabi/lib/thumb/v7e-m+fp/hard/libc_nano.a(lib_a-findfp.o)
                0x000000001a00195c                __sinit_lock_release
 .text.__sinit  0x000000001a001968       0x70 /usr/lib/gcc/arm-none-eabi/11.2.0/../../../../arm-none-eabi/lib/thumb/v7e-m+fp/hard/libc_nano.a(lib_a-findfp.o)
                0x000000001a001968                __sinit
 .text.__sfp    0x000000001a0019d8       0x8c /usr/lib/gcc/arm-none-eabi/11.2.0/../../../../arm-none-eabi/lib/thumb/v7e-m+fp/hard/libc_nano.a(lib_a-findfp.o)
                0x000000001a0019d8                __sfp
 .text._fwalk_reent
                0x000000001a001a64       0x3e /usr/lib/gcc/arm-none-eabi/11.2.0/../../../../arm-none-eabi/lib/thumb/v7e-m+fp/hard/libc_nano.a(lib_a-fwalk.o)
                0x000000001a001a64                _fwalk_reent
 .text.__retarget_lock_init_recursive
                0x000000001a001aa2        0x2 /usr/lib/gcc/arm-none-eabi/11.2.0/../../../../arm-none-eabi/lib/thumb/v7e-m+fp/hard/libc_nano.a(lib_a-lock.o)
                0x000000001a001aa2                __retarget_lock_init_recursive
 .text.__retarget_lock_acquire_recursive
                0x000000001a001aa4        0x2 /usr/lib/gcc/arm-none-eabi/11.2.0/../../../../arm-none-eabi/lib/thumb/v7e-m+fp/hard/libc_nano.a(lib_a-lock.o)
                0x000000001a001aa4                __retarget_lock_acquire_recursive
 .text.__retarget_lock_release_recursive
                0x000000001a001aa6        0x2 /usr/lib/gcc/arm-none-eabi/11.2.0/../../../../arm-none-eabi/lib/thumb/v7e-m+fp/hard/libc_nano.a(lib_a-lock.o)
                0x000000001a001aa6                __retarget_lock_release_recursive
 .text._malloc_r
                0x000000001a001aa8       0xb4 /usr/lib/gcc/arm-none-eabi/11.2.0/../../../../arm-none-eabi/lib/thumb/v7e-m+fp/hard/libc_nano.a(lib_a-nano-mallocr.o)
                0x000000001a001aa8                _malloc_r
 .text.__sfputc_r
                0x000000001a001b5c       0x2e /usr/lib/gcc/arm-none-eabi/11.2.0/../../../../arm-none-eabi/lib/thumb/v7e-m+fp/hard/libc_nano.a(lib_a-nano-vfprintf.o)
 .text.__sfputs_r
                0x000000001a001b8a       0x24 /usr/lib/gcc/arm-none-eabi/11.2.0/../../../../arm-none-eabi/lib/thumb/v7e-m+fp/hard/libc_nano.a(lib_a-nano-vfprintf.o)
                0x000000001a001b8a                __sfputs_r
 *fill*         0x000000001a001bae        0x2 
 .text._vfprintf_r
                0x000000001a001bb0      0x260 /usr/lib/gcc/arm-none-eabi/11.2.0/../../../../arm-none-eabi/lib/thumb/v7e-m+fp/hard/libc_nano.a(lib_a-nano-vfprintf.o)
                0x000000001a001bb0                _vfiprintf_r
                0x000000001a001bb0                _vfprintf_r
 .text.__sread  0x000000001a001e10       0x22 /usr/lib/gcc/arm-none-eabi/11.2.0/../../../../arm-none-eabi/lib/thumb/v7e-m+fp/hard/libc_nano.a(lib_a-stdio.o)
                0x000000001a001e10                __sread
 .text.__swrite
                0x000000001a001e32       0x38 /usr/lib/gcc/arm-none-eabi/11.2.0/../../../../arm-none-eabi/lib/thumb/v7e-m+fp/hard/libc_nano.a(lib_a-stdio.o)
                0x000000001a001e32                __swrite
 .text.__sseek  0x000000001a001e6a       0x24 /usr/lib/gcc/arm-none-eabi/11.2.0/../../../../arm-none-eabi/lib/thumb/v7e-m+fp/hard/libc_nano.a(lib_a-stdio.o)
                0x000000001a001e6a                __sseek
 .text.__sclose
                0x000000001a001e8e        0x8 /usr/lib/gcc/arm-none-eabi/11.2.0/../../../../arm-none-eabi/lib/thumb/v7e-m+fp/hard/libc_nano.a(lib_a-stdio.o)
                0x000000001a001e8e                __sclose
 *fill*         0x000000001a001e96        0x2 
 .text.__swbuf_r
                0x000000001a001e98       0xa4 /usr/lib/gcc/arm-none-eabi/11.2.0/../../../../arm-none-eabi/lib/thumb/v7e-m+fp/hard/libc_nano.a(lib_a-wbuf.o)
                0x000000001a001e98                __swbuf_r
 .text.__swsetup_r
                0x000000001a001f3c       0xdc /usr/lib/gcc/arm-none-eabi/11.2.0/../../../../arm-none-eabi/lib/thumb/v7e-m+fp/hard/libc_nano.a(lib_a-wsetup.o)
                0x000000001a001f3c                __swsetup_r
 .text.__sflush_r
                0x000000001a002018      0x10c /usr/lib/gcc/arm-none-eabi/11.2.0/../../../../arm-none-eabi/lib/thumb/v7e-m+fp/hard/libc_nano.a(lib_a-fflush.o)
                0x000000001a002018                __sflush_r
 .text._fflush_r
                0x000000001a002124       0x78 /usr/lib/gcc/arm-none-eabi/11.2.0/../../../../arm-none-eabi/lib/thumb/v7e-m+fp/hard/libc_nano.a(lib_a-fflush.o)
                0x000000001a002124                _fflush_r
 .text.__swhatbuf_r
                0x000000001a00219c       0x4a /usr/lib/gcc/arm-none-eabi/11.2.0/../../../../arm-none-eabi/lib/thumb/v7e-m+fp/hard/libc_nano.a(lib_a-makebuf.o)
                0x000000001a00219c                __swhatbuf_r
 *fill*         0x000000001a0021e6        0x2 
 .text.__smakebuf_r
                0x000000001a0021e8       0x80 /usr/lib/gcc/arm-none-eabi/11.2.0/../../../../arm-none-eabi/lib/thumb/v7e-m+fp/hard/libc_nano.a(lib_a-makebuf.o)
                0x000000001a0021e8                __smakebuf_r
 *fill*         0x000000001a002268        0x8 
 .text          0x000000001a002270       0xa0 /usr/lib/gcc/arm-none-eabi/11.2.0/../../../../arm-none-eabi/lib/thumb/v7e-m+fp/hard/libc_nano.a(lib_a-memchr.o)
                0x000000001a002270                memchr
 .text.__malloc_lock
                0x000000001a002310        0xc /usr/lib/gcc/arm-none-eabi/11.2.0/../../../../arm-none-eabi/lib/thumb/v7e-m+fp/hard/libc_nano.a(lib_a-mlock.o)
                0x000000001a002310                __malloc_lock
 .text.__malloc_unlock
                0x000000001a00231c        0xc /usr/lib/gcc/arm-none-eabi/11.2.0/../../../../arm-none-eabi/lib/thumb/v7e-m+fp/hard/libc_nano.a(lib_a-mlock.o)
                0x000000001a00231c                __malloc_unlock
 .text._free_r  0x000000001a002328       0x98 /usr/lib/gcc/arm-none-eabi/11.2.0/../../../../arm-none-eabi/lib/thumb/v7e-m+fp/hard/libc_nano.a(lib_a-nano-freer.o)
                0x000000001a002328                _free_r
 .text._printf_common
                0x000000001a0023c0       0xda /usr/lib/gcc/arm-none-eabi/11.2.0/../../../../arm-none-eabi/lib/thumb/v7e-m+fp/hard/libc_nano.a(lib_a-nano-vfprintf_i.o)
                0x000000001a0023c0                _printf_common
 *fill*         0x000000001a00249a        0x2 
 .text._printf_i
                0x000000001a00249c      0x24c /usr/lib/gcc/arm-none-eabi/11.2.0/../../../../arm-none-eabi/lib/thumb/v7e-m+fp/hard/libc_nano.a(lib_a-nano-vfprintf_i.o)
                0x000000001a00249c                _printf_i
 *(.rodata .rodata.* .constdata .constdata.*)
 .rodata.translateError.str1.4
                0x000000001a0026e8       0x50 projects/lab1/out/projects/lab1/src/lab1.o
 .rodata.handleError.str1.4
                0x000000001a002738        0x3 projects/lab1/out/projects/lab1/src/lab1.o
 *fill*         0x000000001a00273b        0x1 
 .rodata.ExtRateIn
                0x000000001a00273c        0x4 projects/lab1/out/libs/lpc_open/boards/edu_ciaa_nxp/src/board.o
                0x000000001a00273c                ExtRateIn
 .rodata.GpioButtons
                0x000000001a002740        0x8 projects/lab1/out/libs/lpc_open/boards/edu_ciaa_nxp/src/board.o
 .rodata.GpioLeds
                0x000000001a002748        0xc projects/lab1/out/libs/lpc_open/boards/edu_ciaa_nxp/src/board.o
 .rodata.GpioPorts
                0x000000001a002754       0x12 projects/lab1/out/libs/lpc_open/boards/edu_ciaa_nxp/src/board.o
 *fill*         0x000000001a002766        0x2 
 .rodata.OscRateIn
                0x000000001a002768        0x4 projects/lab1/out/libs/lpc_open/boards/edu_ciaa_nxp/src/board.o
                0x000000001a002768                OscRateIn
 .rodata.InitClkStates
                0x000000001a00276c        0x4 projects/lab1/out/libs/lpc_open/boards/edu_ciaa_nxp/src/board_sysinit.o
 .rodata.pinmuxing
                0x000000001a002770       0x74 projects/lab1/out/libs/lpc_open/boards/edu_ciaa_nxp/src/board_sysinit.o
 .rodata.Chip_Clock_SetDivider.str1.4
                0x000000001a0027e4        0x6 projects/lab1/out/libs/lpc_open/lpc_chip_43xx/src/clock_18xx_43xx.o
 *fill*         0x000000001a0027ea        0x2 
 .rodata.periph_to_base
                0x000000001a0027ec       0x6c projects/lab1/out/libs/lpc_open/lpc_chip_43xx/src/clock_18xx_43xx.o
 .rodata.InitClkStates
                0x000000001a002858       0x48 projects/lab1/out/libs/lpc_open/lpc_chip_43xx/src/sysinit_18xx_43xx.o
 .rodata.UART_BClock
                0x000000001a0028a0        0x8 projects/lab1/out/libs/lpc_open/lpc_chip_43xx/src/uart_18xx_43xx.o
 .rodata.UART_PClock
                0x000000001a0028a8        0x8 projects/lab1/out/libs/lpc_open/lpc_chip_43xx/src/uart_18xx_43xx.o
 .rodata.__sf_fake_stderr
                0x000000001a0028b0       0x20 /usr/lib/gcc/arm-none-eabi/11.2.0/../../../../arm-none-eabi/lib/thumb/v7e-m+fp/hard/libc_nano.a(lib_a-findfp.o)
                0x000000001a0028b0                __sf_fake_stderr
 .rodata.__sf_fake_stdin
                0x000000001a0028d0       0x20 /usr/lib/gcc/arm-none-eabi/11.2.0/../../../../arm-none-eabi/lib/thumb/v7e-m+fp/hard/libc_nano.a(lib_a-findfp.o)
                0x000000001a0028d0                __sf_fake_stdin
 .rodata.__sf_fake_stdout
                0x000000001a0028f0       0x20 /usr/lib/gcc/arm-none-eabi/11.2.0/../../../../arm-none-eabi/lib/thumb/v7e-m+fp/hard/libc_nano.a(lib_a-findfp.o)
                0x000000001a0028f0                __sf_fake_stdout
 .rodata._global_impure_ptr
                0x000000001a002910        0x4 /usr/lib/gcc/arm-none-eabi/11.2.0/../../../../arm-none-eabi/lib/thumb/v7e-m+fp/hard/libc_nano.a(lib_a-impure.o)
                0x000000001a002910                _global_impure_ptr
 .rodata._vfprintf_r.str1.1
                0x000000001a002914       0x11 /usr/lib/gcc/arm-none-eabi/11.2.0/../../../../arm-none-eabi/lib/thumb/v7e-m+fp/hard/libc_nano.a(lib_a-nano-vfprintf.o)
 .rodata._printf_i.str1.1
                0x000000001a002925       0x22 /usr/lib/gcc/arm-none-eabi/11.2.0/../../../../arm-none-eabi/lib/thumb/v7e-m+fp/hard/libc_nano.a(lib_a-nano-vfprintf_i.o)
                0x000000001a002948                . = ALIGN (0x4)
 *fill*         0x000000001a002947        0x1 

.ARM.extab
 *(.ARM.extab* .gnu.linkonce.armextab.*)
                0x000000001a002948                __exidx_start = .

.ARM.exidx      0x000000001a002948        0x8
 *(.ARM.exidx* .gnu.linkonce.armexidx.*)
 .ARM.exidx.text.__udivmoddi4
                0x000000001a002948        0x8 /usr/lib/gcc/arm-none-eabi/11.2.0/thumb/v7e-m+fp/hard/libgcc.a(_udivmoddi4.o)
                0x000000001a002950                __exidx_end = .
                0x000000001a002950                _etext = .

.rel.dyn        0x000000001a002950        0x0
 .rel.iplt      0x000000001a002950        0x0 projects/lab1/out/projects/lab1/src/configuracion.o

.data_RAM2      0x0000000010080000        0x0 load address 0x000000001a002950
 FILL mask 0xff
 *(.ramfunc.$RAM2)
 *(.ramfunc.$RamLoc40)
 *(.data.$RAM2*)
 *(.data.$RamLoc40*)
                0x0000000010080000                . = ALIGN (0x4)

.data_RAM3      0x0000000020000000        0x0 load address 0x000000001a002950
 FILL mask 0xff
 *(.ramfunc.$RAM3)
 *(.ramfunc.$RamAHB32)
 *(.data.$RAM3*)
 *(.data.$RamAHB32*)
                0x0000000020000000                . = ALIGN (0x4)

.data_RAM4      0x0000000020008000        0x0 load address 0x000000001a002950
 FILL mask 0xff
 *(.ramfunc.$RAM4)
 *(.ramfunc.$RamAHB16)
 *(.data.$RAM4*)
 *(.data.$RamAHB16*)
                0x0000000020008000                . = ALIGN (0x4)

.data_RAM5      0x000000002000c000        0x0 load address 0x000000001a002950
 FILL mask 0xff
 *(.ramfunc.$RAM5)
 *(.ramfunc.$RamAHB_ETB16)
 *(.data.$RAM5*)
 *(.data.$RamAHB_ETB16*)
                0x000000002000c000                . = ALIGN (0x4)

.uninit_RESERVED
                0x0000000010000000        0x0
 *(.bss.$RESERVED*)
                0x0000000010000000                . = ALIGN (0x4)
                0x0000000010000000                _end_uninit_RESERVED = .

.data           0x0000000010000000       0x9c load address 0x000000001a002950
 FILL mask 0xff
                0x0000000010000000                _data = .
 *(vtable)
 *(.ramfunc*)
 *(.data*)
 .data.i2c      0x0000000010000000       0x38 projects/lab1/out/libs/lpc_open/lpc_chip_43xx/src/i2c_18xx_43xx.o
 .data._impure_ptr
                0x0000000010000038        0x4 /usr/lib/gcc/arm-none-eabi/11.2.0/../../../../arm-none-eabi/lib/thumb/v7e-m+fp/hard/libc_nano.a(lib_a-impure.o)
                0x0000000010000038                _impure_ptr
 .data.impure_data
                0x000000001000003c       0x60 /usr/lib/gcc/arm-none-eabi/11.2.0/../../../../arm-none-eabi/lib/thumb/v7e-m+fp/hard/libc_nano.a(lib_a-impure.o)
                0x000000001000009c                . = ALIGN (0x4)
                0x000000001000009c                _edata = .

.igot.plt       0x000000001000009c        0x0 load address 0x000000001a0029ec
 .igot.plt      0x000000001000009c        0x0 projects/lab1/out/projects/lab1/src/configuracion.o

.bss_RAM2       0x0000000010080000        0x0
 *(.bss.$RAM2*)
 *(.bss.$RamLoc40*)
                0x0000000010080000                . = ALIGN (0x4)

.bss_RAM3       0x0000000020000000        0x0
 *(.bss.$RAM3*)
 *(.bss.$RamAHB32*)
                0x0000000020000000                . = ALIGN (0x4)

.bss_RAM4       0x0000000020008000        0x0
 *(.bss.$RAM4*)
 *(.bss.$RamAHB16*)
                0x0000000020008000                . = ALIGN (0x4)

.bss_RAM5       0x000000002000c000        0x0
 *(.bss.$RAM5*)
 *(.bss.$RamAHB_ETB16*)
                0x000000002000c000                . = ALIGN (0x4)

.bss            0x000000001000009c       0x24
                0x000000001000009c                _bss = .
 *(.bss*)
 .bss.actualizar
                0x000000001000009c        0x1 projects/lab1/out/projects/lab1/src/lab1.o
 *fill*         0x000000001000009d        0x3 
 .bss.contador.0
                0x00000000100000a0        0x4 projects/lab1/out/projects/lab1/src/lab1.o
 .bss.heap_end.0
                0x00000000100000a4        0x4 projects/lab1/out/libs/sys_newlib//src/system.o
 .bss.SystemCoreClock
                0x00000000100000a8        0x4 projects/lab1/out/libs/lpc_open/lpc_chip_43xx/src/chip_18xx_43xx.o
                0x00000000100000a8                SystemCoreClock
 .bss.audio_usb_pll_freq
                0x00000000100000ac        0x8 projects/lab1/out/libs/lpc_open/lpc_chip_43xx/src/clock_18xx_43xx.o
 .bss.__lock___malloc_recursive_mutex
                0x00000000100000b4        0x1 /usr/lib/gcc/arm-none-eabi/11.2.0/../../../../arm-none-eabi/lib/thumb/v7e-m+fp/hard/libc_nano.a(lib_a-lock.o)
                0x00000000100000b4                __lock___malloc_recursive_mutex
 .bss.__lock___sfp_recursive_mutex
                0x00000000100000b5        0x1 /usr/lib/gcc/arm-none-eabi/11.2.0/../../../../arm-none-eabi/lib/thumb/v7e-m+fp/hard/libc_nano.a(lib_a-lock.o)
                0x00000000100000b5                __lock___sfp_recursive_mutex
 .bss.__lock___sinit_recursive_mutex
                0x00000000100000b6        0x1 /usr/lib/gcc/arm-none-eabi/11.2.0/../../../../arm-none-eabi/lib/thumb/v7e-m+fp/hard/libc_nano.a(lib_a-lock.o)
                0x00000000100000b6                __lock___sinit_recursive_mutex
 *fill*         0x00000000100000b7        0x1 
 .bss.__malloc_free_list
                0x00000000100000b8        0x4 /usr/lib/gcc/arm-none-eabi/11.2.0/../../../../arm-none-eabi/lib/thumb/v7e-m+fp/hard/libc_nano.a(lib_a-nano-mallocr.o)
                0x00000000100000b8                __malloc_free_list
 .bss.__malloc_sbrk_start
                0x00000000100000bc        0x4 /usr/lib/gcc/arm-none-eabi/11.2.0/../../../../arm-none-eabi/lib/thumb/v7e-m+fp/hard/libc_nano.a(lib_a-nano-mallocr.o)
                0x00000000100000bc                __malloc_sbrk_start
 *(COMMON)
                0x00000000100000c0                . = ALIGN (0x4)
                0x00000000100000c0                _ebss = .
                [!provide]                        PROVIDE (end = .)

.noinit_RAM2    0x0000000010080000        0x0
 *(.noinit.$RAM2*)
 *(.noinit.$RamLoc40*)
                0x0000000010080000                . = ALIGN (0x4)

.noinit_RAM3    0x0000000020000000        0x0
 *(.noinit.$RAM3*)
 *(.noinit.$RamAHB32*)
                0x0000000020000000                . = ALIGN (0x4)

.noinit_RAM4    0x0000000020008000        0x0
 *(.noinit.$RAM4*)
 *(.noinit.$RamAHB16*)
                0x0000000020008000                . = ALIGN (0x4)

.noinit_RAM5    0x000000002000c000        0x0
 *(.noinit.$RAM5*)
 *(.noinit.$RamAHB_ETB16*)
                0x000000002000c000                . = ALIGN (0x4)

.noinit         0x00000000100000c0        0x0
                0x00000000100000c0                _noinit = .
 *(.noinit*)
                0x00000000100000c0                . = ALIGN (0x4)
                0x00000000100000c0                _end_noinit = .
                0x00000000100000c0                PROVIDE (_pvHeapStart = .)
                0x0000000010008000                PROVIDE (_vStackTop = (__top_RamLoc32 - 0x0))
                0xffffffff53ff72ea                PROVIDE (__valid_user_code_checksum = (0x0 - ((((((_vStackTop + (Reset_Handler + 0x1)) + (NMI_Handler + 0x1)) + (HardFault_Handler + 0x1)) + (DEFINED (MemManage_Handler)?MemManage_Handler:0x0 + 0x1)) + (DEFINED (BusFault_Handler)?BusFault_Handler:0x0 + 0x1)) + (DEFINED (UsageFault_Handler)?UsageFault_Handler:0x0 + 0x1))))
OUTPUT(projects/lab1/out/lab1.elf elf32-littlearm)
LOAD linker stubs

.debug_info     0x0000000000000000     0xf6dc
 .debug_info    0x0000000000000000     0x1139 projects/lab1/out/projects/lab1/src/configuracion.o
 .debug_info    0x0000000000001139      0xabd projects/lab1/out/projects/lab1/src/lab1.o
 .debug_info    0x0000000000001bf6      0x323 projects/lab1/out/libs/cmsis_core//src/armv7m_startup.o
 .debug_info    0x0000000000001f19      0xfab projects/lab1/out/libs/sys_newlib//src/system.o
 .debug_info    0x0000000000002ec4      0xf98 projects/lab1/out/modules/drivers_bm//src/led.o
 .debug_info    0x0000000000003e5c     0x1b60 projects/lab1/out/libs/lpc_open/boards/edu_ciaa_nxp/src/board.o
 .debug_info    0x00000000000059bc      0xca9 projects/lab1/out/libs/lpc_open/boards/edu_ciaa_nxp/src/board_sysinit.o
 .debug_info    0x0000000000006665      0xb5f projects/lab1/out/libs/lpc_open/lpc_chip_43xx/src/adc_18xx_43xx.o
 .debug_info    0x00000000000071c4      0xca8 projects/lab1/out/libs/lpc_open/lpc_chip_43xx/src/chip_18xx_43xx.o
 .debug_info    0x0000000000007e6c     0x1a70 projects/lab1/out/libs/lpc_open/lpc_chip_43xx/src/clock_18xx_43xx.o
 .debug_info    0x00000000000098dc      0x1ce projects/lab1/out/libs/lpc_open/lpc_chip_43xx/src/gpio_18xx_43xx.o
 .debug_info    0x0000000000009aaa     0x1496 projects/lab1/out/libs/lpc_open/lpc_chip_43xx/src/i2c_18xx_43xx.o
 .debug_info    0x000000000000af40     0x190c projects/lab1/out/libs/lpc_open/lpc_chip_43xx/src/ssp_18xx_43xx.o
 .debug_info    0x000000000000c84c      0xadb projects/lab1/out/libs/lpc_open/lpc_chip_43xx/src/sysinit_18xx_43xx.o
 .debug_info    0x000000000000d327     0x189e projects/lab1/out/libs/lpc_open/lpc_chip_43xx/src/uart_18xx_43xx.o
 .debug_info    0x000000000000ebc5       0x41 projects/lab1/out/libs/lpc_open/lpc_startup/src/crp.o
 .debug_info    0x000000000000ec06      0x333 projects/lab1/out/libs/lpc_open/lpc_startup/src/sysinit.o
 .debug_info    0x000000000000ef39       0x77 projects/lab1/out/libs/lpc_open/lpc_startup/src/vendor_interrupt.o
 .debug_info    0x000000000000efb0       0x24 /usr/lib/gcc/arm-none-eabi/11.2.0/thumb/v7e-m+fp/hard/libgcc.a(_aeabi_uldivmod.o)
 .debug_info    0x000000000000efd4      0x6e4 /usr/lib/gcc/arm-none-eabi/11.2.0/thumb/v7e-m+fp/hard/libgcc.a(_udivmoddi4.o)
 .debug_info    0x000000000000f6b8       0x24 /usr/lib/gcc/arm-none-eabi/11.2.0/thumb/v7e-m+fp/hard/libgcc.a(_dvmd_tls.o)

.debug_abbrev   0x0000000000000000     0x2c9b
 .debug_abbrev  0x0000000000000000      0x27b projects/lab1/out/projects/lab1/src/configuracion.o
 .debug_abbrev  0x000000000000027b      0x227 projects/lab1/out/projects/lab1/src/lab1.o
 .debug_abbrev  0x00000000000004a2      0x14e projects/lab1/out/libs/cmsis_core//src/armv7m_startup.o
 .debug_abbrev  0x00000000000005f0      0x2e7 projects/lab1/out/libs/sys_newlib//src/system.o
 .debug_abbrev  0x00000000000008d7      0x249 projects/lab1/out/modules/drivers_bm//src/led.o
 .debug_abbrev  0x0000000000000b20      0x4b3 projects/lab1/out/libs/lpc_open/boards/edu_ciaa_nxp/src/board.o
 .debug_abbrev  0x0000000000000fd3      0x251 projects/lab1/out/libs/lpc_open/boards/edu_ciaa_nxp/src/board_sysinit.o
 .debug_abbrev  0x0000000000001224      0x21c projects/lab1/out/libs/lpc_open/lpc_chip_43xx/src/adc_18xx_43xx.o
 .debug_abbrev  0x0000000000001440      0x223 projects/lab1/out/libs/lpc_open/lpc_chip_43xx/src/chip_18xx_43xx.o
 .debug_abbrev  0x0000000000001663      0x3df projects/lab1/out/libs/lpc_open/lpc_chip_43xx/src/clock_18xx_43xx.o
 .debug_abbrev  0x0000000000001a42       0xe9 projects/lab1/out/libs/lpc_open/lpc_chip_43xx/src/gpio_18xx_43xx.o
 .debug_abbrev  0x0000000000001b2b      0x3c4 projects/lab1/out/libs/lpc_open/lpc_chip_43xx/src/i2c_18xx_43xx.o
 .debug_abbrev  0x0000000000001eef      0x3a4 projects/lab1/out/libs/lpc_open/lpc_chip_43xx/src/ssp_18xx_43xx.o
 .debug_abbrev  0x0000000000002293      0x244 projects/lab1/out/libs/lpc_open/lpc_chip_43xx/src/sysinit_18xx_43xx.o
 .debug_abbrev  0x00000000000024d7      0x43a projects/lab1/out/libs/lpc_open/lpc_chip_43xx/src/uart_18xx_43xx.o
 .debug_abbrev  0x0000000000002911       0x37 projects/lab1/out/libs/lpc_open/lpc_startup/src/crp.o
 .debug_abbrev  0x0000000000002948      0x13c projects/lab1/out/libs/lpc_open/lpc_startup/src/sysinit.o
 .debug_abbrev  0x0000000000002a84       0x76 projects/lab1/out/libs/lpc_open/lpc_startup/src/vendor_interrupt.o
 .debug_abbrev  0x0000000000002afa       0x14 /usr/lib/gcc/arm-none-eabi/11.2.0/thumb/v7e-m+fp/hard/libgcc.a(_aeabi_uldivmod.o)
 .debug_abbrev  0x0000000000002b0e      0x179 /usr/lib/gcc/arm-none-eabi/11.2.0/thumb/v7e-m+fp/hard/libgcc.a(_udivmoddi4.o)
 .debug_abbrev  0x0000000000002c87       0x14 /usr/lib/gcc/arm-none-eabi/11.2.0/thumb/v7e-m+fp/hard/libgcc.a(_dvmd_tls.o)

.debug_loclists
                0x0000000000000000     0x4de7
 .debug_loclists
                0x0000000000000000      0x4f0 projects/lab1/out/projects/lab1/src/configuracion.o
 .debug_loclists
                0x00000000000004f0      0x111 projects/lab1/out/projects/lab1/src/lab1.o
 .debug_loclists
                0x0000000000000601      0x17a projects/lab1/out/libs/cmsis_core//src/armv7m_startup.o
 .debug_loclists
                0x000000000000077b      0x3ec projects/lab1/out/libs/sys_newlib//src/system.o
 .debug_loclists
                0x0000000000000b67      0x7a0 projects/lab1/out/modules/drivers_bm//src/led.o
 .debug_loclists
                0x0000000000001307      0x426 projects/lab1/out/libs/lpc_open/boards/edu_ciaa_nxp/src/board.o
 .debug_loclists
                0x000000000000172d       0xb5 projects/lab1/out/libs/lpc_open/boards/edu_ciaa_nxp/src/board_sysinit.o
 .debug_loclists
                0x00000000000017e2      0x44b projects/lab1/out/libs/lpc_open/lpc_chip_43xx/src/adc_18xx_43xx.o
 .debug_loclists
                0x0000000000001c2d      0xd23 projects/lab1/out/libs/lpc_open/lpc_chip_43xx/src/clock_18xx_43xx.o
 .debug_loclists
                0x0000000000002950      0x94d projects/lab1/out/libs/lpc_open/lpc_chip_43xx/src/i2c_18xx_43xx.o
 .debug_loclists
                0x000000000000329d      0x927 projects/lab1/out/libs/lpc_open/lpc_chip_43xx/src/ssp_18xx_43xx.o
 .debug_loclists
                0x0000000000003bc4      0x12b projects/lab1/out/libs/lpc_open/lpc_chip_43xx/src/sysinit_18xx_43xx.o
 .debug_loclists
                0x0000000000003cef      0x8c4 projects/lab1/out/libs/lpc_open/lpc_chip_43xx/src/uart_18xx_43xx.o
 .debug_loclists
                0x00000000000045b3       0x17 projects/lab1/out/libs/lpc_open/lpc_startup/src/sysinit.o
 .debug_loclists
                0x00000000000045ca      0x81d /usr/lib/gcc/arm-none-eabi/11.2.0/thumb/v7e-m+fp/hard/libgcc.a(_udivmoddi4.o)

.debug_aranges  0x0000000000000000      0x848
 .debug_aranges
                0x0000000000000000       0x28 projects/lab1/out/projects/lab1/src/configuracion.o
 .debug_aranges
                0x0000000000000028       0x60 projects/lab1/out/projects/lab1/src/lab1.o
 .debug_aranges
                0x0000000000000088       0x90 projects/lab1/out/libs/cmsis_core//src/armv7m_startup.o
 .debug_aranges
                0x0000000000000118       0xe0 projects/lab1/out/libs/sys_newlib//src/system.o
 .debug_aranges
                0x00000000000001f8       0x38 projects/lab1/out/modules/drivers_bm//src/led.o
 .debug_aranges
                0x0000000000000230       0xc0 projects/lab1/out/libs/lpc_open/boards/edu_ciaa_nxp/src/board.o
 .debug_aranges
                0x00000000000002f0       0x30 projects/lab1/out/libs/lpc_open/boards/edu_ciaa_nxp/src/board_sysinit.o
 .debug_aranges
                0x0000000000000320       0x90 projects/lab1/out/libs/lpc_open/lpc_chip_43xx/src/adc_18xx_43xx.o
 .debug_aranges
                0x00000000000003b0       0x38 projects/lab1/out/libs/lpc_open/lpc_chip_43xx/src/chip_18xx_43xx.o
 .debug_aranges
                0x00000000000003e8      0x128 projects/lab1/out/libs/lpc_open/lpc_chip_43xx/src/clock_18xx_43xx.o
 .debug_aranges
                0x0000000000000510       0x28 projects/lab1/out/libs/lpc_open/lpc_chip_43xx/src/gpio_18xx_43xx.o
 .debug_aranges
                0x0000000000000538       0xd8 projects/lab1/out/libs/lpc_open/lpc_chip_43xx/src/i2c_18xx_43xx.o
 .debug_aranges
                0x0000000000000610       0xa0 projects/lab1/out/libs/lpc_open/lpc_chip_43xx/src/ssp_18xx_43xx.o
 .debug_aranges
                0x00000000000006b0       0x38 projects/lab1/out/libs/lpc_open/lpc_chip_43xx/src/sysinit_18xx_43xx.o
 .debug_aranges
                0x00000000000006e8       0xa8 projects/lab1/out/libs/lpc_open/lpc_chip_43xx/src/uart_18xx_43xx.o
 .debug_aranges
                0x0000000000000790       0x18 projects/lab1/out/libs/lpc_open/lpc_startup/src/crp.o
 .debug_aranges
                0x00000000000007a8       0x20 projects/lab1/out/libs/lpc_open/lpc_startup/src/sysinit.o
 .debug_aranges
                0x00000000000007c8       0x20 projects/lab1/out/libs/lpc_open/lpc_startup/src/vendor_interrupt.o
 .debug_aranges
                0x00000000000007e8       0x20 /usr/lib/gcc/arm-none-eabi/11.2.0/thumb/v7e-m+fp/hard/libgcc.a(_aeabi_uldivmod.o)
 .debug_aranges
                0x0000000000000808       0x20 /usr/lib/gcc/arm-none-eabi/11.2.0/thumb/v7e-m+fp/hard/libgcc.a(_udivmoddi4.o)
 .debug_aranges
                0x0000000000000828       0x20 /usr/lib/gcc/arm-none-eabi/11.2.0/thumb/v7e-m+fp/hard/libgcc.a(_dvmd_tls.o)

.debug_rnglists
                0x0000000000000000      0x6c0
 .debug_rnglists
                0x0000000000000000       0x19 projects/lab1/out/projects/lab1/src/configuracion.o
 .debug_rnglists
                0x0000000000000019       0x44 projects/lab1/out/projects/lab1/src/lab1.o
 .debug_rnglists
                0x000000000000005d       0x68 projects/lab1/out/libs/cmsis_core//src/armv7m_startup.o
 .debug_rnglists
                0x00000000000000c5       0xa3 projects/lab1/out/libs/sys_newlib//src/system.o
 .debug_rnglists
                0x0000000000000168       0x25 projects/lab1/out/modules/drivers_bm//src/led.o
 .debug_rnglists
                0x000000000000018d       0xaf projects/lab1/out/libs/lpc_open/boards/edu_ciaa_nxp/src/board.o
 .debug_rnglists
                0x000000000000023c       0x2b projects/lab1/out/libs/lpc_open/boards/edu_ciaa_nxp/src/board_sysinit.o
 .debug_rnglists
                0x0000000000000267       0x67 projects/lab1/out/libs/lpc_open/lpc_chip_43xx/src/adc_18xx_43xx.o
 .debug_rnglists
                0x00000000000002ce       0x25 projects/lab1/out/libs/lpc_open/lpc_chip_43xx/src/chip_18xx_43xx.o
 .debug_rnglists
                0x00000000000002f3      0x11b projects/lab1/out/libs/lpc_open/lpc_chip_43xx/src/clock_18xx_43xx.o
 .debug_rnglists
                0x000000000000040e       0x19 projects/lab1/out/libs/lpc_open/lpc_chip_43xx/src/gpio_18xx_43xx.o
 .debug_rnglists
                0x0000000000000427       0xa2 projects/lab1/out/libs/lpc_open/lpc_chip_43xx/src/i2c_18xx_43xx.o
 .debug_rnglists
                0x00000000000004c9       0xb4 projects/lab1/out/libs/lpc_open/lpc_chip_43xx/src/ssp_18xx_43xx.o
 .debug_rnglists
                0x000000000000057d       0x26 projects/lab1/out/libs/lpc_open/lpc_chip_43xx/src/sysinit_18xx_43xx.o
 .debug_rnglists
                0x00000000000005a3       0x86 projects/lab1/out/libs/lpc_open/lpc_chip_43xx/src/uart_18xx_43xx.o
 .debug_rnglists
                0x0000000000000629       0x13 projects/lab1/out/libs/lpc_open/lpc_startup/src/sysinit.o
 .debug_rnglists
                0x000000000000063c       0x13 projects/lab1/out/libs/lpc_open/lpc_startup/src/vendor_interrupt.o
 .debug_rnglists
                0x000000000000064f       0x71 /usr/lib/gcc/arm-none-eabi/11.2.0/thumb/v7e-m+fp/hard/libgcc.a(_udivmoddi4.o)

.debug_macro    0x0000000000000000     0x9119
 .debug_macro   0x0000000000000000      0x325 projects/lab1/out/projects/lab1/src/configuracion.o
 .debug_macro   0x0000000000000325      0xaba projects/lab1/out/projects/lab1/src/configuracion.o
 .debug_macro   0x0000000000000ddf       0x10 projects/lab1/out/projects/lab1/src/configuracion.o
 .debug_macro   0x0000000000000def       0x22 projects/lab1/out/projects/lab1/src/configuracion.o
 .debug_macro   0x0000000000000e11       0x56 projects/lab1/out/projects/lab1/src/configuracion.o
 .debug_macro   0x0000000000000e67       0x51 projects/lab1/out/projects/lab1/src/configuracion.o
 .debug_macro   0x0000000000000eb8      0x103 projects/lab1/out/projects/lab1/src/configuracion.o
 .debug_macro   0x0000000000000fbb       0x6a projects/lab1/out/projects/lab1/src/configuracion.o
 .debug_macro   0x0000000000001025      0x1df projects/lab1/out/projects/lab1/src/configuracion.o
 .debug_macro   0x0000000000001204       0x22 projects/lab1/out/projects/lab1/src/configuracion.o
 .debug_macro   0x0000000000001226       0x73 projects/lab1/out/projects/lab1/src/configuracion.o
 .debug_macro   0x0000000000001299       0x22 projects/lab1/out/projects/lab1/src/configuracion.o
 .debug_macro   0x00000000000012bb       0x1c projects/lab1/out/projects/lab1/src/configuracion.o
 .debug_macro   0x00000000000012d7       0x22 projects/lab1/out/projects/lab1/src/configuracion.o
 .debug_macro   0x00000000000012f9       0xd9 projects/lab1/out/projects/lab1/src/configuracion.o
 .debug_macro   0x00000000000013d2     0x102d projects/lab1/out/projects/lab1/src/configuracion.o
 .debug_macro   0x00000000000023ff      0x11f projects/lab1/out/projects/lab1/src/configuracion.o
 .debug_macro   0x000000000000251e      0x2c3 projects/lab1/out/projects/lab1/src/configuracion.o
 .debug_macro   0x00000000000027e1      0x112 projects/lab1/out/projects/lab1/src/configuracion.o
 .debug_macro   0x00000000000028f3       0x11 projects/lab1/out/projects/lab1/src/configuracion.o
 .debug_macro   0x0000000000002904       0x2a projects/lab1/out/projects/lab1/src/configuracion.o
 .debug_macro   0x000000000000292e       0x16 projects/lab1/out/projects/lab1/src/configuracion.o
 .debug_macro   0x0000000000002944      0x2e6 projects/lab1/out/projects/lab1/src/configuracion.o
 .debug_macro   0x0000000000002c2a       0x82 projects/lab1/out/projects/lab1/src/configuracion.o
 .debug_macro   0x0000000000002cac      0x13d projects/lab1/out/projects/lab1/src/configuracion.o
 .debug_macro   0x0000000000002de9      0x198 projects/lab1/out/projects/lab1/src/configuracion.o
 .debug_macro   0x0000000000002f81       0x34 projects/lab1/out/projects/lab1/src/configuracion.o
 .debug_macro   0x0000000000002fb5       0x58 projects/lab1/out/projects/lab1/src/configuracion.o
 .debug_macro   0x000000000000300d      0x236 projects/lab1/out/projects/lab1/src/configuracion.o
 .debug_macro   0x0000000000003243      0x572 projects/lab1/out/projects/lab1/src/configuracion.o
 .debug_macro   0x00000000000037b5       0x16 projects/lab1/out/projects/lab1/src/configuracion.o
 .debug_macro   0x00000000000037cb      0x18a projects/lab1/out/projects/lab1/src/configuracion.o
 .debug_macro   0x0000000000003955       0x88 projects/lab1/out/projects/lab1/src/configuracion.o
 .debug_macro   0x00000000000039dd      0x1b9 projects/lab1/out/projects/lab1/src/configuracion.o
 .debug_macro   0x0000000000003b96      0x1da projects/lab1/out/projects/lab1/src/configuracion.o
 .debug_macro   0x0000000000003d70       0x40 projects/lab1/out/projects/lab1/src/configuracion.o
 .debug_macro   0x0000000000003db0       0x1c projects/lab1/out/projects/lab1/src/configuracion.o
 .debug_macro   0x0000000000003dcc       0x2e projects/lab1/out/projects/lab1/src/configuracion.o
 .debug_macro   0x0000000000003dfa       0x2e projects/lab1/out/projects/lab1/src/configuracion.o
 .debug_macro   0x0000000000003e28       0x22 projects/lab1/out/projects/lab1/src/configuracion.o
 .debug_macro   0x0000000000003e4a      0x201 projects/lab1/out/projects/lab1/src/configuracion.o
 .debug_macro   0x000000000000404b       0xe0 projects/lab1/out/projects/lab1/src/configuracion.o
 .debug_macro   0x000000000000412b      0x34c projects/lab1/out/projects/lab1/src/configuracion.o
 .debug_macro   0x0000000000004477       0xdc projects/lab1/out/projects/lab1/src/configuracion.o
 .debug_macro   0x0000000000004553       0xc4 projects/lab1/out/projects/lab1/src/configuracion.o
 .debug_macro   0x0000000000004617       0x8f projects/lab1/out/projects/lab1/src/configuracion.o
 .debug_macro   0x00000000000046a6       0x94 projects/lab1/out/projects/lab1/src/configuracion.o
 .debug_macro   0x000000000000473a       0xb8 projects/lab1/out/projects/lab1/src/configuracion.o
 .debug_macro   0x00000000000047f2       0x4c projects/lab1/out/projects/lab1/src/configuracion.o
 .debug_macro   0x000000000000483e       0x16 projects/lab1/out/projects/lab1/src/configuracion.o
 .debug_macro   0x0000000000004854      0x328 projects/lab1/out/projects/lab1/src/configuracion.o
 .debug_macro   0x0000000000004b7c       0x3a projects/lab1/out/projects/lab1/src/configuracion.o
 .debug_macro   0x0000000000004bb6       0xd0 projects/lab1/out/projects/lab1/src/configuracion.o
 .debug_macro   0x0000000000004c86       0x18 projects/lab1/out/projects/lab1/src/configuracion.o
 .debug_macro   0x0000000000004c9e       0x22 projects/lab1/out/projects/lab1/src/configuracion.o
 .debug_macro   0x0000000000004cc0       0x40 projects/lab1/out/projects/lab1/src/configuracion.o
 .debug_macro   0x0000000000004d00      0x465 projects/lab1/out/projects/lab1/src/lab1.o
 .debug_macro   0x0000000000005165       0x1e projects/lab1/out/projects/lab1/src/lab1.o
 .debug_macro   0x0000000000005183       0x5e projects/lab1/out/projects/lab1/src/lab1.o
 .debug_macro   0x00000000000051e1       0x5c projects/lab1/out/projects/lab1/src/lab1.o
 .debug_macro   0x000000000000523d       0x35 projects/lab1/out/projects/lab1/src/lab1.o
 .debug_macro   0x0000000000005272       0x34 projects/lab1/out/projects/lab1/src/lab1.o
 .debug_macro   0x00000000000052a6       0x16 projects/lab1/out/projects/lab1/src/lab1.o
 .debug_macro   0x00000000000052bc      0x10e projects/lab1/out/projects/lab1/src/lab1.o
 .debug_macro   0x00000000000053ca       0x86 projects/lab1/out/projects/lab1/src/lab1.o
 .debug_macro   0x0000000000005450       0x16 projects/lab1/out/projects/lab1/src/lab1.o
 .debug_macro   0x0000000000005466       0x43 projects/lab1/out/projects/lab1/src/lab1.o
 .debug_macro   0x00000000000054a9       0x57 projects/lab1/out/projects/lab1/src/lab1.o
 .debug_macro   0x0000000000005500       0x34 projects/lab1/out/projects/lab1/src/lab1.o
 .debug_macro   0x0000000000005534       0x10 projects/lab1/out/projects/lab1/src/lab1.o
 .debug_macro   0x0000000000005544       0x58 projects/lab1/out/projects/lab1/src/lab1.o
 .debug_macro   0x000000000000559c      0x182 projects/lab1/out/projects/lab1/src/lab1.o
 .debug_macro   0x000000000000571e      0x35d projects/lab1/out/projects/lab1/src/lab1.o
 .debug_macro   0x0000000000005a7b       0x22 projects/lab1/out/projects/lab1/src/lab1.o
 .debug_macro   0x0000000000005a9d       0x6c projects/lab1/out/projects/lab1/src/lab1.o
 .debug_macro   0x0000000000005b09       0x11 projects/lab1/out/projects/lab1/src/lab1.o
 .debug_macro   0x0000000000005b1a       0x16 projects/lab1/out/projects/lab1/src/lab1.o
 .debug_macro   0x0000000000005b30       0x16 projects/lab1/out/projects/lab1/src/lab1.o
 .debug_macro   0x0000000000005b46       0x35 projects/lab1/out/projects/lab1/src/lab1.o
 .debug_macro   0x0000000000005b7b       0x1c projects/lab1/out/projects/lab1/src/lab1.o
 .debug_macro   0x0000000000005b97       0x10 projects/lab1/out/projects/lab1/src/lab1.o
 .debug_macro   0x0000000000005ba7       0xbe projects/lab1/out/projects/lab1/src/lab1.o
 .debug_macro   0x0000000000005c65       0x16 projects/lab1/out/projects/lab1/src/lab1.o
 .debug_macro   0x0000000000005c7b      0x129 projects/lab1/out/projects/lab1/src/lab1.o
 .debug_macro   0x0000000000005da4       0x1d projects/lab1/out/libs/cmsis_core//src/armv7m_startup.o
 .debug_macro   0x0000000000005dc1      0x162 projects/lab1/out/libs/sys_newlib//src/system.o
 .debug_macro   0x0000000000005f23      0x16d projects/lab1/out/libs/sys_newlib//src/system.o
 .debug_macro   0x0000000000006090       0x10 projects/lab1/out/libs/sys_newlib//src/system.o
 .debug_macro   0x00000000000060a0       0x10 projects/lab1/out/libs/sys_newlib//src/system.o
 .debug_macro   0x00000000000060b0      0x241 projects/lab1/out/libs/sys_newlib//src/system.o
 .debug_macro   0x00000000000062f1       0x10 projects/lab1/out/libs/sys_newlib//src/system.o
 .debug_macro   0x0000000000006301       0xb2 projects/lab1/out/libs/sys_newlib//src/system.o
 .debug_macro   0x00000000000063b3      0x105 projects/lab1/out/libs/sys_newlib//src/system.o
 .debug_macro   0x00000000000064b8       0x16 projects/lab1/out/libs/sys_newlib//src/system.o
 .debug_macro   0x00000000000064ce      0x3c0 projects/lab1/out/modules/drivers_bm//src/led.o
 .debug_macro   0x000000000000688e       0x10 projects/lab1/out/modules/drivers_bm//src/led.o
 .debug_macro   0x000000000000689e      0x432 projects/lab1/out/libs/lpc_open/boards/edu_ciaa_nxp/src/board.o
 .debug_macro   0x0000000000006cd0       0x64 projects/lab1/out/libs/lpc_open/boards/edu_ciaa_nxp/src/board.o
 .debug_macro   0x0000000000006d34       0x16 projects/lab1/out/libs/lpc_open/boards/edu_ciaa_nxp/src/board.o
 .debug_macro   0x0000000000006d4a       0x97 projects/lab1/out/libs/lpc_open/boards/edu_ciaa_nxp/src/board.o
 .debug_macro   0x0000000000006de1       0xf6 projects/lab1/out/libs/lpc_open/boards/edu_ciaa_nxp/src/board.o
 .debug_macro   0x0000000000006ed7       0x20 projects/lab1/out/libs/lpc_open/boards/edu_ciaa_nxp/src/board.o
 .debug_macro   0x0000000000006ef7       0xee projects/lab1/out/libs/lpc_open/boards/edu_ciaa_nxp/src/board.o
 .debug_macro   0x0000000000006fe5      0x420 projects/lab1/out/libs/lpc_open/boards/edu_ciaa_nxp/src/board_sysinit.o
 .debug_macro   0x0000000000007405      0x315 projects/lab1/out/libs/lpc_open/lpc_chip_43xx/src/adc_18xx_43xx.o
 .debug_macro   0x000000000000771a      0x315 projects/lab1/out/libs/lpc_open/lpc_chip_43xx/src/chip_18xx_43xx.o
 .debug_macro   0x0000000000007a2f      0x31b projects/lab1/out/libs/lpc_open/lpc_chip_43xx/src/clock_18xx_43xx.o
 .debug_macro   0x0000000000007d4a      0x315 projects/lab1/out/libs/lpc_open/lpc_chip_43xx/src/gpio_18xx_43xx.o
 .debug_macro   0x000000000000805f      0x327 projects/lab1/out/libs/lpc_open/lpc_chip_43xx/src/i2c_18xx_43xx.o
 .debug_macro   0x0000000000008386      0x315 projects/lab1/out/libs/lpc_open/lpc_chip_43xx/src/ssp_18xx_43xx.o
 .debug_macro   0x000000000000869b      0x315 projects/lab1/out/libs/lpc_open/lpc_chip_43xx/src/sysinit_18xx_43xx.o
 .debug_macro   0x00000000000089b0      0x315 projects/lab1/out/libs/lpc_open/lpc_chip_43xx/src/uart_18xx_43xx.o
 .debug_macro   0x0000000000008cc5       0x17 projects/lab1/out/libs/lpc_open/lpc_startup/src/crp.o
 .debug_macro   0x0000000000008cdc      0x420 projects/lab1/out/libs/lpc_open/lpc_startup/src/sysinit.o
 .debug_macro   0x00000000000090fc       0x1d projects/lab1/out/libs/lpc_open/lpc_startup/src/vendor_interrupt.o

.debug_line     0x0000000000000000     0xab20
 .debug_line    0x0000000000000000      0x8f2 projects/lab1/out/projects/lab1/src/configuracion.o
 .debug_line    0x00000000000008f2      0x982 projects/lab1/out/projects/lab1/src/lab1.o
 .debug_line    0x0000000000001274      0x2ac projects/lab1/out/libs/cmsis_core//src/armv7m_startup.o
 .debug_line    0x0000000000001520      0x593 projects/lab1/out/libs/sys_newlib//src/system.o
 .debug_line    0x0000000000001ab3      0xb0b projects/lab1/out/modules/drivers_bm//src/led.o
 .debug_line    0x00000000000025be      0xcf3 projects/lab1/out/libs/lpc_open/boards/edu_ciaa_nxp/src/board.o
 .debug_line    0x00000000000032b1      0x851 projects/lab1/out/libs/lpc_open/boards/edu_ciaa_nxp/src/board_sysinit.o
 .debug_line    0x0000000000003b02      0x9a4 projects/lab1/out/libs/lpc_open/lpc_chip_43xx/src/adc_18xx_43xx.o
 .debug_line    0x00000000000044a6      0x6d4 projects/lab1/out/libs/lpc_open/lpc_chip_43xx/src/chip_18xx_43xx.o
 .debug_line    0x0000000000004b7a     0x1397 projects/lab1/out/libs/lpc_open/lpc_chip_43xx/src/clock_18xx_43xx.o
 .debug_line    0x0000000000005f11      0x646 projects/lab1/out/libs/lpc_open/lpc_chip_43xx/src/gpio_18xx_43xx.o
 .debug_line    0x0000000000006557      0xf80 projects/lab1/out/libs/lpc_open/lpc_chip_43xx/src/i2c_18xx_43xx.o
 .debug_line    0x00000000000074d7     0x11ae projects/lab1/out/libs/lpc_open/lpc_chip_43xx/src/ssp_18xx_43xx.o
 .debug_line    0x0000000000008685      0x886 projects/lab1/out/libs/lpc_open/lpc_chip_43xx/src/sysinit_18xx_43xx.o
 .debug_line    0x0000000000008f0b      0xe22 projects/lab1/out/libs/lpc_open/lpc_chip_43xx/src/uart_18xx_43xx.o
 .debug_line    0x0000000000009d2d       0x44 projects/lab1/out/libs/lpc_open/lpc_startup/src/crp.o
 .debug_line    0x0000000000009d71      0x77f projects/lab1/out/libs/lpc_open/lpc_startup/src/sysinit.o
 .debug_line    0x000000000000a4f0       0x76 projects/lab1/out/libs/lpc_open/lpc_startup/src/vendor_interrupt.o
 .debug_line    0x000000000000a566       0x4e /usr/lib/gcc/arm-none-eabi/11.2.0/thumb/v7e-m+fp/hard/libgcc.a(_aeabi_uldivmod.o)
 .debug_line    0x000000000000a5b4      0x522 /usr/lib/gcc/arm-none-eabi/11.2.0/thumb/v7e-m+fp/hard/libgcc.a(_udivmoddi4.o)
 .debug_line    0x000000000000aad6       0x4a /usr/lib/gcc/arm-none-eabi/11.2.0/thumb/v7e-m+fp/hard/libgcc.a(_dvmd_tls.o)

.debug_str      0x0000000000000000    0x1e849
 .debug_str     0x0000000000000000    0x16bd5 projects/lab1/out/projects/lab1/src/configuracion.o
                                      0x16e33 (size before relaxing)
 .debug_str     0x0000000000016bd5     0x3f10 projects/lab1/out/projects/lab1/src/lab1.o
                                      0x1a7a7 (size before relaxing)
 .debug_str     0x000000000001aae5      0x224 projects/lab1/out/libs/cmsis_core//src/armv7m_startup.o
                                       0x301b (size before relaxing)
 .debug_str     0x000000000001ad09      0xbf9 projects/lab1/out/libs/sys_newlib//src/system.o
                                       0x6c88 (size before relaxing)
 .debug_str     0x000000000001b902      0x26a projects/lab1/out/modules/drivers_bm//src/led.o
                                      0x16bf2 (size before relaxing)
 .debug_str     0x000000000001bb6c      0xd2b projects/lab1/out/libs/lpc_open/boards/edu_ciaa_nxp/src/board.o
                                      0x1b381 (size before relaxing)
 .debug_str     0x000000000001c897      0x336 projects/lab1/out/libs/lpc_open/boards/edu_ciaa_nxp/src/board_sysinit.o
                                      0x1aca2 (size before relaxing)
 .debug_str     0x000000000001cbcd      0x16d projects/lab1/out/libs/lpc_open/lpc_chip_43xx/src/adc_18xx_43xx.o
                                      0x170aa (size before relaxing)
 .debug_str     0x000000000001cd3a      0x15a projects/lab1/out/libs/lpc_open/lpc_chip_43xx/src/chip_18xx_43xx.o
                                      0x1766c (size before relaxing)
 .debug_str     0x000000000001ce94      0x4f3 projects/lab1/out/libs/lpc_open/lpc_chip_43xx/src/clock_18xx_43xx.o
                                      0x17ae6 (size before relaxing)
 .debug_str     0x000000000001d387       0x42 projects/lab1/out/libs/lpc_open/lpc_chip_43xx/src/gpio_18xx_43xx.o
                                      0x16861 (size before relaxing)
 .debug_str     0x000000000001d3c9      0x585 projects/lab1/out/libs/lpc_open/lpc_chip_43xx/src/i2c_18xx_43xx.o
                                      0x17841 (size before relaxing)
 .debug_str     0x000000000001d94e      0x3e8 projects/lab1/out/libs/lpc_open/lpc_chip_43xx/src/ssp_18xx_43xx.o
                                      0x172a0 (size before relaxing)
 .debug_str     0x000000000001dd36       0xbc projects/lab1/out/libs/lpc_open/lpc_chip_43xx/src/sysinit_18xx_43xx.o
                                      0x17560 (size before relaxing)
 .debug_str     0x000000000001ddf2      0x37c projects/lab1/out/libs/lpc_open/lpc_chip_43xx/src/uart_18xx_43xx.o
                                      0x17720 (size before relaxing)
 .debug_str     0x000000000001e16e       0x43 projects/lab1/out/libs/lpc_open/lpc_startup/src/crp.o
                                       0x2e09 (size before relaxing)
 .debug_str     0x000000000001e1b1       0x65 projects/lab1/out/libs/lpc_open/lpc_startup/src/sysinit.o
                                      0x19f74 (size before relaxing)
 .debug_str     0x000000000001e216       0x56 projects/lab1/out/libs/lpc_open/lpc_startup/src/vendor_interrupt.o
                                       0x2e64 (size before relaxing)
 .debug_str     0x000000000001e26c       0x66 /usr/lib/gcc/arm-none-eabi/11.2.0/thumb/v7e-m+fp/hard/libgcc.a(_aeabi_uldivmod.o)
 .debug_str     0x000000000001e2d2      0x56b /usr/lib/gcc/arm-none-eabi/11.2.0/thumb/v7e-m+fp/hard/libgcc.a(_udivmoddi4.o)
                                        0x66b (size before relaxing)
 .debug_str     0x000000000001e83d        0xc /usr/lib/gcc/arm-none-eabi/11.2.0/thumb/v7e-m+fp/hard/libgcc.a(_dvmd_tls.o)
                                         0x6a (size before relaxing)

.comment        0x0000000000000000       0x1e
 .comment       0x0000000000000000       0x1e projects/lab1/out/projects/lab1/src/configuracion.o
                                         0x1f (size before relaxing)
 .comment       0x000000000000001e       0x1f projects/lab1/out/projects/lab1/src/lab1.o
 .comment       0x000000000000001e       0x1f projects/lab1/out/libs/cmsis_core//src/armv7m_startup.o
 .comment       0x000000000000001e       0x1f projects/lab1/out/libs/sys_newlib//src/system.o
 .comment       0x000000000000001e       0x1f projects/lab1/out/modules/drivers_bm//src/led.o
 .comment       0x000000000000001e       0x1f projects/lab1/out/libs/lpc_open/boards/edu_ciaa_nxp/src/board.o
 .comment       0x000000000000001e       0x1f projects/lab1/out/libs/lpc_open/boards/edu_ciaa_nxp/src/board_sysinit.o
 .comment       0x000000000000001e       0x1f projects/lab1/out/libs/lpc_open/lpc_chip_43xx/src/adc_18xx_43xx.o
 .comment       0x000000000000001e       0x1f projects/lab1/out/libs/lpc_open/lpc_chip_43xx/src/chip_18xx_43xx.o
 .comment       0x000000000000001e       0x1f projects/lab1/out/libs/lpc_open/lpc_chip_43xx/src/clock_18xx_43xx.o
 .comment       0x000000000000001e       0x1f projects/lab1/out/libs/lpc_open/lpc_chip_43xx/src/gpio_18xx_43xx.o
 .comment       0x000000000000001e       0x1f projects/lab1/out/libs/lpc_open/lpc_chip_43xx/src/i2c_18xx_43xx.o
 .comment       0x000000000000001e       0x1f projects/lab1/out/libs/lpc_open/lpc_chip_43xx/src/ssp_18xx_43xx.o
 .comment       0x000000000000001e       0x1f projects/lab1/out/libs/lpc_open/lpc_chip_43xx/src/sysinit_18xx_43xx.o
 .comment       0x000000000000001e       0x1f projects/lab1/out/libs/lpc_open/lpc_chip_43xx/src/uart_18xx_43xx.o
 .comment       0x000000000000001e       0x1f projects/lab1/out/libs/lpc_open/lpc_startup/src/crp.o
 .comment       0x000000000000001e       0x1f projects/lab1/out/libs/lpc_open/lpc_startup/src/sysinit.o
 .comment       0x000000000000001e       0x1f projects/lab1/out/libs/lpc_open/lpc_startup/src/vendor_interrupt.o
 .comment       0x000000000000001e       0x1f /usr/lib/gcc/arm-none-eabi/11.2.0/thumb/v7e-m+fp/hard/libgcc.a(_udivmoddi4.o)

.ARM.attributes
                0x0000000000000000       0x32
 .ARM.attributes
                0x0000000000000000       0x34 projects/lab1/out/projects/lab1/src/configuracion.o
 .ARM.attributes
                0x0000000000000034       0x34 projects/lab1/out/projects/lab1/src/lab1.o
 .ARM.attributes
                0x0000000000000068       0x34 projects/lab1/out/libs/cmsis_core//src/armv7m_startup.o
 .ARM.attributes
                0x000000000000009c       0x34 projects/lab1/out/libs/sys_newlib//src/system.o
 .ARM.attributes
                0x00000000000000d0       0x34 projects/lab1/out/modules/drivers_bm//src/led.o
 .ARM.attributes
                0x0000000000000104       0x34 projects/lab1/out/libs/lpc_open/boards/edu_ciaa_nxp/src/board.o
 .ARM.attributes
                0x0000000000000138       0x34 projects/lab1/out/libs/lpc_open/boards/edu_ciaa_nxp/src/board_sysinit.o
 .ARM.attributes
                0x000000000000016c       0x34 projects/lab1/out/libs/lpc_open/lpc_chip_43xx/src/adc_18xx_43xx.o
 .ARM.attributes
                0x00000000000001a0       0x34 projects/lab1/out/libs/lpc_open/lpc_chip_43xx/src/chip_18xx_43xx.o
 .ARM.attributes
                0x00000000000001d4       0x34 projects/lab1/out/libs/lpc_open/lpc_chip_43xx/src/clock_18xx_43xx.o
 .ARM.attributes
                0x0000000000000208       0x34 projects/lab1/out/libs/lpc_open/lpc_chip_43xx/src/gpio_18xx_43xx.o
 .ARM.attributes
                0x000000000000023c       0x34 projects/lab1/out/libs/lpc_open/lpc_chip_43xx/src/i2c_18xx_43xx.o
 .ARM.attributes
                0x0000000000000270       0x34 projects/lab1/out/libs/lpc_open/lpc_chip_43xx/src/ssp_18xx_43xx.o
 .ARM.attributes
                0x00000000000002a4       0x34 projects/lab1/out/libs/lpc_open/lpc_chip_43xx/src/sysinit_18xx_43xx.o
 .ARM.attributes
                0x00000000000002d8       0x34 projects/lab1/out/libs/lpc_open/lpc_chip_43xx/src/uart_18xx_43xx.o
 .ARM.attributes
                0x000000000000030c       0x39 projects/lab1/out/libs/lpc_open/lpc_startup/src/crp.o
 .ARM.attributes
                0x0000000000000345       0x34 projects/lab1/out/libs/lpc_open/lpc_startup/src/sysinit.o
 .ARM.attributes
                0x0000000000000379       0x34 projects/lab1/out/libs/lpc_open/lpc_startup/src/vendor_interrupt.o
 .ARM.attributes
                0x00000000000003ad       0x1e /usr/lib/gcc/arm-none-eabi/11.2.0/thumb/v7e-m+fp/hard/libgcc.a(_aeabi_uldivmod.o)
 .ARM.attributes
                0x00000000000003cb       0x34 /usr/lib/gcc/arm-none-eabi/11.2.0/thumb/v7e-m+fp/hard/libgcc.a(_udivmoddi4.o)
 .ARM.attributes
                0x00000000000003ff       0x1e /usr/lib/gcc/arm-none-eabi/11.2.0/thumb/v7e-m+fp/hard/libgcc.a(_dvmd_tls.o)
 .ARM.attributes
                0x000000000000041d       0x34 /usr/lib/gcc/arm-none-eabi/11.2.0/../../../../arm-none-eabi/lib/thumb/v7e-m+fp/hard/libc_nano.a(lib_a-init.o)
 .ARM.attributes
                0x0000000000000451       0x34 /usr/lib/gcc/arm-none-eabi/11.2.0/../../../../arm-none-eabi/lib/thumb/v7e-m+fp/hard/libc_nano.a(lib_a-memset.o)
 .ARM.attributes
                0x0000000000000485       0x34 /usr/lib/gcc/arm-none-eabi/11.2.0/../../../../arm-none-eabi/lib/thumb/v7e-m+fp/hard/libc_nano.a(lib_a-printf.o)
 .ARM.attributes
                0x00000000000004b9       0x34 /usr/lib/gcc/arm-none-eabi/11.2.0/../../../../arm-none-eabi/lib/thumb/v7e-m+fp/hard/libc_nano.a(lib_a-findfp.o)
 .ARM.attributes
                0x00000000000004ed       0x34 /usr/lib/gcc/arm-none-eabi/11.2.0/../../../../arm-none-eabi/lib/thumb/v7e-m+fp/hard/libc_nano.a(lib_a-fwalk.o)
 .ARM.attributes
                0x0000000000000521       0x32 /usr/lib/gcc/arm-none-eabi/11.2.0/../../../../arm-none-eabi/lib/thumb/v7e-m+fp/hard/libc_nano.a(lib_a-impure.o)
 .ARM.attributes
                0x0000000000000553       0x34 /usr/lib/gcc/arm-none-eabi/11.2.0/../../../../arm-none-eabi/lib/thumb/v7e-m+fp/hard/libc_nano.a(lib_a-lock.o)
 .ARM.attributes
                0x0000000000000587       0x34 /usr/lib/gcc/arm-none-eabi/11.2.0/../../../../arm-none-eabi/lib/thumb/v7e-m+fp/hard/libc_nano.a(lib_a-nano-mallocr.o)
 .ARM.attributes
                0x00000000000005bb       0x34 /usr/lib/gcc/arm-none-eabi/11.2.0/../../../../arm-none-eabi/lib/thumb/v7e-m+fp/hard/libc_nano.a(lib_a-nano-vfprintf.o)
 .ARM.attributes
                0x00000000000005ef       0x34 /usr/lib/gcc/arm-none-eabi/11.2.0/../../../../arm-none-eabi/lib/thumb/v7e-m+fp/hard/libc_nano.a(lib_a-stdio.o)
 .ARM.attributes
                0x0000000000000623       0x34 /usr/lib/gcc/arm-none-eabi/11.2.0/../../../../arm-none-eabi/lib/thumb/v7e-m+fp/hard/libc_nano.a(lib_a-wbuf.o)
 .ARM.attributes
                0x0000000000000657       0x34 /usr/lib/gcc/arm-none-eabi/11.2.0/../../../../arm-none-eabi/lib/thumb/v7e-m+fp/hard/libc_nano.a(lib_a-wsetup.o)
 .ARM.attributes
                0x000000000000068b       0x34 /usr/lib/gcc/arm-none-eabi/11.2.0/../../../../arm-none-eabi/lib/thumb/v7e-m+fp/hard/libc_nano.a(lib_a-fflush.o)
 .ARM.attributes
                0x00000000000006bf       0x34 /usr/lib/gcc/arm-none-eabi/11.2.0/../../../../arm-none-eabi/lib/thumb/v7e-m+fp/hard/libc_nano.a(lib_a-makebuf.o)
 .ARM.attributes
                0x00000000000006f3       0x1c /usr/lib/gcc/arm-none-eabi/11.2.0/../../../../arm-none-eabi/lib/thumb/v7e-m+fp/hard/libc_nano.a(lib_a-memchr.o)
 .ARM.attributes
                0x000000000000070f       0x34 /usr/lib/gcc/arm-none-eabi/11.2.0/../../../../arm-none-eabi/lib/thumb/v7e-m+fp/hard/libc_nano.a(lib_a-mlock.o)
 .ARM.attributes
                0x0000000000000743       0x34 /usr/lib/gcc/arm-none-eabi/11.2.0/../../../../arm-none-eabi/lib/thumb/v7e-m+fp/hard/libc_nano.a(lib_a-nano-freer.o)
 .ARM.attributes
                0x0000000000000777       0x34 /usr/lib/gcc/arm-none-eabi/11.2.0/../../../../arm-none-eabi/lib/thumb/v7e-m+fp/hard/libc_nano.a(lib_a-nano-vfprintf_i.o)

.debug_frame    0x0000000000000000     0x18ec
 .debug_frame   0x0000000000000000       0x38 projects/lab1/out/projects/lab1/src/configuracion.o
 .debug_frame   0x0000000000000038       0xc0 projects/lab1/out/projects/lab1/src/lab1.o
 .debug_frame   0x00000000000000f8      0x114 projects/lab1/out/libs/cmsis_core//src/armv7m_startup.o
 .debug_frame   0x000000000000020c      0x1d0 projects/lab1/out/libs/sys_newlib//src/system.o
 .debug_frame   0x00000000000003dc       0x58 projects/lab1/out/modules/drivers_bm//src/led.o
 .debug_frame   0x0000000000000434      0x200 projects/lab1/out/libs/lpc_open/boards/edu_ciaa_nxp/src/board.o
 .debug_frame   0x0000000000000634       0x50 projects/lab1/out/libs/lpc_open/boards/edu_ciaa_nxp/src/board_sysinit.o
 .debug_frame   0x0000000000000684      0x160 projects/lab1/out/libs/lpc_open/lpc_chip_43xx/src/adc_18xx_43xx.o
 .debug_frame   0x00000000000007e4       0x70 projects/lab1/out/libs/lpc_open/lpc_chip_43xx/src/chip_18xx_43xx.o
 .debug_frame   0x0000000000000854      0x300 projects/lab1/out/libs/lpc_open/lpc_chip_43xx/src/clock_18xx_43xx.o
 .debug_frame   0x0000000000000b54       0x30 projects/lab1/out/libs/lpc_open/lpc_chip_43xx/src/gpio_18xx_43xx.o
 .debug_frame   0x0000000000000b84      0x268 projects/lab1/out/libs/lpc_open/lpc_chip_43xx/src/i2c_18xx_43xx.o
 .debug_frame   0x0000000000000dec      0x188 projects/lab1/out/libs/lpc_open/lpc_chip_43xx/src/ssp_18xx_43xx.o
 .debug_frame   0x0000000000000f74       0x80 projects/lab1/out/libs/lpc_open/lpc_chip_43xx/src/sysinit_18xx_43xx.o
 .debug_frame   0x0000000000000ff4      0x1f4 projects/lab1/out/libs/lpc_open/lpc_chip_43xx/src/uart_18xx_43xx.o
 .debug_frame   0x00000000000011e8       0x28 projects/lab1/out/libs/lpc_open/lpc_startup/src/sysinit.o
 .debug_frame   0x0000000000001210       0x20 projects/lab1/out/libs/lpc_open/lpc_startup/src/vendor_interrupt.o
 .debug_frame   0x0000000000001230       0x2c /usr/lib/gcc/arm-none-eabi/11.2.0/thumb/v7e-m+fp/hard/libgcc.a(_aeabi_uldivmod.o)
 .debug_frame   0x000000000000125c       0x34 /usr/lib/gcc/arm-none-eabi/11.2.0/thumb/v7e-m+fp/hard/libgcc.a(_udivmoddi4.o)
 .debug_frame   0x0000000000001290       0x2c /usr/lib/gcc/arm-none-eabi/11.2.0/../../../../arm-none-eabi/lib/thumb/v7e-m+fp/hard/libc_nano.a(lib_a-init.o)
 .debug_frame   0x00000000000012bc       0x20 /usr/lib/gcc/arm-none-eabi/11.2.0/../../../../arm-none-eabi/lib/thumb/v7e-m+fp/hard/libc_nano.a(lib_a-memset.o)
 .debug_frame   0x00000000000012dc       0x74 /usr/lib/gcc/arm-none-eabi/11.2.0/../../../../arm-none-eabi/lib/thumb/v7e-m+fp/hard/libc_nano.a(lib_a-printf.o)
 .debug_frame   0x0000000000001350      0x14c /usr/lib/gcc/arm-none-eabi/11.2.0/../../../../arm-none-eabi/lib/thumb/v7e-m+fp/hard/libc_nano.a(lib_a-findfp.o)
 .debug_frame   0x000000000000149c       0x54 /usr/lib/gcc/arm-none-eabi/11.2.0/../../../../arm-none-eabi/lib/thumb/v7e-m+fp/hard/libc_nano.a(lib_a-fwalk.o)
 .debug_frame   0x00000000000014f0       0xb0 /usr/lib/gcc/arm-none-eabi/11.2.0/../../../../arm-none-eabi/lib/thumb/v7e-m+fp/hard/libc_nano.a(lib_a-lock.o)
 .debug_frame   0x00000000000015a0       0x30 /usr/lib/gcc/arm-none-eabi/11.2.0/../../../../arm-none-eabi/lib/thumb/v7e-m+fp/hard/libc_nano.a(lib_a-nano-mallocr.o)
 .debug_frame   0x00000000000015d0       0xac /usr/lib/gcc/arm-none-eabi/11.2.0/../../../../arm-none-eabi/lib/thumb/v7e-m+fp/hard/libc_nano.a(lib_a-nano-vfprintf.o)
 .debug_frame   0x000000000000167c       0x88 /usr/lib/gcc/arm-none-eabi/11.2.0/../../../../arm-none-eabi/lib/thumb/v7e-m+fp/hard/libc_nano.a(lib_a-stdio.o)
 .debug_frame   0x0000000000001704       0x40 /usr/lib/gcc/arm-none-eabi/11.2.0/../../../../arm-none-eabi/lib/thumb/v7e-m+fp/hard/libc_nano.a(lib_a-wbuf.o)
 .debug_frame   0x0000000000001744       0x2c /usr/lib/gcc/arm-none-eabi/11.2.0/../../../../arm-none-eabi/lib/thumb/v7e-m+fp/hard/libc_nano.a(lib_a-wsetup.o)
 .debug_frame   0x0000000000001770       0x5c /usr/lib/gcc/arm-none-eabi/11.2.0/../../../../arm-none-eabi/lib/thumb/v7e-m+fp/hard/libc_nano.a(lib_a-fflush.o)
 .debug_frame   0x00000000000017cc       0x58 /usr/lib/gcc/arm-none-eabi/11.2.0/../../../../arm-none-eabi/lib/thumb/v7e-m+fp/hard/libc_nano.a(lib_a-makebuf.o)
 .debug_frame   0x0000000000001824       0x30 /usr/lib/gcc/arm-none-eabi/11.2.0/../../../../arm-none-eabi/lib/thumb/v7e-m+fp/hard/libc_nano.a(lib_a-mlock.o)
 .debug_frame   0x0000000000001854       0x38 /usr/lib/gcc/arm-none-eabi/11.2.0/../../../../arm-none-eabi/lib/thumb/v7e-m+fp/hard/libc_nano.a(lib_a-nano-freer.o)
 .debug_frame   0x000000000000188c       0x60 /usr/lib/gcc/arm-none-eabi/11.2.0/../../../../arm-none-eabi/lib/thumb/v7e-m+fp/hard/libc_nano.a(lib_a-nano-vfprintf_i.o)

.debug_line_str
                0x0000000000000000       0x4e
 .debug_line_str
                0x0000000000000000       0x42 /usr/lib/gcc/arm-none-eabi/11.2.0/thumb/v7e-m+fp/hard/libgcc.a(_aeabi_uldivmod.o)
                                         0x84 (size before relaxing)
 .debug_line_str
                0x0000000000000042        0xc /usr/lib/gcc/arm-none-eabi/11.2.0/thumb/v7e-m+fp/hard/libgcc.a(_dvmd_tls.o)
                                         0x8c (size before relaxing)

Cross Reference Table

Symbol                                            File
ADC0_IRQHandler                                   projects/lab1/out/libs/lpc_open/lpc_startup/src/vendor_interrupt.o
ADC1_IRQHandler                                   projects/lab1/out/libs/lpc_open/lpc_startup/src/vendor_interrupt.o
ADCHS_IRQHandler                                  projects/lab1/out/libs/lpc_open/lpc_startup/src/vendor_interrupt.o
ATIMER_IRQHandler                                 projects/lab1/out/libs/lpc_open/lpc_startup/src/vendor_interrupt.o
Board_ADC_ReadBegin                               projects/lab1/out/libs/lpc_open/boards/edu_ciaa_nxp/src/board.o
Board_ADC_ReadEnd                                 projects/lab1/out/libs/lpc_open/boards/edu_ciaa_nxp/src/board.o
Board_ADC_ReadWait                                projects/lab1/out/libs/lpc_open/boards/edu_ciaa_nxp/src/board.o
Board_Debug_Init                                  projects/lab1/out/libs/lpc_open/boards/edu_ciaa_nxp/src/board.o
Board_Init                                        projects/lab1/out/libs/lpc_open/boards/edu_ciaa_nxp/src/board.o
                                                  projects/lab1/out/libs/lpc_open/lpc_startup/src/sysinit.o
Board_LED_Set                                     projects/lab1/out/libs/lpc_open/boards/edu_ciaa_nxp/src/board.o
Board_LED_Test                                    projects/lab1/out/libs/lpc_open/boards/edu_ciaa_nxp/src/board.o
Board_LED_Toggle                                  projects/lab1/out/libs/lpc_open/boards/edu_ciaa_nxp/src/board.o
Board_SetupClocking                               projects/lab1/out/libs/lpc_open/boards/edu_ciaa_nxp/src/board_sysinit.o
Board_SetupMuxing                                 projects/lab1/out/libs/lpc_open/boards/edu_ciaa_nxp/src/board_sysinit.o
Board_SystemInit                                  projects/lab1/out/libs/lpc_open/boards/edu_ciaa_nxp/src/board_sysinit.o
                                                  projects/lab1/out/libs/lpc_open/lpc_startup/src/sysinit.o
Board_TEC_GetStatus                               projects/lab1/out/libs/lpc_open/boards/edu_ciaa_nxp/src/board.o
Board_UARTGetChar                                 projects/lab1/out/libs/lpc_open/boards/edu_ciaa_nxp/src/board.o
Board_UARTPutChar                                 projects/lab1/out/libs/lpc_open/boards/edu_ciaa_nxp/src/board.o
Board_UARTPutSTR                                  projects/lab1/out/libs/lpc_open/boards/edu_ciaa_nxp/src/board.o