Archive member included to satisfy reference by file (symbol)

/usr/lib/gcc/arm-none-eabi/11.2.0/thumb/v7e-m+fp/hard/libgcc.a(_aeabi_uldivmod.o)
                              projects/lab1/out/libs/lpc_open/lpc_chip_43xx/src/i2s_18xx_43xx.o (__aeabi_uldivmod)
/usr/lib/gcc/arm-none-eabi/11.2.0/thumb/v7e-m+fp/hard/libgcc.a(_udivmoddi4.o)
                              /usr/lib/gcc/arm-none-eabi/11.2.0/thumb/v7e-m+fp/hard/libgcc.a(_aeabi_uldivmod.o) (__udivmoddi4)
/usr/lib/gcc/arm-none-eabi/11.2.0/thumb/v7e-m+fp/hard/libgcc.a(_dvmd_tls.o)
                              /usr/lib/gcc/arm-none-eabi/11.2.0/thumb/v7e-m+fp/hard/libgcc.a(_aeabi_uldivmod.o) (__aeabi_ldiv0)
/usr/lib/gcc/arm-none-eabi/11.2.0/../../../../arm-none-eabi/lib/thumb/v7e-m+fp/hard/libc_nano.a(lib_a-init.o)
                              projects/lab1/out/libs/cmsis_core//src/armv7m_startup.o (__libc_init_array)
/usr/lib/gcc/arm-none-eabi/11.2.0/../../../../arm-none-eabi/lib/thumb/v7e-m+fp/hard/libc_nano.a(lib_a-memcpy-stub.o)
                              projects/lab1/out/libs/lpc_open/lpc_chip_43xx/src/ring_buffer.o (memcpy)
/usr/lib/gcc/arm-none-eabi/11.2.0/../../../../arm-none-eabi/lib/thumb/v7e-m+fp/hard/libc_nano.a(lib_a-memset.o)
                              projects/lab1/out/libs/lpc_open/lpc_chip_43xx/src/clock_18xx_43xx.o (memset)

Discarded input sections

 .group         0x0000000000000000        0xc projects/lab1/out/projects/lab1/src/configuracion.o
 .group         0x0000000000000000        0xc projects/lab1/out/projects/lab1/src/configuracion.o
 .group         0x0000000000000000        0xc projects/lab1/out/projects/lab1/src/configuracion.o
 .group         0x0000000000000000        0xc projects/lab1/out/projects/lab1/src/configuracion.o
 .group         0x0000000000000000        0xc projects/lab1/out/projects/lab1/src/configuracion.o
 .group         0x0000000000000000        0xc projects/lab1/out/projects/lab1/src/configuracion.o
 .group         0x0000000000000000        0xc projects/lab1/out/projects/lab1/src/configuracion.o
 .group         0x0000000000000000        0xc projects/lab1/out/projects/lab1/src/configuracion.o
 .group         0x0000000000000000        0xc projects/lab1/out/projects/lab1/src/configuracion.o
 .group         0x0000000000000000        0xc projects/lab1/out/projects/lab1/src/configuracion.o
 .group         0x0000000000000000        0xc projects/lab1/out/projects/lab1/src/configuracion.o
 .group         0x0000000000000000        0xc projects/lab1/out/projects/lab1/src/configuracion.o
 .group         0x0000000000000000        0xc projects/lab1/out/projects/lab1/src/configuracion.o
 .group         0x0000000000000000        0xc projects/lab1/out/projects/lab1/src/configuracion.o
 .group         0x0000000000000000        0xc projects/lab1/out/projects/lab1/src/configuracion.o
 .group         0x0000000000000000        0xc projects/lab1/out/projects/lab1/src/configuracion.o
 .group         0x0000000000000000        0xc projects/lab1/out/projects/lab1/src/configuracion.o
 .group         0x0000000000000000        0xc projects/lab1/out/projects/lab1/src/configuracion.o
 .group         0x0000000000000000        0xc projects/lab1/out/projects/lab1/src/configuracion.o
 .group         0x0000000000000000        0xc projects/lab1/out/projects/lab1/src/configuracion.o
 .group         0x0000000000000000        0xc projects/lab1/out/projects/lab1/src/configuracion.o
 .group         0x0000000000000000        0xc projects/lab1/out/projects/lab1/src/configuracion.o
 .group         0x0000000000000000        0xc projects/lab1/out/projects/lab1/src/configuracion.o
 .group         0x0000000000000000        0xc projects/lab1/out/projects/lab1/src/configuracion.o
 .group         0x0000000000000000        0xc projects/lab1/out/projects/lab1/src/configuracion.o
 .group         0x0000000000000000        0xc projects/lab1/out/projects/lab1/src/configuracion.o
 .group         0x0000000000000000        0xc projects/lab1/out/projects/lab1/src/configuracion.o
 .group         0x0000000000000000        0xc projects/lab1/out/projects/lab1/src/configuracion.o
 .group         0x0000000000000000        0xc projects/lab1/out/projects/lab1/src/configuracion.o
 .group         0x0000000000000000        0xc projects/lab1/out/projects/lab1/src/configuracion.o
 .group         0x0000000000000000        0xc projects/lab1/out/projects/lab1/src/configuracion.o
 .group         0x0000000000000000        0xc projects/lab1/out/projects/lab1/src/configuracion.o
 .group         0x0000000000000000        0xc projects/lab1/out/projects/lab1/src/configuracion.o
 .group         0x0000000000000000        0xc projects/lab1/out/projects/lab1/src/configuracion.o
 .group         0x0000000000000000        0xc projects/lab1/out/projects/lab1/src/configuracion.o
 .group         0x0000000000000000        0xc projects/lab1/out/projects/lab1/src/configuracion.o
 .group         0x0000000000000000        0xc projects/lab1/out/projects/lab1/src/configuracion.o
[...]
Memory Configuration

Name             Origin             Length             Attributes
MFlashA512       0x000000001a000000 0x0000000000080000 xr
MFlashB512       0x000000001b000000 0x0000000000080000 xr
RamLoc32         0x0000000010000000 0x0000000000008000 xrw
RamLoc40         0x0000000010080000 0x000000000000a000 xrw
RamAHB32         0x0000000020000000 0x0000000000008000 xrw
RamAHB16         0x0000000020008000 0x0000000000004000 xrw
RamAHB_ETB16     0x000000002000c000 0x0000000000004000 xrw
*default*        0x0000000000000000 0xffffffffffffffff

Linker script and memory map

START GROUP
LOAD projects/lab1/out/projects/lab1/src/configuracion.o
LOAD projects/lab1/out/projects/lab1/src/lab1.o
LOAD projects/lab1/out/libs/cmsis_core//src/armv7m_startup.o
LOAD projects/lab1/out/libs/sys_newlib//src/system.o
LOAD projects/lab1/out/modules/drivers_bm//src/adc.o
LOAD projects/lab1/out/modules/drivers_bm//src/dac.o
LOAD projects/lab1/out/modules/drivers_bm//src/display.o
LOAD projects/lab1/out/modules/drivers_bm//src/itoa.o
LOAD projects/lab1/out/modules/drivers_bm//src/led.o
LOAD projects/lab1/out/modules/drivers_bm//src/soc.o
LOAD projects/lab1/out/modules/drivers_bm//src/switch.o
LOAD projects/lab1/out/modules/drivers_bm//src/timer.o
LOAD projects/lab1/out/modules/drivers_bm//src/uart.o
LOAD projects/lab1/out/modules/drivers_bm//src/unt.o
LOAD projects/lab1/out/libs/lpc_open/boards/edu_ciaa_nxp/src/board.o
LOAD projects/lab1/out/libs/lpc_open/boards/edu_ciaa_nxp/src/board_sysinit.o
LOAD projects/lab1/out/libs/lpc_open/lpc_chip_43xx/src/adc_18xx_43xx.o
LOAD projects/lab1/out/libs/lpc_open/lpc_chip_43xx/src/aes_18xx_43xx.o
LOAD projects/lab1/out/libs/lpc_open/lpc_chip_43xx/src/atimer_18xx_43xx.o
LOAD projects/lab1/out/libs/lpc_open/lpc_chip_43xx/src/ccan_18xx_43xx.o
LOAD projects/lab1/out/libs/lpc_open/lpc_chip_43xx/src/chip_18xx_43xx.o
LOAD projects/lab1/out/libs/lpc_open/lpc_chip_43xx/src/clock_18xx_43xx.o
LOAD projects/lab1/out/libs/lpc_open/lpc_chip_43xx/src/dac_18xx_43xx.o
LOAD projects/lab1/out/libs/lpc_open/lpc_chip_43xx/src/eeprom_18xx_43xx.o
LOAD projects/lab1/out/libs/lpc_open/lpc_chip_43xx/src/emc_18xx_43xx.o
LOAD projects/lab1/out/libs/lpc_open/lpc_chip_43xx/src/enet_18xx_43xx.o
LOAD projects/lab1/out/libs/lpc_open/lpc_chip_43xx/src/evrt_18xx_43xx.o
LOAD projects/lab1/out/libs/lpc_open/lpc_chip_43xx/src/gpdma_18xx_43xx.o
LOAD projects/lab1/out/libs/lpc_open/lpc_chip_43xx/src/gpio_18xx_43xx.o
LOAD projects/lab1/out/libs/lpc_open/lpc_chip_43xx/src/gpiogroup_18xx_43xx.o
LOAD projects/lab1/out/libs/lpc_open/lpc_chip_43xx/src/i2c_18xx_43xx.o
LOAD projects/lab1/out/libs/lpc_open/lpc_chip_43xx/src/i2cm_18xx_43xx.o
LOAD projects/lab1/out/libs/lpc_open/lpc_chip_43xx/src/i2s_18xx_43xx.o
LOAD projects/lab1/out/libs/lpc_open/lpc_chip_43xx/src/iap_18xx_43xx.o
LOAD projects/lab1/out/libs/lpc_open/lpc_chip_43xx/src/lcd_18xx_43xx.o
LOAD projects/lab1/out/libs/lpc_open/lpc_chip_43xx/src/otp_18xx_43xx.o
LOAD projects/lab1/out/libs/lpc_open/lpc_chip_43xx/src/pinint_18xx_43xx.o
LOAD projects/lab1/out/libs/lpc_open/lpc_chip_43xx/src/pmc_18xx_43xx.o
LOAD projects/lab1/out/libs/lpc_open/lpc_chip_43xx/src/ring_buffer.o
LOAD projects/lab1/out/libs/lpc_open/lpc_chip_43xx/src/ritimer_18xx_43xx.o
LOAD projects/lab1/out/libs/lpc_open/lpc_chip_43xx/src/rtc_18xx_43xx.o
LOAD projects/lab1/out/libs/lpc_open/lpc_chip_43xx/src/sct_18xx_43xx.o
LOAD projects/lab1/out/libs/lpc_open/lpc_chip_43xx/src/sct_pwm_18xx_43xx.o
LOAD projects/lab1/out/libs/lpc_open/lpc_chip_43xx/src/sdif_18xx_43xx.o
LOAD projects/lab1/out/libs/lpc_open/lpc_chip_43xx/src/sdio_18xx_43xx.o
LOAD projects/lab1/out/libs/lpc_open/lpc_chip_43xx/src/sdmmc_18xx_43xx.o
LOAD projects/lab1/out/libs/lpc_open/lpc_chip_43xx/src/spi_18xx_43xx.o
LOAD projects/lab1/out/libs/lpc_open/lpc_chip_43xx/src/ssp_18xx_43xx.o
LOAD projects/lab1/out/libs/lpc_open/lpc_chip_43xx/src/stopwatch_18xx_43xx.o
LOAD projects/lab1/out/libs/lpc_open/lpc_chip_43xx/src/sysinit_18xx_43xx.o
LOAD projects/lab1/out/libs/lpc_open/lpc_chip_43xx/src/timer_18xx_43xx.o
LOAD projects/lab1/out/libs/lpc_open/lpc_chip_43xx/src/uart_18xx_43xx.o
LOAD projects/lab1/out/libs/lpc_open/lpc_chip_43xx/src/wwdt_18xx_43xx.o
LOAD projects/lab1/out/libs/lpc_open/lpc_startup/src/crp.o
LOAD projects/lab1/out/libs/lpc_open/lpc_startup/src/sysinit.o
LOAD projects/lab1/out/libs/lpc_open/lpc_startup/src/vendor_interrupt.o
END GROUP
LOAD /usr/lib/gcc/arm-none-eabi/11.2.0/../../../../arm-none-eabi/lib/thumb/v7e-m+fp/hard/libstdc++_nano.a
LOAD /usr/lib/gcc/arm-none-eabi/11.2.0/../../../../arm-none-eabi/lib/thumb/v7e-m+fp/hard/libm.a
START GROUP
LOAD /usr/lib/gcc/arm-none-eabi/11.2.0/thumb/v7e-m+fp/hard/libgcc.a
LOAD /usr/lib/gcc/arm-none-eabi/11.2.0/../../../../arm-none-eabi/lib/thumb/v7e-m+fp/hard/libc_nano.a
END GROUP
START GROUP
LOAD /usr/lib/gcc/arm-none-eabi/11.2.0/thumb/v7e-m+fp/hard/libgcc.a
LOAD /usr/lib/gcc/arm-none-eabi/11.2.0/../../../../arm-none-eabi/lib/thumb/v7e-m+fp/hard/libc_nano.a
END GROUP
                0x000000001a080000                __top_MFlashA512 = 0x1a080000
                0x000000001b080000                __top_MFlashB512 = 0x1b080000
                0x0000000010008000                __top_RamLoc32 = 0x10008000
                0x000000001008a000                __top_RamLoc40 = 0x1008a000
                0x0000000020008000                __top_RamAHB32 = 0x20008000
                0x000000002000c000                __top_RamAHB16 = 0x2000c000
                0x0000000020010000                __top_RamAHB_ETB16 = 0x20010000
START GROUP
LOAD /usr/lib/gcc/arm-none-eabi/11.2.0/thumb/v7e-m+fp/hard/libgcc.a
LOAD /usr/lib/gcc/arm-none-eabi/11.2.0/../../../../arm-none-eabi/lib/thumb/v7e-m+fp/hard/libc.a
LOAD /usr/lib/gcc/arm-none-eabi/11.2.0/../../../../arm-none-eabi/lib/thumb/v7e-m+fp/hard/libm.a
END GROUP

.text_Flash2    0x000000001b000000        0x0
 FILL mask 0xff
 *(.text_Flash2*)
 *(.text_MFlashB512*)
 *(.text.$Flash2*)
 *(.text.$MFlashB512*)
 *(.rodata.$Flash2*)
 *(.rodata.$MFlashB512*)

.text           0x000000001a000000      0x300
 FILL mask 0xff
                0x000000001a000000                __vectors_start__ = ABSOLUTE (.)
 *(.isr_vector)
 .isr_vector    0x000000001a000000       0x40 projects/lab1/out/libs/cmsis_core//src/armv7m_startup.o
                0x000000001a000000                g_pfnVectors
 *(.isr_vendor_vector)
 .isr_vendor_vector
                0x000000001a000040       0xd4 projects/lab1/out/libs/lpc_open/lpc_startup/src/vendor_interrupt.o
                0x000000001a000040                g_pfnVendorVectors
                0x000000001a000114                . = ALIGN (0x4)
                0x000000001a000114                __section_table_start = .
                0x000000001a000114                __data_section_table = .
                0x000000001a000114        0x4 LONG 0x1a0017bc LOADADDR (.data)
                0x000000001a000118        0x4 LONG 0x10000000 ADDR (.data)
                0x000000001a00011c        0x4 LONG 0x38 SIZEOF (.data)
                0x000000001a000120        0x4 LONG 0x1a0017bc LOADADDR (.data_RAM2)
                0x000000001a000124        0x4 LONG 0x10080000 ADDR (.data_RAM2)
                0x000000001a000128        0x4 LONG 0x0 SIZEOF (.data_RAM2)
                0x000000001a00012c        0x4 LONG 0x1a0017bc LOADADDR (.data_RAM3)
                0x000000001a000130        0x4 LONG 0x20000000 ADDR (.data_RAM3)
                0x000000001a000134        0x4 LONG 0x0 SIZEOF (.data_RAM3)
                0x000000001a000138        0x4 LONG 0x1a0017bc LOADADDR (.data_RAM4)
                0x000000001a00013c        0x4 LONG 0x20008000 ADDR (.data_RAM4)
                0x000000001a000140        0x4 LONG 0x0 SIZEOF (.data_RAM4)
                0x000000001a000144        0x4 LONG 0x1a0017bc LOADADDR (.data_RAM5)
                0x000000001a000148        0x4 LONG 0x2000c000 ADDR (.data_RAM5)
                0x000000001a00014c        0x4 LONG 0x0 SIZEOF (.data_RAM5)
                0x000000001a000150                __data_section_table_end = .
                0x000000001a000150                __bss_section_table = .
                0x000000001a000150        0x4 LONG 0x10000038 ADDR (.bss)
                0x000000001a000154        0x4 LONG 0x14 SIZEOF (.bss)
                0x000000001a000158        0x4 LONG 0x10080000 ADDR (.bss_RAM2)
                0x000000001a00015c        0x4 LONG 0x0 SIZEOF (.bss_RAM2)
                0x000000001a000160        0x4 LONG 0x20000000 ADDR (.bss_RAM3)
                0x000000001a000164        0x4 LONG 0x0 SIZEOF (.bss_RAM3)
                0x000000001a000168        0x4 LONG 0x20008000 ADDR (.bss_RAM4)
                0x000000001a00016c        0x4 LONG 0x0 SIZEOF (.bss_RAM4)
                0x000000001a000170        0x4 LONG 0x2000c000 ADDR (.bss_RAM5)
                0x000000001a000174        0x4 LONG 0x0 SIZEOF (.bss_RAM5)
                0x000000001a000178                __bss_section_table_end = .
                0x000000001a000178                __section_table_end = .
 *(.after_vectors*)
 .after_vectors
                0x000000001a000178       0x42 projects/lab1/out/libs/cmsis_core//src/armv7m_startup.o
                0x000000001a000178                NMI_Handler
                0x000000001a00017a                HardFault_Handler
                0x000000001a00017c                MemManage_Handler
                0x000000001a00017e                BusFault_Handler
                0x000000001a000180                UsageFault_Handler
                0x000000001a000182                SVC_Handler
                0x000000001a000184                DebugMon_Handler
                0x000000001a000186                PendSV_Handler
                0x000000001a00018a                data_init
                0x000000001a0001a8                bss_init
 .after_vectors
                0x000000001a0001ba        0x2 projects/lab1/out/libs/lpc_open/lpc_startup/src/vendor_interrupt.o
                0x000000001a0001ba                TIMER2_IRQHandler
                0x000000001a0001ba                RIT_IRQHandler
                0x000000001a0001ba                ADCHS_IRQHandler
                0x000000001a0001ba                FLASH_EEPROM_IRQHandler
                0x000000001a0001ba                I2C0_IRQHandler
                0x000000001a0001ba                SDIO_IRQHandler
                0x000000001a0001ba                ATIMER_IRQHandler
                0x000000001a0001ba                I2C1_IRQHandler
                0x000000001a0001ba                UART1_IRQHandler
                0x000000001a0001ba                GPIO5_IRQHandler
                0x000000001a0001ba                CAN1_IRQHandler
                0x000000001a0001ba                USB1_IRQHandler
                0x000000001a0001ba                I2S0_IRQHandler
                0x000000001a0001ba                TIMER3_IRQHandler
                0x000000001a0001ba                UART0_IRQHandler
                0x000000001a0001ba                SGPIO_IRQHandler
                0x000000001a0001ba                ADC0_IRQHandler
                0x000000001a0001ba                GPIO6_IRQHandler
                0x000000001a0001ba                IntDefaultHandler
                0x000000001a0001ba                GPIO1_IRQHandler
                0x000000001a0001ba                SSP0_IRQHandler
                0x000000001a0001ba                ADC1_IRQHandler
                0x000000001a0001ba                RTC_IRQHandler
                0x000000001a0001ba                TIMER0_IRQHandler
                0x000000001a0001ba                SPI_IRQHandler
                0x000000001a0001ba                LCD_IRQHandler
                0x000000001a0001ba                TIMER1_IRQHandler
                0x000000001a0001ba                UART2_IRQHandler
                0x000000001a0001ba                GPIO2_IRQHandler
                0x000000001a0001ba                I2S1_IRQHandler
                0x000000001a0001ba                SSP1_IRQHandler
                0x000000001a0001ba                USB0_IRQHandler
                0x000000001a0001ba                GPIO3_IRQHandler
                0x000000001a0001ba                SCT_IRQHandler
                0x000000001a0001ba                WDT_IRQHandler
                0x000000001a0001ba                GPIO7_IRQHandler
                0x000000001a0001ba                SPIFI_IRQHandler
                0x000000001a0001ba                QEI_IRQHandler
                0x000000001a0001ba                ETH_IRQHandler
                0x000000001a0001ba                CAN0_IRQHandler
                0x000000001a0001ba                GINT0_IRQHandler
                0x000000001a0001ba                DAC_IRQHandler
                0x000000001a0001ba                M0SUB_IRQHandler
                0x000000001a0001ba                GPIO0_IRQHandler
                0x000000001a0001ba                DMA_IRQHandler
                0x000000001a0001ba                EVRT_IRQHandler
                0x000000001a0001ba                UART3_IRQHandler
                0x000000001a0001ba                MCPWM_IRQHandler
                0x000000001a0001ba                M0APP_IRQHandler
                0x000000001a0001ba                GINT1_IRQHandler
                0x000000001a0001ba                GPIO4_IRQHandler
                0x00000000000002fc                . = 0x2fc
 *fill*         0x000000001a0001bc      0x140 ff
                0x000000001a0002fc                PROVIDE (__CRP_WORD_START__ = .)
 *(.crp)
 .crp           0x000000001a0002fc        0x4 projects/lab1/out/libs/lpc_open/lpc_startup/src/crp.o
                0x000000001a0002fc                CRP_WORD
                0x000000001a000300                PROVIDE (__CRP_WORD_END__ = .)
                0x0000000000000001                ASSERT (! ((__CRP_WORD_START__ == __CRP_WORD_END__)), Linker CRP Enabled, but no CRP_WORD provided within application)

.glue_7         0x000000001a000300        0x0
 .glue_7        0x000000001a000300        0x0 linker stubs

.glue_7t        0x000000001a000300        0x0
 .glue_7t       0x000000001a000300        0x0 linker stubs

.vfp11_veneer   0x000000001a000300        0x0
 .vfp11_veneer  0x000000001a000300        0x0 linker stubs

.v4_bx          0x000000001a000300        0x0
 .v4_bx         0x000000001a000300        0x0 linker stubs

.iplt           0x000000001a000300        0x0
 .iplt          0x000000001a000300        0x0 projects/lab1/out/projects/lab1/src/configuracion.o
                0x000000001a000300                . = ALIGN (0x4)

.preinit_array  0x000000001a000300        0x0
                0x000000001a000300                PROVIDE (__preinit_array_start = .)
 *(.preinit_array*)
                0x000000001a000300                PROVIDE (__preinit_array_end = .)

.init_array     0x000000001a000300        0x4
                0x000000001a000300                PROVIDE (__init_array_start = .)
 *(SORT_BY_NAME(.init_array.*))
 *(.init_array*)
 .init_array    0x000000001a000300        0x4 projects/lab1/out/libs/sys_newlib//src/system.o
                0x000000001a000304                PROVIDE (__init_array_end = .)
                0x000000001a000304                . = ALIGN (0x4)

.text           0x000000001a000304     0x14b0
 *(.text*)
 .text.ConfigurarInterrupcion
                0x000000001a000304       0x4c projects/lab1/out/projects/lab1/src/configuracion.o
                0x000000001a000304                ConfigurarInterrupcion
 .text.ConfigurarPuertosLaboratorio
                0x000000001a000350       0x7c projects/lab1/out/projects/lab1/src/configuracion.o
                0x000000001a000350                ConfigurarPuertosLaboratorio
 .text.SysTick_Handler
                0x000000001a0003cc       0x5c projects/lab1/out/projects/lab1/src/lab1.o
                0x000000001a0003cc                SysTick_Handler
 .text.ConfigurarUART
                0x000000001a000428        0x8 projects/lab1/out/projects/lab1/src/lab1.o
                0x000000001a000428                ConfigurarUART
 .text.main     0x000000001a000430       0x34 projects/lab1/out/projects/lab1/src/lab1.o
                0x000000001a000430                main
 .text.initialise_monitor_handles
                0x000000001a000464        0x2 projects/lab1/out/libs/cmsis_core//src/armv7m_startup.o
                0x000000001a000464                initialise_monitor_handles
 *fill*         0x000000001a000466        0x2 
 .text.Reset_Handler
                0x000000001a000468       0x88 projects/lab1/out/libs/cmsis_core//src/armv7m_startup.o
                0x000000001a000468                Reset_Handler
 .text._fini    0x000000001a0004f0        0x2 projects/lab1/out/libs/cmsis_core//src/armv7m_startup.o
                0x000000001a0004f0                _fini
 .text._init    0x000000001a0004f2        0x2 projects/lab1/out/libs/cmsis_core//src/armv7m_startup.o
                0x000000001a0004f2                _init
 .text.Led_On   0x000000001a0004f4       0x6c projects/lab1/out/modules/drivers_bm//src/led.o
                0x000000001a0004f4                Led_On
 .text.Led_Off  0x000000001a000560       0x6c projects/lab1/out/modules/drivers_bm//src/led.o
                0x000000001a000560                Led_Off
 .text.Led_Toggle
                0x000000001a0005cc       0x6c projects/lab1/out/modules/drivers_bm//src/led.o
                0x000000001a0005cc                Led_Toggle
 .text.Board_LED_Init
                0x000000001a000638       0x48 projects/lab1/out/libs/lpc_open/boards/edu_ciaa_nxp/src/board.o
 .text.Board_TEC_Init
                0x000000001a000680       0x44 projects/lab1/out/libs/lpc_open/boards/edu_ciaa_nxp/src/board.o
 .text.Board_GPIO_Init
                0x000000001a0006c4       0x44 projects/lab1/out/libs/lpc_open/boards/edu_ciaa_nxp/src/board.o
 .text.Board_ADC_Init
                0x000000001a000708       0x30 projects/lab1/out/libs/lpc_open/boards/edu_ciaa_nxp/src/board.o
 .text.Board_SPI_Init
                0x000000001a000738       0x38 projects/lab1/out/libs/lpc_open/boards/edu_ciaa_nxp/src/board.o
 .text.Board_I2C_Init
                0x000000001a000770       0x24 projects/lab1/out/libs/lpc_open/boards/edu_ciaa_nxp/src/board.o
 .text.Board_Debug_Init
                0x000000001a000794       0x24 projects/lab1/out/libs/lpc_open/boards/edu_ciaa_nxp/src/board.o
                0x000000001a000794                Board_Debug_Init
 .text.Board_Init
                0x000000001a0007b8       0x2c projects/lab1/out/libs/lpc_open/boards/edu_ciaa_nxp/src/board.o
                0x000000001a0007b8                Board_Init
 .text.__stdio_init
                0x000000001a0007e4        0x8 projects/lab1/out/libs/lpc_open/boards/edu_ciaa_nxp/src/board.o
                0x000000001a0007e4                __stdio_init
 .text.Board_SetupMuxing
                0x000000001a0007ec       0x2c projects/lab1/out/libs/lpc_open/boards/edu_ciaa_nxp/src/board_sysinit.o
                0x000000001a0007ec                Board_SetupMuxing
 .text.Board_SetupClocking
                0x000000001a000818       0x6c projects/lab1/out/libs/lpc_open/boards/edu_ciaa_nxp/src/board_sysinit.o
                0x000000001a000818                Board_SetupClocking
 .text.Board_SystemInit
                0x000000001a000884        0xc projects/lab1/out/libs/lpc_open/boards/edu_ciaa_nxp/src/board_sysinit.o
                0x000000001a000884                Board_SystemInit
 .text.Chip_ADC_GetClockIndex
                0x000000001a000890       0x14 projects/lab1/out/libs/lpc_open/lpc_chip_43xx/src/adc_18xx_43xx.o
 .text.getClkDiv
                0x000000001a0008a4       0x32 projects/lab1/out/libs/lpc_open/lpc_chip_43xx/src/adc_18xx_43xx.o
 *fill*         0x000000001a0008d6        0x2 
 .text.Chip_ADC_Init
                0x000000001a0008d8       0x40 projects/lab1/out/libs/lpc_open/lpc_chip_43xx/src/adc_18xx_43xx.o
                0x000000001a0008d8                Chip_ADC_Init
 .text.Chip_ADC_SetSampleRate
                0x000000001a000918       0x32 projects/lab1/out/libs/lpc_open/lpc_chip_43xx/src/adc_18xx_43xx.o
                0x000000001a000918                Chip_ADC_SetSampleRate
 .text.Chip_ADC_SetResolution
                0x000000001a00094a        0xc projects/lab1/out/libs/lpc_open/lpc_chip_43xx/src/adc_18xx_43xx.o
                0x000000001a00094a                Chip_ADC_SetResolution
 *fill*         0x000000001a000956        0x2 
 .text.SystemCoreClockUpdate
                0x000000001a000958       0x14 projects/lab1/out/libs/lpc_open/lpc_chip_43xx/src/chip_18xx_43xx.o
                0x000000001a000958                SystemCoreClockUpdate
 .text.pll_calc_divs
                0x000000001a00096c       0xa8 projects/lab1/out/libs/lpc_open/lpc_chip_43xx/src/clock_18xx_43xx.o
 .text.pll_get_frac
                0x000000001a000a14      0x110 projects/lab1/out/libs/lpc_open/lpc_chip_43xx/src/clock_18xx_43xx.o
 .text.Chip_Clock_FindBaseClock
                0x000000001a000b24       0x54 projects/lab1/out/libs/lpc_open/lpc_chip_43xx/src/clock_18xx_43xx.o
 .text.Chip_Clock_EnableCrystal
                0x000000001a000b78       0x4c projects/lab1/out/libs/lpc_open/lpc_chip_43xx/src/clock_18xx_43xx.o
                0x000000001a000b78                Chip_Clock_EnableCrystal
 .text.Chip_Clock_GetDividerSource
                0x000000001a000bc4       0x1c projects/lab1/out/libs/lpc_open/lpc_chip_43xx/src/clock_18xx_43xx.o
                0x000000001a000bc4                Chip_Clock_GetDividerSource
 .text.Chip_Clock_GetDividerDivisor
                0x000000001a000be0       0x1c projects/lab1/out/libs/lpc_open/lpc_chip_43xx/src/clock_18xx_43xx.o
                0x000000001a000be0                Chip_Clock_GetDividerDivisor
 .text.Chip_Clock_GetClockInputHz
                0x000000001a000bfc       0xb8 projects/lab1/out/libs/lpc_open/lpc_chip_43xx/src/clock_18xx_43xx.o
                0x000000001a000bfc                Chip_Clock_GetClockInputHz
 .text.Chip_Clock_CalcMainPLLValue
                0x000000001a000cb4       0x80 projects/lab1/out/libs/lpc_open/lpc_chip_43xx/src/clock_18xx_43xx.o
                0x000000001a000cb4                Chip_Clock_CalcMainPLLValue
 .text.Chip_Clock_GetMainPLLHz
                0x000000001a000d34       0x68 projects/lab1/out/libs/lpc_open/lpc_chip_43xx/src/clock_18xx_43xx.o
                0x000000001a000d34                Chip_Clock_GetMainPLLHz
 .text.Chip_Clock_GetDivRate
                0x000000001a000d9c       0x22 projects/lab1/out/libs/lpc_open/lpc_chip_43xx/src/clock_18xx_43xx.o
 *fill*         0x000000001a000dbe        0x2 
 .text.Chip_Clock_SetBaseClock
                0x000000001a000dc0       0x5c projects/lab1/out/libs/lpc_open/lpc_chip_43xx/src/clock_18xx_43xx.o
                0x000000001a000dc0                Chip_Clock_SetBaseClock
 .text.Chip_Clock_GetBaseClock
                0x000000001a000e1c       0x28 projects/lab1/out/libs/lpc_open/lpc_chip_43xx/src/clock_18xx_43xx.o
                0x000000001a000e1c                Chip_Clock_GetBaseClock
 .text.Chip_Clock_GetBaseClocktHz
                0x000000001a000e44        0xc projects/lab1/out/libs/lpc_open/lpc_chip_43xx/src/clock_18xx_43xx.o
                0x000000001a000e44                Chip_Clock_GetBaseClocktHz
 .text.Chip_Clock_EnableOpts
                0x000000001a000e50       0x3c projects/lab1/out/libs/lpc_open/lpc_chip_43xx/src/clock_18xx_43xx.o
                0x000000001a000e50                Chip_Clock_EnableOpts
 .text.Chip_Clock_Enable
                0x000000001a000e8c       0x34 projects/lab1/out/libs/lpc_open/lpc_chip_43xx/src/clock_18xx_43xx.o
                0x000000001a000e8c                Chip_Clock_Enable
 .text.Chip_Clock_GetRate
                0x000000001a000ec0       0x4c projects/lab1/out/libs/lpc_open/lpc_chip_43xx/src/clock_18xx_43xx.o
                0x000000001a000ec0                Chip_Clock_GetRate
 .text.Chip_GPIO_Init
                0x000000001a000f0c        0x2 projects/lab1/out/libs/lpc_open/lpc_chip_43xx/src/gpio_18xx_43xx.o
                0x000000001a000f0c                Chip_GPIO_Init
 *fill*         0x000000001a000f0e        0x2 
 .text.Chip_I2C_EventHandler
                0x000000001a000f10       0x20 projects/lab1/out/libs/lpc_open/lpc_chip_43xx/src/i2c_18xx_43xx.o
                0x000000001a000f10                Chip_I2C_EventHandler
 .text.Chip_I2C_Init
                0x000000001a000f30       0x28 projects/lab1/out/libs/lpc_open/lpc_chip_43xx/src/i2c_18xx_43xx.o
                0x000000001a000f30                Chip_I2C_Init
 .text.Chip_I2C_SetClockRate
                0x000000001a000f58       0x3c projects/lab1/out/libs/lpc_open/lpc_chip_43xx/src/i2c_18xx_43xx.o
                0x000000001a000f58                Chip_I2C_SetClockRate
 .text.Chip_SSP_GetClockIndex
                0x000000001a000f94       0x14 projects/lab1/out/libs/lpc_open/lpc_chip_43xx/src/ssp_18xx_43xx.o
 .text.Chip_SSP_GetPeriphClockIndex
                0x000000001a000fa8       0x18 projects/lab1/out/libs/lpc_open/lpc_chip_43xx/src/ssp_18xx_43xx.o
 .text.Chip_SSP_SetClockRate
                0x000000001a000fc0       0x12 projects/lab1/out/libs/lpc_open/lpc_chip_43xx/src/ssp_18xx_43xx.o
                0x000000001a000fc0                Chip_SSP_SetClockRate
 .text.Chip_SSP_SetBitRate
                0x000000001a000fd2       0x42 projects/lab1/out/libs/lpc_open/lpc_chip_43xx/src/ssp_18xx_43xx.o
                0x000000001a000fd2                Chip_SSP_SetBitRate
 .text.Chip_SSP_Init
                0x000000001a001014       0x38 projects/lab1/out/libs/lpc_open/lpc_chip_43xx/src/ssp_18xx_43xx.o
                0x000000001a001014                Chip_SSP_Init
 .text.Chip_SetupCoreClock
                0x000000001a00104c      0x158 projects/lab1/out/libs/lpc_open/lpc_chip_43xx/src/sysinit_18xx_43xx.o
                0x000000001a00104c                Chip_SetupCoreClock
 .text.Chip_UART_GetIndex
                0x000000001a0011a4       0x2c projects/lab1/out/libs/lpc_open/lpc_chip_43xx/src/uart_18xx_43xx.o
 .text.Chip_UART_Init
                0x000000001a0011d0       0x54 projects/lab1/out/libs/lpc_open/lpc_chip_43xx/src/uart_18xx_43xx.o
                0x000000001a0011d0                Chip_UART_Init
 .text.Chip_UART_SetBaudFDR
                0x000000001a001224       0xdc projects/lab1/out/libs/lpc_open/lpc_chip_43xx/src/uart_18xx_43xx.o
                0x000000001a001224                Chip_UART_SetBaudFDR
 .text.SystemInit
                0x000000001a001300       0x38 projects/lab1/out/libs/lpc_open/lpc_startup/src/sysinit.o
                0x000000001a001300                SystemInit
 .text          0x000000001a001338       0x30 /usr/lib/gcc/arm-none-eabi/11.2.0/thumb/v7e-m+fp/hard/libgcc.a(_aeabi_uldivmod.o)
                0x000000001a001338                __aeabi_uldivmod
 .text.__udivmoddi4
                0x000000001a001368      0x27a /usr/lib/gcc/arm-none-eabi/11.2.0/thumb/v7e-m+fp/hard/libgcc.a(_udivmoddi4.o)
                0x000000001a001368                __udivmoddi4
 *fill*         0x000000001a0015e2        0x2 
 .text          0x000000001a0015e4        0x4 /usr/lib/gcc/arm-none-eabi/11.2.0/thumb/v7e-m+fp/hard/libgcc.a(_dvmd_tls.o)
                0x000000001a0015e4                __aeabi_ldiv0
                0x000000001a0015e4                __aeabi_idiv0
 .text.__libc_init_array
                0x000000001a0015e8       0x48 /usr/lib/gcc/arm-none-eabi/11.2.0/../../../../arm-none-eabi/lib/thumb/v7e-m+fp/hard/libc_nano.a(lib_a-init.o)
                0x000000001a0015e8                __libc_init_array
 .text.memset   0x000000001a001630       0x10 /usr/lib/gcc/arm-none-eabi/11.2.0/../../../../arm-none-eabi/lib/thumb/v7e-m+fp/hard/libc_nano.a(lib_a-memset.o)
                0x000000001a001630                memset
 *(.rodata .rodata.* .constdata .constdata.*)
 .rodata.ExtRateIn
                0x000000001a001640        0x4 projects/lab1/out/libs/lpc_open/boards/edu_ciaa_nxp/src/board.o
                0x000000001a001640                ExtRateIn
 .rodata.GpioButtons
                0x000000001a001644        0x8 projects/lab1/out/libs/lpc_open/boards/edu_ciaa_nxp/src/board.o
 .rodata.GpioLeds
                0x000000001a00164c        0xc projects/lab1/out/libs/lpc_open/boards/edu_ciaa_nxp/src/board.o
 .rodata.GpioPorts
                0x000000001a001658       0x12 projects/lab1/out/libs/lpc_open/boards/edu_ciaa_nxp/src/board.o
 *fill*         0x000000001a00166a        0x2 
 .rodata.OscRateIn
                0x000000001a00166c        0x4 projects/lab1/out/libs/lpc_open/boards/edu_ciaa_nxp/src/board.o
                0x000000001a00166c                OscRateIn
 .rodata.InitClkStates
                0x000000001a001670        0x4 projects/lab1/out/libs/lpc_open/boards/edu_ciaa_nxp/src/board_sysinit.o
 .rodata.pinmuxing
                0x000000001a001674       0x74 projects/lab1/out/libs/lpc_open/boards/edu_ciaa_nxp/src/board_sysinit.o
 .rodata.Chip_Clock_SetDivider.str1.4
                0x000000001a0016e8        0x6 projects/lab1/out/libs/lpc_open/lpc_chip_43xx/src/clock_18xx_43xx.o
 *fill*         0x000000001a0016ee        0x2 
 .rodata.periph_to_base
                0x000000001a0016f0       0x6c projects/lab1/out/libs/lpc_open/lpc_chip_43xx/src/clock_18xx_43xx.o
 .rodata.InitClkStates
                0x000000001a00175c       0x48 projects/lab1/out/libs/lpc_open/lpc_chip_43xx/src/sysinit_18xx_43xx.o
 .rodata.UART_BClock
                0x000000001a0017a4        0x8 projects/lab1/out/libs/lpc_open/lpc_chip_43xx/src/uart_18xx_43xx.o
 .rodata.UART_PClock
                0x000000001a0017ac        0x8 projects/lab1/out/libs/lpc_open/lpc_chip_43xx/src/uart_18xx_43xx.o
                0x000000001a0017b4                . = ALIGN (0x4)

.ARM.extab
 *(.ARM.extab* .gnu.linkonce.armextab.*)
                0x000000001a0017b4                __exidx_start = .

.ARM.exidx      0x000000001a0017b4        0x8
 *(.ARM.exidx* .gnu.linkonce.armexidx.*)
 .ARM.exidx.text.__udivmoddi4
                0x000000001a0017b4        0x8 /usr/lib/gcc/arm-none-eabi/11.2.0/thumb/v7e-m+fp/hard/libgcc.a(_udivmoddi4.o)
                0x000000001a0017bc                __exidx_end = .
                0x000000001a0017bc                _etext = .

.rel.dyn        0x000000001a0017bc        0x0
 .rel.iplt      0x000000001a0017bc        0x0 projects/lab1/out/projects/lab1/src/configuracion.o

.data_RAM2      0x0000000010080000        0x0 load address 0x000000001a0017bc
 FILL mask 0xff
 *(.ramfunc.$RAM2)
 *(.ramfunc.$RamLoc40)
 *(.data.$RAM2*)
 *(.data.$RamLoc40*)
                0x0000000010080000                . = ALIGN (0x4)

.data_RAM3      0x0000000020000000        0x0 load address 0x000000001a0017bc
 FILL mask 0xff
 *(.ramfunc.$RAM3)
 *(.ramfunc.$RamAHB32)
 *(.data.$RAM3*)
 *(.data.$RamAHB32*)
                0x0000000020000000                . = ALIGN (0x4)

.data_RAM4      0x0000000020008000        0x0 load address 0x000000001a0017bc
 FILL mask 0xff
 *(.ramfunc.$RAM4)
 *(.ramfunc.$RamAHB16)
 *(.data.$RAM4*)
 *(.data.$RamAHB16*)
                0x0000000020008000                . = ALIGN (0x4)

.data_RAM5      0x000000002000c000        0x0 load address 0x000000001a0017bc
 FILL mask 0xff
 *(.ramfunc.$RAM5)
 *(.ramfunc.$RamAHB_ETB16)
 *(.data.$RAM5*)
 *(.data.$RamAHB_ETB16*)
                0x000000002000c000                . = ALIGN (0x4)

.uninit_RESERVED
                0x0000000010000000        0x0
 *(.bss.$RESERVED*)
                0x0000000010000000                . = ALIGN (0x4)
                0x0000000010000000                _end_uninit_RESERVED = .

.data           0x0000000010000000       0x38 load address 0x000000001a0017bc
 FILL mask 0xff
                0x0000000010000000                _data = .
 *(vtable)
 *(.ramfunc*)
 *(.data*)
 .data.i2c      0x0000000010000000       0x38 projects/lab1/out/libs/lpc_open/lpc_chip_43xx/src/i2c_18xx_43xx.o
                0x0000000010000038                . = ALIGN (0x4)
                0x0000000010000038                _edata = .

.igot.plt       0x0000000010000038        0x0 load address 0x000000001a0017f4
 .igot.plt      0x0000000010000038        0x0 projects/lab1/out/projects/lab1/src/configuracion.o

.bss_RAM2       0x0000000010080000        0x0
 *(.bss.$RAM2*)
 *(.bss.$RamLoc40*)
                0x0000000010080000                . = ALIGN (0x4)

.bss_RAM3       0x0000000020000000        0x0
 *(.bss.$RAM3*)
 *(.bss.$RamAHB32*)
                0x0000000020000000                . = ALIGN (0x4)

.bss_RAM4       0x0000000020008000        0x0
 *(.bss.$RAM4*)
 *(.bss.$RamAHB16*)
                0x0000000020008000                . = ALIGN (0x4)

.bss_RAM5       0x000000002000c000        0x0
 *(.bss.$RAM5*)
 *(.bss.$RamAHB_ETB16*)
                0x000000002000c000                . = ALIGN (0x4)

.bss            0x0000000010000038       0x14
                0x0000000010000038                _bss = .
 *(.bss*)
 .bss.actualizar
                0x0000000010000038        0x1 projects/lab1/out/projects/lab1/src/lab1.o
 *fill*         0x0000000010000039        0x3 
 .bss.contador.0
                0x000000001000003c        0x4 projects/lab1/out/projects/lab1/src/lab1.o
 .bss.SystemCoreClock
                0x0000000010000040        0x4 projects/lab1/out/libs/lpc_open/lpc_chip_43xx/src/chip_18xx_43xx.o
                0x0000000010000040                SystemCoreClock
 .bss.audio_usb_pll_freq
                0x0000000010000044        0x8 projects/lab1/out/libs/lpc_open/lpc_chip_43xx/src/clock_18xx_43xx.o
 *(COMMON)
                0x000000001000004c                . = ALIGN (0x4)
                0x000000001000004c                _ebss = .
                [!provide]                        PROVIDE (end = .)

.noinit_RAM2    0x0000000010080000        0x0
 *(.noinit.$RAM2*)
 *(.noinit.$RamLoc40*)
                0x0000000010080000                . = ALIGN (0x4)

.noinit_RAM3    0x0000000020000000        0x0
 *(.noinit.$RAM3*)
 *(.noinit.$RamAHB32*)
                0x0000000020000000                . = ALIGN (0x4)

.noinit_RAM4    0x0000000020008000        0x0
 *(.noinit.$RAM4*)
 *(.noinit.$RamAHB16*)
                0x0000000020008000                . = ALIGN (0x4)

.noinit_RAM5    0x000000002000c000        0x0
 *(.noinit.$RAM5*)
 *(.noinit.$RamAHB_ETB16*)
                0x000000002000c000                . = ALIGN (0x4)

.noinit         0x000000001000004c        0x0
                0x000000001000004c                _noinit = .
 *(.noinit*)
                0x000000001000004c                . = ALIGN (0x4)
                0x000000001000004c                _end_noinit = .
                0x000000001000004c                PROVIDE (_pvHeapStart = .)
                0x0000000010008000                PROVIDE (_vStackTop = (__top_RamLoc32 - 0x0))
                0xffffffff53ff7426                PROVIDE (__valid_user_code_checksum = (0x0 - ((((((_vStackTop + (Reset_Handler + 0x1)) + (NMI_Handler + 0x1)) + (HardFault_Handler + 0x1)) + (DEFINED (MemManage_Handler)?MemManage_Handler:0x0 + 0x1)) + (DEFINED (BusFault_Handler)?BusFault_Handler:0x0 + 0x1)) + (DEFINED (UsageFault_Handler)?UsageFault_Handler:0x0 + 0x1))))
OUTPUT(projects/lab1/out/lab1.elf elf32-littlearm)
LOAD linker stubs

.debug_info     0x0000000000000000     0xf514
 .debug_info    0x0000000000000000     0x1139 projects/lab1/out/projects/lab1/src/configuracion.o
 .debug_info    0x0000000000001139      0x8f5 projects/lab1/out/projects/lab1/src/lab1.o
 .debug_info    0x0000000000001a2e      0x323 projects/lab1/out/libs/cmsis_core//src/armv7m_startup.o
 .debug_info    0x0000000000001d51      0xfab projects/lab1/out/libs/sys_newlib//src/system.o
 .debug_info    0x0000000000002cfc      0xf98 projects/lab1/out/modules/drivers_bm//src/led.o
 .debug_info    0x0000000000003c94     0x1b60 projects/lab1/out/libs/lpc_open/boards/edu_ciaa_nxp/src/board.o
 .debug_info    0x00000000000057f4      0xca9 projects/lab1/out/libs/lpc_open/boards/edu_ciaa_nxp/src/board_sysinit.o
 .debug_info    0x000000000000649d      0xb5f projects/lab1/out/libs/lpc_open/lpc_chip_43xx/src/adc_18xx_43xx.o
 .debug_info    0x0000000000006ffc      0xca8 projects/lab1/out/libs/lpc_open/lpc_chip_43xx/src/chip_18xx_43xx.o
 .debug_info    0x0000000000007ca4     0x1a70 projects/lab1/out/libs/lpc_open/lpc_chip_43xx/src/clock_18xx_43xx.o
 .debug_info    0x0000000000009714      0x1ce projects/lab1/out/libs/lpc_open/lpc_chip_43xx/src/gpio_18xx_43xx.o
 .debug_info    0x00000000000098e2     0x1496 projects/lab1/out/libs/lpc_open/lpc_chip_43xx/src/i2c_18xx_43xx.o
 .debug_info    0x000000000000ad78     0x190c projects/lab1/out/libs/lpc_open/lpc_chip_43xx/src/ssp_18xx_43xx.o
 .debug_info    0x000000000000c684      0xadb projects/lab1/out/libs/lpc_open/lpc_chip_43xx/src/sysinit_18xx_43xx.o
 .debug_info    0x000000000000d15f     0x189e projects/lab1/out/libs/lpc_open/lpc_chip_43xx/src/uart_18xx_43xx.o
 .debug_info    0x000000000000e9fd       0x41 projects/lab1/out/libs/lpc_open/lpc_startup/src/crp.o
 .debug_info    0x000000000000ea3e      0x333 projects/lab1/out/libs/lpc_open/lpc_startup/src/sysinit.o
 .debug_info    0x000000000000ed71       0x77 projects/lab1/out/libs/lpc_open/lpc_startup/src/vendor_interrupt.o
 .debug_info    0x000000000000ede8       0x24 /usr/lib/gcc/arm-none-eabi/11.2.0/thumb/v7e-m+fp/hard/libgcc.a(_aeabi_uldivmod.o)
 .debug_info    0x000000000000ee0c      0x6e4 /usr/lib/gcc/arm-none-eabi/11.2.0/thumb/v7e-m+fp/hard/libgcc.a(_udivmoddi4.o)
 .debug_info    0x000000000000f4f0       0x24 /usr/lib/gcc/arm-none-eabi/11.2.0/thumb/v7e-m+fp/hard/libgcc.a(_dvmd_tls.o)

.debug_abbrev   0x0000000000000000     0x2c83
 .debug_abbrev  0x0000000000000000      0x27b projects/lab1/out/projects/lab1/src/configuracion.o
 .debug_abbrev  0x000000000000027b      0x20f projects/lab1/out/projects/lab1/src/lab1.o
 .debug_abbrev  0x000000000000048a      0x14e projects/lab1/out/libs/cmsis_core//src/armv7m_startup.o
 .debug_abbrev  0x00000000000005d8      0x2e7 projects/lab1/out/libs/sys_newlib//src/system.o
 .debug_abbrev  0x00000000000008bf      0x249 projects/lab1/out/modules/drivers_bm//src/led.o
 .debug_abbrev  0x0000000000000b08      0x4b3 projects/lab1/out/libs/lpc_open/boards/edu_ciaa_nxp/src/board.o
 .debug_abbrev  0x0000000000000fbb      0x251 projects/lab1/out/libs/lpc_open/boards/edu_ciaa_nxp/src/board_sysinit.o
 .debug_abbrev  0x000000000000120c      0x21c projects/lab1/out/libs/lpc_open/lpc_chip_43xx/src/adc_18xx_43xx.o
 .debug_abbrev  0x0000000000001428      0x223 projects/lab1/out/libs/lpc_open/lpc_chip_43xx/src/chip_18xx_43xx.o
 .debug_abbrev  0x000000000000164b      0x3df projects/lab1/out/libs/lpc_open/lpc_chip_43xx/src/clock_18xx_43xx.o
 .debug_abbrev  0x0000000000001a2a       0xe9 projects/lab1/out/libs/lpc_open/lpc_chip_43xx/src/gpio_18xx_43xx.o
 .debug_abbrev  0x0000000000001b13      0x3c4 projects/lab1/out/libs/lpc_open/lpc_chip_43xx/src/i2c_18xx_43xx.o
 .debug_abbrev  0x0000000000001ed7      0x3a4 projects/lab1/out/libs/lpc_open/lpc_chip_43xx/src/ssp_18xx_43xx.o
 .debug_abbrev  0x000000000000227b      0x244 projects/lab1/out/libs/lpc_open/lpc_chip_43xx/src/sysinit_18xx_43xx.o
 .debug_abbrev  0x00000000000024bf      0x43a projects/lab1/out/libs/lpc_open/lpc_chip_43xx/src/uart_18xx_43xx.o
 .debug_abbrev  0x00000000000028f9       0x37 projects/lab1/out/libs/lpc_open/lpc_startup/src/crp.o
 .debug_abbrev  0x0000000000002930      0x13c projects/lab1/out/libs/lpc_open/lpc_startup/src/sysinit.o
 .debug_abbrev  0x0000000000002a6c       0x76 projects/lab1/out/libs/lpc_open/lpc_startup/src/vendor_interrupt.o
 .debug_abbrev  0x0000000000002ae2       0x14 /usr/lib/gcc/arm-none-eabi/11.2.0/thumb/v7e-m+fp/hard/libgcc.a(_aeabi_uldivmod.o)
 .debug_abbrev  0x0000000000002af6      0x179 /usr/lib/gcc/arm-none-eabi/11.2.0/thumb/v7e-m+fp/hard/libgcc.a(_udivmoddi4.o)
 .debug_abbrev  0x0000000000002c6f       0x14 /usr/lib/gcc/arm-none-eabi/11.2.0/thumb/v7e-m+fp/hard/libgcc.a(_dvmd_tls.o)

.debug_loclists
                0x0000000000000000     0x4d27
 .debug_loclists
                0x0000000000000000      0x4f0 projects/lab1/out/projects/lab1/src/configuracion.o
 .debug_loclists
                0x00000000000004f0       0x51 projects/lab1/out/projects/lab1/src/lab1.o
 .debug_loclists
                0x0000000000000541      0x17a projects/lab1/out/libs/cmsis_core//src/armv7m_startup.o
 .debug_loclists
                0x00000000000006bb      0x3ec projects/lab1/out/libs/sys_newlib//src/system.o
 .debug_loclists
                0x0000000000000aa7      0x7a0 projects/lab1/out/modules/drivers_bm//src/led.o
 .debug_loclists
                0x0000000000001247      0x426 projects/lab1/out/libs/lpc_open/boards/edu_ciaa_nxp/src/board.o
 .debug_loclists
                0x000000000000166d       0xb5 projects/lab1/out/libs/lpc_open/boards/edu_ciaa_nxp/src/board_sysinit.o
 .debug_loclists
                0x0000000000001722      0x44b projects/lab1/out/libs/lpc_open/lpc_chip_43xx/src/adc_18xx_43xx.o
 .debug_loclists
                0x0000000000001b6d      0xd23 projects/lab1/out/libs/lpc_open/lpc_chip_43xx/src/clock_18xx_43xx.o
 .debug_loclists
                0x0000000000002890      0x94d projects/lab1/out/libs/lpc_open/lpc_chip_43xx/src/i2c_18xx_43xx.o
 .debug_loclists
                0x00000000000031dd      0x927 projects/lab1/out/libs/lpc_open/lpc_chip_43xx/src/ssp_18xx_43xx.o
 .debug_loclists
                0x0000000000003b04      0x12b projects/lab1/out/libs/lpc_open/lpc_chip_43xx/src/sysinit_18xx_43xx.o
 .debug_loclists
                0x0000000000003c2f      0x8c4 projects/lab1/out/libs/lpc_open/lpc_chip_43xx/src/uart_18xx_43xx.o
 .debug_loclists
                0x00000000000044f3       0x17 projects/lab1/out/libs/lpc_open/lpc_startup/src/sysinit.o
 .debug_loclists
                0x000000000000450a      0x81d /usr/lib/gcc/arm-none-eabi/11.2.0/thumb/v7e-m+fp/hard/libgcc.a(_udivmoddi4.o)

.debug_aranges  0x0000000000000000      0x828
 .debug_aranges
                0x0000000000000000       0x28 projects/lab1/out/projects/lab1/src/configuracion.o
 .debug_aranges
                0x0000000000000028       0x40 projects/lab1/out/projects/lab1/src/lab1.o
 .debug_aranges
                0x0000000000000068       0x90 projects/lab1/out/libs/cmsis_core//src/armv7m_startup.o
 .debug_aranges
                0x00000000000000f8       0xe0 projects/lab1/out/libs/sys_newlib//src/system.o
 .debug_aranges
                0x00000000000001d8       0x38 projects/lab1/out/modules/drivers_bm//src/led.o
 .debug_aranges
                0x0000000000000210       0xc0 projects/lab1/out/libs/lpc_open/boards/edu_ciaa_nxp/src/board.o
 .debug_aranges
                0x00000000000002d0       0x30 projects/lab1/out/libs/lpc_open/boards/edu_ciaa_nxp/src/board_sysinit.o
 .debug_aranges
                0x0000000000000300       0x90 projects/lab1/out/libs/lpc_open/lpc_chip_43xx/src/adc_18xx_43xx.o
 .debug_aranges
                0x0000000000000390       0x38 projects/lab1/out/libs/lpc_open/lpc_chip_43xx/src/chip_18xx_43xx.o
 .debug_aranges
                0x00000000000003c8      0x128 projects/lab1/out/libs/lpc_open/lpc_chip_43xx/src/clock_18xx_43xx.o
 .debug_aranges
                0x00000000000004f0       0x28 projects/lab1/out/libs/lpc_open/lpc_chip_43xx/src/gpio_18xx_43xx.o
 .debug_aranges
                0x0000000000000518       0xd8 projects/lab1/out/libs/lpc_open/lpc_chip_43xx/src/i2c_18xx_43xx.o
 .debug_aranges
                0x00000000000005f0       0xa0 projects/lab1/out/libs/lpc_open/lpc_chip_43xx/src/ssp_18xx_43xx.o
 .debug_aranges
                0x0000000000000690       0x38 projects/lab1/out/libs/lpc_open/lpc_chip_43xx/src/sysinit_18xx_43xx.o
 .debug_aranges
                0x00000000000006c8       0xa8 projects/lab1/out/libs/lpc_open/lpc_chip_43xx/src/uart_18xx_43xx.o
 .debug_aranges
                0x0000000000000770       0x18 projects/lab1/out/libs/lpc_open/lpc_startup/src/crp.o
 .debug_aranges
                0x0000000000000788       0x20 projects/lab1/out/libs/lpc_open/lpc_startup/src/sysinit.o
 .debug_aranges
                0x00000000000007a8       0x20 projects/lab1/out/libs/lpc_open/lpc_startup/src/vendor_interrupt.o
 .debug_aranges
                0x00000000000007c8       0x20 /usr/lib/gcc/arm-none-eabi/11.2.0/thumb/v7e-m+fp/hard/libgcc.a(_aeabi_uldivmod.o)
 .debug_aranges
                0x00000000000007e8       0x20 /usr/lib/gcc/arm-none-eabi/11.2.0/thumb/v7e-m+fp/hard/libgcc.a(_udivmoddi4.o)
 .debug_aranges
                0x0000000000000808       0x20 /usr/lib/gcc/arm-none-eabi/11.2.0/thumb/v7e-m+fp/hard/libgcc.a(_dvmd_tls.o)

.debug_rnglists
                0x0000000000000000      0x6a7
 .debug_rnglists
                0x0000000000000000       0x19 projects/lab1/out/projects/lab1/src/configuracion.o
 .debug_rnglists
                0x0000000000000019       0x2b projects/lab1/out/projects/lab1/src/lab1.o
 .debug_rnglists
                0x0000000000000044       0x68 projects/lab1/out/libs/cmsis_core//src/armv7m_startup.o
 .debug_rnglists
                0x00000000000000ac       0xa3 projects/lab1/out/libs/sys_newlib//src/system.o
 .debug_rnglists
                0x000000000000014f       0x25 projects/lab1/out/modules/drivers_bm//src/led.o
 .debug_rnglists
                0x0000000000000174       0xaf projects/lab1/out/libs/lpc_open/boards/edu_ciaa_nxp/src/board.o
 .debug_rnglists
                0x0000000000000223       0x2b projects/lab1/out/libs/lpc_open/boards/edu_ciaa_nxp/src/board_sysinit.o
 .debug_rnglists
                0x000000000000024e       0x67 projects/lab1/out/libs/lpc_open/lpc_chip_43xx/src/adc_18xx_43xx.o
 .debug_rnglists
                0x00000000000002b5       0x25 projects/lab1/out/libs/lpc_open/lpc_chip_43xx/src/chip_18xx_43xx.o
 .debug_rnglists
                0x00000000000002da      0x11b projects/lab1/out/libs/lpc_open/lpc_chip_43xx/src/clock_18xx_43xx.o
 .debug_rnglists
                0x00000000000003f5       0x19 projects/lab1/out/libs/lpc_open/lpc_chip_43xx/src/gpio_18xx_43xx.o
 .debug_rnglists
                0x000000000000040e       0xa2 projects/lab1/out/libs/lpc_open/lpc_chip_43xx/src/i2c_18xx_43xx.o
 .debug_rnglists
                0x00000000000004b0       0xb4 projects/lab1/out/libs/lpc_open/lpc_chip_43xx/src/ssp_18xx_43xx.o
 .debug_rnglists
                0x0000000000000564       0x26 projects/lab1/out/libs/lpc_open/lpc_chip_43xx/src/sysinit_18xx_43xx.o
 .debug_rnglists
                0x000000000000058a       0x86 projects/lab1/out/libs/lpc_open/lpc_chip_43xx/src/uart_18xx_43xx.o
 .debug_rnglists
                0x0000000000000610       0x13 projects/lab1/out/libs/lpc_open/lpc_startup/src/sysinit.o
 .debug_rnglists
                0x0000000000000623       0x13 projects/lab1/out/libs/lpc_open/lpc_startup/src/vendor_interrupt.o
 .debug_rnglists
                0x0000000000000636       0x71 /usr/lib/gcc/arm-none-eabi/11.2.0/thumb/v7e-m+fp/hard/libgcc.a(_udivmoddi4.o)

.debug_macro    0x0000000000000000     0x90a8
 .debug_macro   0x0000000000000000      0x325 projects/lab1/out/projects/lab1/src/configuracion.o
 .debug_macro   0x0000000000000325      0xaba projects/lab1/out/projects/lab1/src/configuracion.o
 .debug_macro   0x0000000000000ddf       0x10 projects/lab1/out/projects/lab1/src/configuracion.o
 .debug_macro   0x0000000000000def       0x22 projects/lab1/out/projects/lab1/src/configuracion.o
 .debug_macro   0x0000000000000e11       0x56 projects/lab1/out/projects/lab1/src/configuracion.o
 .debug_macro   0x0000000000000e67       0x51 projects/lab1/out/projects/lab1/src/configuracion.o
 .debug_macro   0x0000000000000eb8      0x103 projects/lab1/out/projects/lab1/src/configuracion.o
 .debug_macro   0x0000000000000fbb       0x6a projects/lab1/out/projects/lab1/src/configuracion.o
 .debug_macro   0x0000000000001025      0x1df projects/lab1/out/projects/lab1/src/configuracion.o
 .debug_macro   0x0000000000001204       0x22 projects/lab1/out/projects/lab1/src/configuracion.o
 .debug_macro   0x0000000000001226       0x73 projects/lab1/out/projects/lab1/src/configuracion.o
 .debug_macro   0x0000000000001299       0x22 projects/lab1/out/projects/lab1/src/configuracion.o
 .debug_macro   0x00000000000012bb       0x1c projects/lab1/out/projects/lab1/src/configuracion.o
 .debug_macro   0x00000000000012d7       0x22 projects/lab1/out/projects/lab1/src/configuracion.o
 .debug_macro   0x00000000000012f9       0xd9 projects/lab1/out/projects/lab1/src/configuracion.o
 .debug_macro   0x00000000000013d2     0x102d projects/lab1/out/projects/lab1/src/configuracion.o
 .debug_macro   0x00000000000023ff      0x11f projects/lab1/out/projects/lab1/src/configuracion.o
 .debug_macro   0x000000000000251e      0x2c3 projects/lab1/out/projects/lab1/src/configuracion.o
 .debug_macro   0x00000000000027e1      0x112 projects/lab1/out/projects/lab1/src/configuracion.o
 .debug_macro   0x00000000000028f3       0x11 projects/lab1/out/projects/lab1/src/configuracion.o
 .debug_macro   0x0000000000002904       0x2a projects/lab1/out/projects/lab1/src/configuracion.o
 .debug_macro   0x000000000000292e       0x16 projects/lab1/out/projects/lab1/src/configuracion.o
 .debug_macro   0x0000000000002944      0x2e6 projects/lab1/out/projects/lab1/src/configuracion.o
 .debug_macro   0x0000000000002c2a       0x82 projects/lab1/out/projects/lab1/src/configuracion.o
 .debug_macro   0x0000000000002cac      0x13d projects/lab1/out/projects/lab1/src/configuracion.o
 .debug_macro   0x0000000000002de9      0x198 projects/lab1/out/projects/lab1/src/configuracion.o
 .debug_macro   0x0000000000002f81       0x34 projects/lab1/out/projects/lab1/src/configuracion.o
 .debug_macro   0x0000000000002fb5       0x58 projects/lab1/out/projects/lab1/src/configuracion.o
 .debug_macro   0x000000000000300d      0x236 projects/lab1/out/projects/lab1/src/configuracion.o
 .debug_macro   0x0000000000003243      0x572 projects/lab1/out/projects/lab1/src/configuracion.o
 .debug_macro   0x00000000000037b5       0x16 projects/lab1/out/projects/lab1/src/configuracion.o
 .debug_macro   0x00000000000037cb      0x18a projects/lab1/out/projects/lab1/src/configuracion.o
 .debug_macro   0x0000000000003955       0x88 projects/lab1/out/projects/lab1/src/configuracion.o
 .debug_macro   0x00000000000039dd      0x1b9 projects/lab1/out/projects/lab1/src/configuracion.o
 .debug_macro   0x0000000000003b96      0x1da projects/lab1/out/projects/lab1/src/configuracion.o
 .debug_macro   0x0000000000003d70       0x40 projects/lab1/out/projects/lab1/src/configuracion.o
 .debug_macro   0x0000000000003db0       0x1c projects/lab1/out/projects/lab1/src/configuracion.o
 .debug_macro   0x0000000000003dcc       0x2e projects/lab1/out/projects/lab1/src/configuracion.o
 .debug_macro   0x0000000000003dfa       0x2e projects/lab1/out/projects/lab1/src/configuracion.o
 .debug_macro   0x0000000000003e28       0x22 projects/lab1/out/projects/lab1/src/configuracion.o
 .debug_macro   0x0000000000003e4a      0x201 projects/lab1/out/projects/lab1/src/configuracion.o
 .debug_macro   0x000000000000404b       0xe0 projects/lab1/out/projects/lab1/src/configuracion.o
 .debug_macro   0x000000000000412b      0x34c projects/lab1/out/projects/lab1/src/configuracion.o
 .debug_macro   0x0000000000004477       0xdc projects/lab1/out/projects/lab1/src/configuracion.o
 .debug_macro   0x0000000000004553       0xc4 projects/lab1/out/projects/lab1/src/configuracion.o
 .debug_macro   0x0000000000004617       0x8f projects/lab1/out/projects/lab1/src/configuracion.o
 .debug_macro   0x00000000000046a6       0x94 projects/lab1/out/projects/lab1/src/configuracion.o
 .debug_macro   0x000000000000473a       0xb8 projects/lab1/out/projects/lab1/src/configuracion.o
 .debug_macro   0x00000000000047f2       0x4c projects/lab1/out/projects/lab1/src/configuracion.o
 .debug_macro   0x000000000000483e       0x16 projects/lab1/out/projects/lab1/src/configuracion.o
 .debug_macro   0x0000000000004854      0x328 projects/lab1/out/projects/lab1/src/configuracion.o
 .debug_macro   0x0000000000004b7c       0x3a projects/lab1/out/projects/lab1/src/configuracion.o
 .debug_macro   0x0000000000004bb6       0xd0 projects/lab1/out/projects/lab1/src/configuracion.o
 .debug_macro   0x0000000000004c86       0x18 projects/lab1/out/projects/lab1/src/configuracion.o
 .debug_macro   0x0000000000004c9e       0x22 projects/lab1/out/projects/lab1/src/configuracion.o
 .debug_macro   0x0000000000004cc0       0x40 projects/lab1/out/projects/lab1/src/configuracion.o
 .debug_macro   0x0000000000004d00      0x410 projects/lab1/out/projects/lab1/src/lab1.o
 .debug_macro   0x0000000000005110       0x1e projects/lab1/out/projects/lab1/src/lab1.o
 .debug_macro   0x000000000000512e       0x5e projects/lab1/out/projects/lab1/src/lab1.o
 .debug_macro   0x000000000000518c       0x5c projects/lab1/out/projects/lab1/src/lab1.o
 .debug_macro   0x00000000000051e8       0x35 projects/lab1/out/projects/lab1/src/lab1.o
 .debug_macro   0x000000000000521d       0x34 projects/lab1/out/projects/lab1/src/lab1.o
 .debug_macro   0x0000000000005251       0x16 projects/lab1/out/projects/lab1/src/lab1.o
 .debug_macro   0x0000000000005267      0x10e projects/lab1/out/projects/lab1/src/lab1.o
 .debug_macro   0x0000000000005375       0x86 projects/lab1/out/projects/lab1/src/lab1.o
 .debug_macro   0x00000000000053fb       0x16 projects/lab1/out/projects/lab1/src/lab1.o
 .debug_macro   0x0000000000005411       0x43 projects/lab1/out/projects/lab1/src/lab1.o
 .debug_macro   0x0000000000005454       0x57 projects/lab1/out/projects/lab1/src/lab1.o
 .debug_macro   0x00000000000054ab       0x34 projects/lab1/out/projects/lab1/src/lab1.o
 .debug_macro   0x00000000000054df       0x10 projects/lab1/out/projects/lab1/src/lab1.o
 .debug_macro   0x00000000000054ef       0x58 projects/lab1/out/projects/lab1/src/lab1.o
 .debug_macro   0x0000000000005547      0x182 projects/lab1/out/projects/lab1/src/lab1.o
 .debug_macro   0x00000000000056c9      0x35d projects/lab1/out/projects/lab1/src/lab1.o
 .debug_macro   0x0000000000005a26       0x22 projects/lab1/out/projects/lab1/src/lab1.o
 .debug_macro   0x0000000000005a48       0x6c projects/lab1/out/projects/lab1/src/lab1.o
 .debug_macro   0x0000000000005ab4       0x11 projects/lab1/out/projects/lab1/src/lab1.o
 .debug_macro   0x0000000000005ac5       0x16 projects/lab1/out/projects/lab1/src/lab1.o
 .debug_macro   0x0000000000005adb       0x16 projects/lab1/out/projects/lab1/src/lab1.o
 .debug_macro   0x0000000000005af1       0x35 projects/lab1/out/projects/lab1/src/lab1.o
 .debug_macro   0x0000000000005b26       0x1d projects/lab1/out/libs/cmsis_core//src/armv7m_startup.o
 .debug_macro   0x0000000000005b43      0x162 projects/lab1/out/libs/sys_newlib//src/system.o
 .debug_macro   0x0000000000005ca5      0x16d projects/lab1/out/libs/sys_newlib//src/system.o
 .debug_macro   0x0000000000005e12       0x10 projects/lab1/out/libs/sys_newlib//src/system.o
 .debug_macro   0x0000000000005e22       0x10 projects/lab1/out/libs/sys_newlib//src/system.o
 .debug_macro   0x0000000000005e32      0x241 projects/lab1/out/libs/sys_newlib//src/system.o
 .debug_macro   0x0000000000006073       0x10 projects/lab1/out/libs/sys_newlib//src/system.o
 .debug_macro   0x0000000000006083       0xb2 projects/lab1/out/libs/sys_newlib//src/system.o
 .debug_macro   0x0000000000006135      0x105 projects/lab1/out/libs/sys_newlib//src/system.o
 .debug_macro   0x000000000000623a       0x16 projects/lab1/out/libs/sys_newlib//src/system.o
 .debug_macro   0x0000000000006250      0x3c0 projects/lab1/out/modules/drivers_bm//src/led.o
 .debug_macro   0x0000000000006610       0x10 projects/lab1/out/modules/drivers_bm//src/led.o
 .debug_macro   0x0000000000006620      0x432 projects/lab1/out/libs/lpc_open/boards/edu_ciaa_nxp/src/board.o
 .debug_macro   0x0000000000006a52       0x64 projects/lab1/out/libs/lpc_open/boards/edu_ciaa_nxp/src/board.o
 .debug_macro   0x0000000000006ab6       0x16 projects/lab1/out/libs/lpc_open/boards/edu_ciaa_nxp/src/board.o
 .debug_macro   0x0000000000006acc       0x97 projects/lab1/out/libs/lpc_open/boards/edu_ciaa_nxp/src/board.o
 .debug_macro   0x0000000000006b63       0xf6 projects/lab1/out/libs/lpc_open/boards/edu_ciaa_nxp/src/board.o
 .debug_macro   0x0000000000006c59       0x10 projects/lab1/out/libs/lpc_open/boards/edu_ciaa_nxp/src/board.o
 .debug_macro   0x0000000000006c69       0xbe projects/lab1/out/libs/lpc_open/boards/edu_ciaa_nxp/src/board.o
 .debug_macro   0x0000000000006d27       0x16 projects/lab1/out/libs/lpc_open/boards/edu_ciaa_nxp/src/board.o
 .debug_macro   0x0000000000006d3d      0x129 projects/lab1/out/libs/lpc_open/boards/edu_ciaa_nxp/src/board.o
 .debug_macro   0x0000000000006e66       0x20 projects/lab1/out/libs/lpc_open/boards/edu_ciaa_nxp/src/board.o
 .debug_macro   0x0000000000006e86       0xee projects/lab1/out/libs/lpc_open/boards/edu_ciaa_nxp/src/board.o
 .debug_macro   0x0000000000006f74      0x420 projects/lab1/out/libs/lpc_open/boards/edu_ciaa_nxp/src/board_sysinit.o
 .debug_macro   0x0000000000007394      0x315 projects/lab1/out/libs/lpc_open/lpc_chip_43xx/src/adc_18xx_43xx.o
 .debug_macro   0x00000000000076a9      0x315 projects/lab1/out/libs/lpc_open/lpc_chip_43xx/src/chip_18xx_43xx.o
 .debug_macro   0x00000000000079be      0x31b projects/lab1/out/libs/lpc_open/lpc_chip_43xx/src/clock_18xx_43xx.o
 .debug_macro   0x0000000000007cd9      0x315 projects/lab1/out/libs/lpc_open/lpc_chip_43xx/src/gpio_18xx_43xx.o
 .debug_macro   0x0000000000007fee      0x327 projects/lab1/out/libs/lpc_open/lpc_chip_43xx/src/i2c_18xx_43xx.o
 .debug_macro   0x0000000000008315      0x315 projects/lab1/out/libs/lpc_open/lpc_chip_43xx/src/ssp_18xx_43xx.o
 .debug_macro   0x000000000000862a      0x315 projects/lab1/out/libs/lpc_open/lpc_chip_43xx/src/sysinit_18xx_43xx.o
 .debug_macro   0x000000000000893f      0x315 projects/lab1/out/libs/lpc_open/lpc_chip_43xx/src/uart_18xx_43xx.o
 .debug_macro   0x0000000000008c54       0x17 projects/lab1/out/libs/lpc_open/lpc_startup/src/crp.o
 .debug_macro   0x0000000000008c6b      0x420 projects/lab1/out/libs/lpc_open/lpc_startup/src/sysinit.o
 .debug_macro   0x000000000000908b       0x1d projects/lab1/out/libs/lpc_open/lpc_startup/src/vendor_interrupt.o

.debug_line     0x0000000000000000     0xa94e
 .debug_line    0x0000000000000000      0x8f2 projects/lab1/out/projects/lab1/src/configuracion.o
 .debug_line    0x00000000000008f2      0x7b0 projects/lab1/out/projects/lab1/src/lab1.o
 .debug_line    0x00000000000010a2      0x2ac projects/lab1/out/libs/cmsis_core//src/armv7m_startup.o
 .debug_line    0x000000000000134e      0x593 projects/lab1/out/libs/sys_newlib//src/system.o
 .debug_line    0x00000000000018e1      0xb0b projects/lab1/out/modules/drivers_bm//src/led.o
 .debug_line    0x00000000000023ec      0xcf3 projects/lab1/out/libs/lpc_open/boards/edu_ciaa_nxp/src/board.o
 .debug_line    0x00000000000030df      0x851 projects/lab1/out/libs/lpc_open/boards/edu_ciaa_nxp/src/board_sysinit.o
 .debug_line    0x0000000000003930      0x9a4 projects/lab1/out/libs/lpc_open/lpc_chip_43xx/src/adc_18xx_43xx.o
 .debug_line    0x00000000000042d4      0x6d4 projects/lab1/out/libs/lpc_open/lpc_chip_43xx/src/chip_18xx_43xx.o
 .debug_line    0x00000000000049a8     0x1397 projects/lab1/out/libs/lpc_open/lpc_chip_43xx/src/clock_18xx_43xx.o
 .debug_line    0x0000000000005d3f      0x646 projects/lab1/out/libs/lpc_open/lpc_chip_43xx/src/gpio_18xx_43xx.o
 .debug_line    0x0000000000006385      0xf80 projects/lab1/out/libs/lpc_open/lpc_chip_43xx/src/i2c_18xx_43xx.o
 .debug_line    0x0000000000007305     0x11ae projects/lab1/out/libs/lpc_open/lpc_chip_43xx/src/ssp_18xx_43xx.o
 .debug_line    0x00000000000084b3      0x886 projects/lab1/out/libs/lpc_open/lpc_chip_43xx/src/sysinit_18xx_43xx.o
 .debug_line    0x0000000000008d39      0xe22 projects/lab1/out/libs/lpc_open/lpc_chip_43xx/src/uart_18xx_43xx.o
 .debug_line    0x0000000000009b5b       0x44 projects/lab1/out/libs/lpc_open/lpc_startup/src/crp.o
 .debug_line    0x0000000000009b9f      0x77f projects/lab1/out/libs/lpc_open/lpc_startup/src/sysinit.o
 .debug_line    0x000000000000a31e       0x76 projects/lab1/out/libs/lpc_open/lpc_startup/src/vendor_interrupt.o
 .debug_line    0x000000000000a394       0x4e /usr/lib/gcc/arm-none-eabi/11.2.0/thumb/v7e-m+fp/hard/libgcc.a(_aeabi_uldivmod.o)
 .debug_line    0x000000000000a3e2      0x522 /usr/lib/gcc/arm-none-eabi/11.2.0/thumb/v7e-m+fp/hard/libgcc.a(_udivmoddi4.o)
 .debug_line    0x000000000000a904       0x4a /usr/lib/gcc/arm-none-eabi/11.2.0/thumb/v7e-m+fp/hard/libgcc.a(_dvmd_tls.o)

.debug_str      0x0000000000000000    0x1e7f9
 .debug_str     0x0000000000000000    0x16bd5 projects/lab1/out/projects/lab1/src/configuracion.o
                                      0x16e33 (size before relaxing)
 .debug_str     0x0000000000016bd5     0x37bc projects/lab1/out/projects/lab1/src/lab1.o
                                      0x1a047 (size before relaxing)
 .debug_str     0x000000000001a391      0x224 projects/lab1/out/libs/cmsis_core//src/armv7m_startup.o
                                       0x301b (size before relaxing)
 .debug_str     0x000000000001a5b5      0xe31 projects/lab1/out/libs/sys_newlib//src/system.o
                                       0x6c88 (size before relaxing)
 .debug_str     0x000000000001b3e6      0x26a projects/lab1/out/modules/drivers_bm//src/led.o
                                      0x16bf2 (size before relaxing)
 .debug_str     0x000000000001b650     0x11f0 projects/lab1/out/libs/lpc_open/boards/edu_ciaa_nxp/src/board.o
                                      0x1b381 (size before relaxing)
 .debug_str     0x000000000001c840      0x336 projects/lab1/out/libs/lpc_open/boards/edu_ciaa_nxp/src/board_sysinit.o
                                      0x1aca2 (size before relaxing)
 .debug_str     0x000000000001cb76      0x16d projects/lab1/out/libs/lpc_open/lpc_chip_43xx/src/adc_18xx_43xx.o
                                      0x170aa (size before relaxing)
 .debug_str     0x000000000001cce3      0x15a projects/lab1/out/libs/lpc_open/lpc_chip_43xx/src/chip_18xx_43xx.o
                                      0x1766c (size before relaxing)
 .debug_str     0x000000000001ce3d      0x4f3 projects/lab1/out/libs/lpc_open/lpc_chip_43xx/src/clock_18xx_43xx.o
                                      0x17ae6 (size before relaxing)
 .debug_str     0x000000000001d330       0x42 projects/lab1/out/libs/lpc_open/lpc_chip_43xx/src/gpio_18xx_43xx.o
                                      0x16861 (size before relaxing)
 .debug_str     0x000000000001d372      0x58c projects/lab1/out/libs/lpc_open/lpc_chip_43xx/src/i2c_18xx_43xx.o
                                      0x17841 (size before relaxing)
 .debug_str     0x000000000001d8fe      0x3e8 projects/lab1/out/libs/lpc_open/lpc_chip_43xx/src/ssp_18xx_43xx.o
                                      0x172a0 (size before relaxing)
 .debug_str     0x000000000001dce6       0xbc projects/lab1/out/libs/lpc_open/lpc_chip_43xx/src/sysinit_18xx_43xx.o
                                      0x17560 (size before relaxing)
 .debug_str     0x000000000001dda2      0x37c projects/lab1/out/libs/lpc_open/lpc_chip_43xx/src/uart_18xx_43xx.o
                                      0x17720 (size before relaxing)
 .debug_str     0x000000000001e11e       0x43 projects/lab1/out/libs/lpc_open/lpc_startup/src/crp.o
                                       0x2e09 (size before relaxing)
 .debug_str     0x000000000001e161       0x65 projects/lab1/out/libs/lpc_open/lpc_startup/src/sysinit.o
                                      0x19f74 (size before relaxing)
 .debug_str     0x000000000001e1c6       0x56 projects/lab1/out/libs/lpc_open/lpc_startup/src/vendor_interrupt.o
                                       0x2e64 (size before relaxing)
 .debug_str     0x000000000001e21c       0x66 /usr/lib/gcc/arm-none-eabi/11.2.0/thumb/v7e-m+fp/hard/libgcc.a(_aeabi_uldivmod.o)
 .debug_str     0x000000000001e282      0x56b /usr/lib/gcc/arm-none-eabi/11.2.0/thumb/v7e-m+fp/hard/libgcc.a(_udivmoddi4.o)
                                        0x66b (size before relaxing)
 .debug_str     0x000000000001e7ed        0xc /usr/lib/gcc/arm-none-eabi/11.2.0/thumb/v7e-m+fp/hard/libgcc.a(_dvmd_tls.o)
                                         0x6a (size before relaxing)

.comment        0x0000000000000000       0x1e
 .comment       0x0000000000000000       0x1e projects/lab1/out/projects/lab1/src/configuracion.o
                                         0x1f (size before relaxing)
 .comment       0x000000000000001e       0x1f projects/lab1/out/projects/lab1/src/lab1.o
 .comment       0x000000000000001e       0x1f projects/lab1/out/libs/cmsis_core//src/armv7m_startup.o
 .comment       0x000000000000001e       0x1f projects/lab1/out/libs/sys_newlib//src/system.o
 .comment       0x000000000000001e       0x1f projects/lab1/out/modules/drivers_bm//src/led.o
 .comment       0x000000000000001e       0x1f projects/lab1/out/libs/lpc_open/boards/edu_ciaa_nxp/src/board.o
 .comment       0x000000000000001e       0x1f projects/lab1/out/libs/lpc_open/boards/edu_ciaa_nxp/src/board_sysinit.o
 .comment       0x000000000000001e       0x1f projects/lab1/out/libs/lpc_open/lpc_chip_43xx/src/adc_18xx_43xx.o
 .comment       0x000000000000001e       0x1f projects/lab1/out/libs/lpc_open/lpc_chip_43xx/src/chip_18xx_43xx.o
 .comment       0x000000000000001e       0x1f projects/lab1/out/libs/lpc_open/lpc_chip_43xx/src/clock_18xx_43xx.o
 .comment       0x000000000000001e       0x1f projects/lab1/out/libs/lpc_open/lpc_chip_43xx/src/gpio_18xx_43xx.o
 .comment       0x000000000000001e       0x1f projects/lab1/out/libs/lpc_open/lpc_chip_43xx/src/i2c_18xx_43xx.o
 .comment       0x000000000000001e       0x1f projects/lab1/out/libs/lpc_open/lpc_chip_43xx/src/ssp_18xx_43xx.o
 .comment       0x000000000000001e       0x1f projects/lab1/out/libs/lpc_open/lpc_chip_43xx/src/sysinit_18xx_43xx.o
 .comment       0x000000000000001e       0x1f projects/lab1/out/libs/lpc_open/lpc_chip_43xx/src/uart_18xx_43xx.o
 .comment       0x000000000000001e       0x1f projects/lab1/out/libs/lpc_open/lpc_startup/src/crp.o
 .comment       0x000000000000001e       0x1f projects/lab1/out/libs/lpc_open/lpc_startup/src/sysinit.o
 .comment       0x000000000000001e       0x1f projects/lab1/out/libs/lpc_open/lpc_startup/src/vendor_interrupt.o
 .comment       0x000000000000001e       0x1f /usr/lib/gcc/arm-none-eabi/11.2.0/thumb/v7e-m+fp/hard/libgcc.a(_udivmoddi4.o)

.ARM.attributes
                0x0000000000000000       0x34
 .ARM.attributes
                0x0000000000000000       0x34 projects/lab1/out/projects/lab1/src/configuracion.o
 .ARM.attributes
                0x0000000000000034       0x34 projects/lab1/out/projects/lab1/src/lab1.o
 .ARM.attributes
                0x0000000000000068       0x34 projects/lab1/out/libs/cmsis_core//src/armv7m_startup.o
 .ARM.attributes
                0x000000000000009c       0x34 projects/lab1/out/libs/sys_newlib//src/system.o
 .ARM.attributes
                0x00000000000000d0       0x34 projects/lab1/out/modules/drivers_bm//src/led.o
 .ARM.attributes
                0x0000000000000104       0x34 projects/lab1/out/libs/lpc_open/boards/edu_ciaa_nxp/src/board.o
 .ARM.attributes
                0x0000000000000138       0x34 projects/lab1/out/libs/lpc_open/boards/edu_ciaa_nxp/src/board_sysinit.o
 .ARM.attributes
                0x000000000000016c       0x34 projects/lab1/out/libs/lpc_open/lpc_chip_43xx/src/adc_18xx_43xx.o
 .ARM.attributes
                0x00000000000001a0       0x34 projects/lab1/out/libs/lpc_open/lpc_chip_43xx/src/chip_18xx_43xx.o
 .ARM.attributes
                0x00000000000001d4       0x34 projects/lab1/out/libs/lpc_open/lpc_chip_43xx/src/clock_18xx_43xx.o
 .ARM.attributes
                0x0000000000000208       0x34 projects/lab1/out/libs/lpc_open/lpc_chip_43xx/src/gpio_18xx_43xx.o
 .ARM.attributes
                0x000000000000023c       0x34 projects/lab1/out/libs/lpc_open/lpc_chip_43xx/src/i2c_18xx_43xx.o
 .ARM.attributes
                0x0000000000000270       0x34 projects/lab1/out/libs/lpc_open/lpc_chip_43xx/src/ssp_18xx_43xx.o
 .ARM.attributes
                0x00000000000002a4       0x34 projects/lab1/out/libs/lpc_open/lpc_chip_43xx/src/sysinit_18xx_43xx.o
 .ARM.attributes
                0x00000000000002d8       0x34 projects/lab1/out/libs/lpc_open/lpc_chip_43xx/src/uart_18xx_43xx.o
 .ARM.attributes
                0x000000000000030c       0x39 projects/lab1/out/libs/lpc_open/lpc_startup/src/crp.o
 .ARM.attributes
                0x0000000000000345       0x34 projects/lab1/out/libs/lpc_open/lpc_startup/src/sysinit.o
 .ARM.attributes
                0x0000000000000379       0x34 projects/lab1/out/libs/lpc_open/lpc_startup/src/vendor_interrupt.o
 .ARM.attributes
                0x00000000000003ad       0x1e /usr/lib/gcc/arm-none-eabi/11.2.0/thumb/v7e-m+fp/hard/libgcc.a(_aeabi_uldivmod.o)
 .ARM.attributes
                0x00000000000003cb       0x34 /usr/lib/gcc/arm-none-eabi/11.2.0/thumb/v7e-m+fp/hard/libgcc.a(_udivmoddi4.o)
 .ARM.attributes
                0x00000000000003ff       0x1e /usr/lib/gcc/arm-none-eabi/11.2.0/thumb/v7e-m+fp/hard/libgcc.a(_dvmd_tls.o)
 .ARM.attributes
                0x000000000000041d       0x34 /usr/lib/gcc/arm-none-eabi/11.2.0/../../../../arm-none-eabi/lib/thumb/v7e-m+fp/hard/libc_nano.a(lib_a-init.o)
 .ARM.attributes
                0x0000000000000451       0x34 /usr/lib/gcc/arm-none-eabi/11.2.0/../../../../arm-none-eabi/lib/thumb/v7e-m+fp/hard/libc_nano.a(lib_a-memset.o)

.debug_frame    0x0000000000000000     0x1294
 .debug_frame   0x0000000000000000       0x38 projects/lab1/out/projects/lab1/src/configuracion.o
 .debug_frame   0x0000000000000038       0x78 projects/lab1/out/projects/lab1/src/lab1.o
 .debug_frame   0x00000000000000b0      0x114 projects/lab1/out/libs/cmsis_core//src/armv7m_startup.o
 .debug_frame   0x00000000000001c4      0x1d0 projects/lab1/out/libs/sys_newlib//src/system.o
 .debug_frame   0x0000000000000394       0x58 projects/lab1/out/modules/drivers_bm//src/led.o
 .debug_frame   0x00000000000003ec      0x200 projects/lab1/out/libs/lpc_open/boards/edu_ciaa_nxp/src/board.o
 .debug_frame   0x00000000000005ec       0x50 projects/lab1/out/libs/lpc_open/boards/edu_ciaa_nxp/src/board_sysinit.o
 .debug_frame   0x000000000000063c      0x160 projects/lab1/out/libs/lpc_open/lpc_chip_43xx/src/adc_18xx_43xx.o
 .debug_frame   0x000000000000079c       0x70 projects/lab1/out/libs/lpc_open/lpc_chip_43xx/src/chip_18xx_43xx.o
 .debug_frame   0x000000000000080c      0x300 projects/lab1/out/libs/lpc_open/lpc_chip_43xx/src/clock_18xx_43xx.o
 .debug_frame   0x0000000000000b0c       0x30 projects/lab1/out/libs/lpc_open/lpc_chip_43xx/src/gpio_18xx_43xx.o
 .debug_frame   0x0000000000000b3c      0x268 projects/lab1/out/libs/lpc_open/lpc_chip_43xx/src/i2c_18xx_43xx.o
 .debug_frame   0x0000000000000da4      0x188 projects/lab1/out/libs/lpc_open/lpc_chip_43xx/src/ssp_18xx_43xx.o
 .debug_frame   0x0000000000000f2c       0x80 projects/lab1/out/libs/lpc_open/lpc_chip_43xx/src/sysinit_18xx_43xx.o
 .debug_frame   0x0000000000000fac      0x1f4 projects/lab1/out/libs/lpc_open/lpc_chip_43xx/src/uart_18xx_43xx.o
 .debug_frame   0x00000000000011a0       0x28 projects/lab1/out/libs/lpc_open/lpc_startup/src/sysinit.o
 .debug_frame   0x00000000000011c8       0x20 projects/lab1/out/libs/lpc_open/lpc_startup/src/vendor_interrupt.o
 .debug_frame   0x00000000000011e8       0x2c /usr/lib/gcc/arm-none-eabi/11.2.0/thumb/v7e-m+fp/hard/libgcc.a(_aeabi_uldivmod.o)
 .debug_frame   0x0000000000001214       0x34 /usr/lib/gcc/arm-none-eabi/11.2.0/thumb/v7e-m+fp/hard/libgcc.a(_udivmoddi4.o)
 .debug_frame   0x0000000000001248       0x2c /usr/lib/gcc/arm-none-eabi/11.2.0/../../../../arm-none-eabi/lib/thumb/v7e-m+fp/hard/libc_nano.a(lib_a-init.o)
 .debug_frame   0x0000000000001274       0x20 /usr/lib/gcc/arm-none-eabi/11.2.0/../../../../arm-none-eabi/lib/thumb/v7e-m+fp/hard/libc_nano.a(lib_a-memset.o)

.debug_line_str
                0x0000000000000000       0x4e
 .debug_line_str
                0x0000000000000000       0x42 /usr/lib/gcc/arm-none-eabi/11.2.0/thumb/v7e-m+fp/hard/libgcc.a(_aeabi_uldivmod.o)
                                         0x84 (size before relaxing)
 .debug_line_str
                0x0000000000000042        0xc /usr/lib/gcc/arm-none-eabi/11.2.0/thumb/v7e-m+fp/hard/libgcc.a(_dvmd_tls.o)
                                         0x8c (size before relaxing)

Cross Reference Table

Symbol                                            File
ADC0_IRQHandler                                   projects/lab1/out/libs/lpc_open/lpc_startup/src/vendor_interrupt.o
ADC1_IRQHandler                                   projects/lab1/out/libs/lpc_open/lpc_startup/src/vendor_interrupt.o
ADCHS_IRQHandler                                  projects/lab1/out/libs/lpc_open/lpc_startup/src/vendor_interrupt.o
ATIMER_IRQHandler                                 projects/lab1/out/libs/lpc_open/lpc_startup/src/vendor_interrupt.o
Board_ADC_ReadBegin                               projects/lab1/out/libs/lpc_open/boards/edu_ciaa_nxp/src/board.o
Board_ADC_ReadEnd                                 projects/lab1/out/libs/lpc_open/boards/edu_ciaa_nxp/src/board.o
Board_ADC_ReadWait                                projects/lab1/out/libs/lpc_open/boards/edu_ciaa_nxp/src/board.o
Board_Debug_Init                                  projects/lab1/out/libs/lpc_open/boards/edu_ciaa_nxp/src/board.o
Board_Init                                        projects/lab1/out/libs/lpc_open/boards/edu_ciaa_nxp/src/board.o
                                                  projects/lab1/out/libs/lpc_open/lpc_startup/src/sysinit.o
Board_LED_Set                                     projects/lab1/out/libs/lpc_open/boards/edu_ciaa_nxp/src/board.o
Board_LED_Test                                    projects/lab1/out/libs/lpc_open/boards/edu_ciaa_nxp/src/board.o
Board_LED_Toggle                                  projects/lab1/out/libs/lpc_open/boards/edu_ciaa_nxp/src/board.o
Board_SetupClocking                               projects/lab1/out/libs/lpc_open/boards/edu_ciaa_nxp/src/board_sysinit.o
Board_SetupMuxing                                 projects/lab1/out/libs/lpc_open/boards/edu_ciaa_nxp/src/board_sysinit.o
Board_SystemInit                                  projects/lab1/out/libs/lpc_open/boards/edu_ciaa_nxp/src/board_sysinit.o
                                                  projects/lab1/out/libs/lpc_open/lpc_startup/src/sysinit.o
Board_TEC_GetStatus                               projects/lab1/out/libs/lpc_open/boards/edu_ciaa_nxp/src/board.o
Board_UARTGetChar                                 projects/lab1/out/libs/lpc_open/boards/edu_ciaa_nxp/src/board.o
Board_UARTPutChar                                 projects/lab1/out/libs/lpc_open/boards/edu_ciaa_nxp/src/board.o
Board_UARTPutSTR                                  projects/lab1/out/libs/lpc_open/boards/edu_ciaa_nxp/src/board.o
BusFault_Handler                                  projects/lab1/out/libs/cmsis_core//src/armv7m_startup.o
CAN0_IRQHandler                                   projects/lab1/out/libs/lpc_open/lpc_startup/src/vendor_interrupt.o
CAN1_IRQHandler                                   projects/lab1/out/libs/lpc_open/lpc_startup/src/vendor_interrupt.o
CRP_WORD                                          projects/lab1/out/libs/lpc_open/lpc_startup/src/crp.o
Chip_ADC_DeInit                                   projects/lab1/out/libs/lpc_open/lpc_chip_43xx/src/adc_18xx_43xx.o
Chip_ADC_EnableChannel                            projects/lab1/out/libs/lpc_open/lpc_chip_43xx/src/adc_18xx_43xx.o
                                                  projects/lab1/out/libs/lpc_open/boards/edu_ciaa_nxp/src/board.o
                                                  projects/lab1/out/modules/drivers_bm//src/adc.o
Chip_ADC_Init                                     projects/lab1/out/libs/lpc_open/lpc_chip_43xx/src/adc_18xx_43xx.o
                                                  projects/lab1/out/libs/lpc_open/boards/edu_ciaa_nxp/src/board.o
                                                  projects/lab1/out/modules/drivers_bm//src/adc.o
Chip_ADC_Int_SetChannelCmd                        projects/lab1/out/libs/lpc_open/lpc_chip_43xx/src/adc_18xx_43xx.o
                                                  projects/lab1/out/modules/drivers_bm//src/adc.o
Chip_ADC_ReadByte                                 projects/lab1/out/libs/lpc_open/lpc_chip_43xx/src/adc_18xx_43xx.o
Chip_ADC_ReadStatus                               projects/lab1/out/libs/lpc_open/lpc_chip_43xx/src/adc_18xx_43xx.o
                                                  projects/lab1/out/libs/lpc_open/boards/edu_ciaa_nxp/src/board.o
                                                  projects/lab1/out/modules/drivers_bm//src/adc.o
Chip_ADC_ReadValue                                projects/lab1/out/libs/lpc_open/lpc_chip_43xx/src/adc_18xx_43xx.o
                                                  projects/lab1/out/libs/lpc_open/boards/edu_ciaa_nxp/src/board.o
                                                  projects/lab1/out/modules/drivers_bm//src/adc.o
Chip_ADC_SetBurstCmd                              projects/lab1/out/libs/lpc_open/lpc_chip_43xx/src/adc_18xx_43xx.o
                                                  projects/lab1/out/libs/lpc_open/boards/edu_ciaa_nxp/src/board.o
Chip_ADC_SetResolution                            projects/lab1/out/libs/lpc_open/lpc_chip_43xx/src/adc_18xx_43xx.o
                                                  projects/lab1/out/libs/lpc_open/boards/edu_ciaa_nxp/src/board.o
Chip_ADC_SetSampleRate                            projects/lab1/out/libs/lpc_open/lpc_chip_43xx/src/adc_18xx_43xx.o
                                                  projects/lab1/out/libs/lpc_open/boards/edu_ciaa_nxp/src/board.o
                                                  projects/lab1/out/modules/drivers_bm//src/adc.o
Chip_ADC_SetStartMode                             projects/lab1/out/libs/lpc_open/lpc_chip_43xx/src/adc_18xx_43xx.o
                                                  projects/lab1/out/libs/lpc_open/boards/edu_ciaa_nxp/src/board.o
                                                  projects/lab1/out/modules/drivers_bm//src/adc.o
Chip_AES_Config_DMA                               projects/lab1/out/libs/lpc_open/lpc_chip_43xx/src/aes_18xx_43xx.o
Chip_AES_GetStatusDMA                             projects/lab1/out/libs/lpc_open/lpc_chip_43xx/src/aes_18xx_43xx.o
Chip_AES_Init                                     projects/lab1/out/libs/lpc_open/lpc_chip_43xx/src/aes_18xx_43xx.o
Chip_AES_LoadIV_IC                                projects/lab1/out/libs/lpc_open/lpc_chip_43xx/src/aes_18xx_43xx.o
Chip_AES_LoadIV_SW                                projects/lab1/out/libs/lpc_open/lpc_chip_43xx/src/aes_18xx_43xx.o
Chip_AES_LoadKey                                  projects/lab1/out/libs/lpc_open/lpc_chip_43xx/src/aes_18xx_43xx.o
Chip_AES_LoadKeyRNG                               projects/lab1/out/libs/lpc_open/lpc_chip_43xx/src/aes_18xx_43xx.o
Chip_AES_LoadKeySW                                projects/lab1/out/libs/lpc_open/lpc_chip_43xx/src/aes_18xx_43xx.o
Chip_AES_Operate                                  projects/lab1/out/libs/lpc_open/lpc_chip_43xx/src/aes_18xx_43xx.o
Chip_AES_OperateDMA                               projects/lab1/out/libs/lpc_open/lpc_chip_43xx/src/aes_18xx_43xx.o
Chip_AES_ProgramKey                               projects/lab1/out/libs/lpc_open/lpc_chip_43xx/src/aes_18xx_43xx.o
Chip_AES_SetMode                                  projects/lab1/out/libs/lpc_open/lpc_chip_43xx/src/aes_18xx_43xx.o
Chip_ATIMER_DeInit                                projects/lab1/out/libs/lpc_open/lpc_chip_43xx/src/atimer_18xx_43xx.o
Chip_ATIMER_Init                                  projects/lab1/out/libs/lpc_open/lpc_chip_43xx/src/atimer_18xx_43xx.o
Chip_CCAN_AddReceiveID                            projects/lab1/out/libs/lpc_open/lpc_chip_43xx/src/ccan_18xx_43xx.o
Chip_CCAN_ClearStatus                             projects/lab1/out/libs/lpc_open/lpc_chip_43xx/src/ccan_18xx_43xx.o
Chip_CCAN_DeInit                                  projects/lab1/out/libs/lpc_open/lpc_chip_43xx/src/ccan_18xx_43xx.o
Chip_CCAN_DeleteReceiveID                         projects/lab1/out/libs/lpc_open/lpc_chip_43xx/src/ccan_18xx_43xx.o
Chip_CCAN_GetMsgObject                            projects/lab1/out/libs/lpc_open/lpc_chip_43xx/src/ccan_18xx_43xx.o
Chip_CCAN_Init                                    projects/lab1/out/libs/lpc_open/lpc_chip_43xx/src/ccan_18xx_43xx.o
Chip_CCAN_Send                                    projects/lab1/out/libs/lpc_open/lpc_chip_43xx/src/ccan_18xx_43xx.o
Chip_CCAN_SetBitRate                              projects/lab1/out/libs/lpc_open/lpc_chip_43xx/src/ccan_18xx_43xx.o
Chip_CCAN_SetMsgObject                            projects/lab1/out/libs/lpc_open/lpc_chip_43xx/src/ccan_18xx_43xx.o
Chip_CCAN_SetValidMsg                             projects/lab1/out/libs/lpc_open/lpc_chip_43xx/src/ccan_18xx_43xx.o
Chip_CCAN_TransferMsgObject                       projects/lab1/out/libs/lpc_open/lpc_chip_43xx/src/ccan_18xx_43xx.o
Chip_Clock_CalcMainPLLValue                       projects/lab1/out/libs/lpc_open/lpc_chip_43xx/src/clock_18xx_43xx.o
                                                  projects/lab1/out/libs/lpc_open/lpc_chip_43xx/src/sysinit_18xx_43xx.o
Chip_Clock_ClearPowerDown                         projects/lab1/out/libs/lpc_open/lpc_chip_43xx/src/clock_18xx_43xx.o
Chip_Clock_Disable                                projects/lab1/out/libs/lpc_open/lpc_chip_43xx/src/clock_18xx_43xx.o
                                                  projects/lab1/out/libs/lpc_open/lpc_chip_43xx/src/uart_18xx_43xx.o
                                                  projects/lab1/out/libs/lpc_open/lpc_chip_43xx/src/timer_18xx_43xx.o
                                                  projects/lab1/out/libs/lpc_open/lpc_chip_43xx/src/ssp_18xx_43xx.o
                                                  projects/lab1/out/libs/lpc_open/lpc_chip_43xx/src/spi_18xx_43xx.o
                                                  projects/lab1/out/libs/lpc_open/lpc_chip_43xx/src/sdif_18xx_43xx.o
                                                  projects/lab1/out/libs/lpc_open/lpc_chip_43xx/src/sct_18xx_43xx.o
                                                  projects/lab1/out/libs/lpc_open/lpc_chip_43xx/src/ritimer_18xx_43xx.o
                                                  projects/lab1/out/libs/lpc_open/lpc_chip_43xx/src/lcd_18xx_43xx.o
                                                  projects/lab1/out/libs/lpc_open/lpc_chip_43xx/src/i2s_18xx_43xx.o
                                                  projects/lab1/out/libs/lpc_open/lpc_chip_43xx/src/i2cm_18xx_43xx.o
                                                  projects/lab1/out/libs/lpc_open/lpc_chip_43xx/src/i2c_18xx_43xx.o
                                                  projects/lab1/out/libs/lpc_open/lpc_chip_43xx/src/gpdma_18xx_43xx.o
                                                  projects/lab1/out/libs/lpc_open/lpc_chip_43xx/src/enet_18xx_43xx.o
                                                  projects/lab1/out/libs/lpc_open/lpc_chip_43xx/src/dac_18xx_43xx.o
                                                  projects/lab1/out/libs/lpc_open/lpc_chip_43xx/src/ccan_18xx_43xx.o
                                                  projects/lab1/out/libs/lpc_open/lpc_chip_43xx/src/adc_18xx_43xx.o
Chip_Clock_DisableBaseClock                       projects/lab1/out/libs/lpc_open/lpc_chip_43xx/src/clock_18xx_43xx.o
Chip_Clock_DisableCrystal                         projects/lab1/out/libs/lpc_open/lpc_chip_43xx/src/clock_18xx_43xx.o
Chip_Clock_DisablePLL                             projects/lab1/out/libs/lpc_open/lpc_chip_43xx/src/clock_18xx_43xx.o
Chip_Clock_Enable                                 projects/lab1/out/libs/lpc_open/lpc_chip_43xx/src/clock_18xx_43xx.o
                                                  projects/lab1/out/libs/lpc_open/lpc_chip_43xx/src/timer_18xx_43xx.o
                                                  projects/lab1/out/libs/lpc_open/lpc_chip_43xx/src/ssp_18xx_43xx.o
                                                  projects/lab1/out/libs/lpc_open/lpc_chip_43xx/src/spi_18xx_43xx.o
                                                  projects/lab1/out/libs/lpc_open/lpc_chip_43xx/src/i2s_18xx_43xx.o
                                                  projects/lab1/out/libs/lpc_open/lpc_chip_43xx/src/i2cm_18xx_43xx.o
                                                  projects/lab1/out/libs/lpc_open/lpc_chip_43xx/src/i2c_18xx_43xx.o
Chip_Clock_EnableBaseClock                        projects/lab1/out/libs/lpc_open/lpc_chip_43xx/src/clock_18xx_43xx.o
                                                  projects/lab1/out/libs/lpc_open/lpc_chip_43xx/src/chip_18xx_43xx.o
Chip_Clock_EnableCrystal                          projects/lab1/out/libs/lpc_open/lpc_chip_43xx/src/clock_18xx_43xx.o
                                                  projects/lab1/out/libs/lpc_open/lpc_chip_43xx/src/sysinit_18xx_43xx.o
Chip_Clock_EnableOpts                             projects/lab1/out/libs/lpc_open/lpc_chip_43xx/src/clock_18xx_43xx.o
                                                  projects/lab1/out/libs/lpc_open/lpc_chip_43xx/src/uart_18xx_43xx.o
                                                  projects/lab1/out/libs/lpc_open/lpc_chip_43xx/src/sdif_18xx_43xx.o
                                                  projects/lab1/out/libs/lpc_open/lpc_chip_43xx/src/sct_18xx_43xx.o
                                                  projects/lab1/out/libs/lpc_open/lpc_chip_43xx/src/ritimer_18xx_43xx.o
                                                  projects/lab1/out/libs/lpc_open/lpc_chip_43xx/src/lcd_18xx_43xx.o
                                                  projects/lab1/out/libs/lpc_open/lpc_chip_43xx/src/gpdma_18xx_43xx.o
                                                  projects/lab1/out/libs/lpc_open/lpc_chip_43xx/src/enet_18xx_43xx.o
                                                  projects/lab1/out/libs/lpc_open/lpc_chip_43xx/src/dac_18xx_43xx.o
                                                  projects/lab1/out/libs/lpc_open/lpc_chip_43xx/src/chip_18xx_43xx.o
                                                  projects/lab1/out/libs/lpc_open/lpc_chip_43xx/src/ccan_18xx_43xx.o
                                                  projects/lab1/out/libs/lpc_open/lpc_chip_43xx/src/adc_18xx_43xx.o
Chip_Clock_EnablePLL                              projects/lab1/out/libs/lpc_open/lpc_chip_43xx/src/clock_18xx_43xx.o
                                                  projects/lab1/out/libs/lpc_open/lpc_chip_43xx/src/chip_18xx_43xx.o
Chip_Clock_GetBaseClock                           projects/lab1/out/libs/lpc_open/lpc_chip_43xx/src/clock_18xx_43xx.o
Chip_Clock_GetBaseClockOpts                       projects/lab1/out/libs/lpc_open/lpc_chip_43xx/src/clock_18xx_43xx.o
Chip_Clock_GetBaseClocktHz                        projects/lab1/out/libs/lpc_open/lpc_chip_43xx/src/clock_18xx_43xx.o
                                                  projects/lab1/out/libs/lpc_open/lpc_chip_43xx/src/sdmmc_18xx_43xx.o
                                                  projects/lab1/out/libs/lpc_open/lpc_chip_43xx/src/sdio_18xx_43xx.o
Chip_Clock_GetClockInputHz                        projects/lab1/out/libs/lpc_open/lpc_chip_43xx/src/clock_18xx_43xx.o
                                                  projects/lab1/out/libs/lpc_open/lpc_chip_43xx/src/chip_18xx_43xx.o
Chip_Clock_GetDividerDivisor                      projects/lab1/out/libs/lpc_open/lpc_chip_43xx/src/clock_18xx_43xx.o
Chip_Clock_GetDividerSource                       projects/lab1/out/libs/lpc_open/lpc_chip_43xx/src/clock_18xx_43xx.o
Chip_Clock_GetEMCRate                             projects/lab1/out/libs/lpc_open/lpc_chip_43xx/src/clock_18xx_43xx.o
                                                  projects/lab1/out/libs/lpc_open/lpc_chip_43xx/src/emc_18xx_43xx.o
Chip_Clock_GetMainPLLHz                           projects/lab1/out/libs/lpc_open/lpc_chip_43xx/src/clock_18xx_43xx.o
Chip_Clock_GetPLLStatus                           projects/lab1/out/libs/lpc_open/lpc_chip_43xx/src/clock_18xx_43xx.o
                                                  projects/lab1/out/libs/lpc_open/lpc_chip_43xx/src/chip_18xx_43xx.o
Chip_Clock_GetRate                                projects/lab1/out/libs/lpc_open/lpc_chip_43xx/src/clock_18xx_43xx.o
                                                  projects/lab1/out/libs/lpc_open/lpc_chip_43xx/src/uart_18xx_43xx.o
                                                  projects/lab1/out/libs/lpc_open/lpc_chip_43xx/src/stopwatch_18xx_43xx.o
                                                  projects/lab1/out/libs/lpc_open/lpc_chip_43xx/src/ssp_18xx_43xx.o
                                                  projects/lab1/out/libs/lpc_open/lpc_chip_43xx/src/spi_18xx_43xx.o
                                                  projects/lab1/out/libs/lpc_open/lpc_chip_43xx/src/sct_pwm_18xx_43xx.o
                                                  projects/lab1/out/libs/lpc_open/lpc_chip_43xx/src/ritimer_18xx_43xx.o
                                                  projects/lab1/out/libs/lpc_open/lpc_chip_43xx/src/i2s_18xx_43xx.o
                                                  projects/lab1/out/libs/lpc_open/lpc_chip_43xx/src/i2cm_18xx_43xx.o
                                                  projects/lab1/out/libs/lpc_open/lpc_chip_43xx/src/i2c_18xx_43xx.o
                                                  projects/lab1/out/libs/lpc_open/lpc_chip_43xx/src/eeprom_18xx_43xx.o
                                                  projects/lab1/out/libs/lpc_open/lpc_chip_43xx/src/chip_18xx_43xx.o
                                                  projects/lab1/out/libs/lpc_open/lpc_chip_43xx/src/ccan_18xx_43xx.o
                                                  projects/lab1/out/libs/lpc_open/lpc_chip_43xx/src/adc_18xx_43xx.o
Chip_Clock_IsBaseClockEnabled                     projects/lab1/out/libs/lpc_open/lpc_chip_43xx/src/clock_18xx_43xx.o
Chip_Clock_RTCEnable                              projects/lab1/out/libs/lpc_open/lpc_chip_43xx/src/clock_18xx_43xx.o
                                                  projects/lab1/out/libs/lpc_open/lpc_chip_43xx/src/rtc_18xx_43xx.o
Chip_Clock_SetBaseClock                           projects/lab1/out/libs/lpc_open/lpc_chip_43xx/src/clock_18xx_43xx.o
                                                  projects/lab1/out/libs/lpc_open/lpc_chip_43xx/src/sysinit_18xx_43xx.o
                                                  projects/lab1/out/libs/lpc_open/lpc_chip_43xx/src/chip_18xx_43xx.o
                                                  projects/lab1/out/libs/lpc_open/boards/edu_ciaa_nxp/src/board_sysinit.o
Chip_Clock_SetDivider                             projects/lab1/out/libs/lpc_open/lpc_chip_43xx/src/clock_18xx_43xx.o
                                                  projects/lab1/out/libs/lpc_open/lpc_chip_43xx/src/chip_18xx_43xx.o
Chip_Clock_SetupMainPLLHz                         projects/lab1/out/libs/lpc_open/lpc_chip_43xx/src/clock_18xx_43xx.o
Chip_Clock_SetupMainPLLMult                       projects/lab1/out/libs/lpc_open/lpc_chip_43xx/src/clock_18xx_43xx.o
Chip_Clock_SetupPLL                               projects/lab1/out/libs/lpc_open/lpc_chip_43xx/src/clock_18xx_43xx.o
                                                  projects/lab1/out/libs/lpc_open/lpc_chip_43xx/src/chip_18xx_43xx.o
Chip_Clock_StartPowerDown                         projects/lab1/out/libs/lpc_open/lpc_chip_43xx/src/clock_18xx_43xx.o
Chip_DAC_DeInit                                   projects/lab1/out/libs/lpc_open/lpc_chip_43xx/src/dac_18xx_43xx.o
Chip_DAC_Init                                     projects/lab1/out/libs/lpc_open/lpc_chip_43xx/src/dac_18xx_43xx.o
                                                  projects/lab1/out/modules/drivers_bm//src/dac.o
Chip_DAC_SetBias                                  projects/lab1/out/libs/lpc_open/lpc_chip_43xx/src/dac_18xx_43xx.o
                                                  projects/lab1/out/modules/drivers_bm//src/dac.o
Chip_DAC_UpdateValue                              projects/lab1/out/libs/lpc_open/lpc_chip_43xx/src/dac_18xx_43xx.o
                                                  projects/lab1/out/modules/drivers_bm//src/dac.o
Chip_EEPROM_EraseProgramPage                      projects/lab1/out/libs/lpc_open/lpc_chip_43xx/src/eeprom_18xx_43xx.o
Chip_EEPROM_Init                                  projects/lab1/out/libs/lpc_open/lpc_chip_43xx/src/eeprom_18xx_43xx.o
Chip_EEPROM_WaitForIntStatus                      projects/lab1/out/libs/lpc_open/lpc_chip_43xx/src/eeprom_18xx_43xx.o
Chip_EMC_Dynamic_Enable                           projects/lab1/out/libs/lpc_open/lpc_chip_43xx/src/emc_18xx_43xx.o
Chip_EMC_Dynamic_Init                             projects/lab1/out/libs/lpc_open/lpc_chip_43xx/src/emc_18xx_43xx.o
Chip_EMC_Enable                                   projects/lab1/out/libs/lpc_open/lpc_chip_43xx/src/emc_18xx_43xx.o
Chip_EMC_Init                                     projects/lab1/out/libs/lpc_open/lpc_chip_43xx/src/emc_18xx_43xx.o
Chip_EMC_LowPowerMode                             projects/lab1/out/libs/lpc_open/lpc_chip_43xx/src/emc_18xx_43xx.o
Chip_EMC_Mirror                                   projects/lab1/out/libs/lpc_open/lpc_chip_43xx/src/emc_18xx_43xx.o
Chip_EMC_Static_Init                              projects/lab1/out/libs/lpc_open/lpc_chip_43xx/src/emc_18xx_43xx.o
Chip_ENET_DeInit                                  projects/lab1/out/libs/lpc_open/lpc_chip_43xx/src/enet_18xx_43xx.o
Chip_ENET_Init                                    projects/lab1/out/libs/lpc_open/lpc_chip_43xx/src/enet_18xx_43xx.o
Chip_ENET_SetDuplex                               projects/lab1/out/libs/lpc_open/lpc_chip_43xx/src/enet_18xx_43xx.o
Chip_ENET_SetSpeed                                projects/lab1/out/libs/lpc_open/lpc_chip_43xx/src/enet_18xx_43xx.o
Chip_ENET_SetupMII                                projects/lab1/out/libs/lpc_open/lpc_chip_43xx/src/enet_18xx_43xx.o
Chip_ENET_StartMIIRead                            projects/lab1/out/libs/lpc_open/lpc_chip_43xx/src/enet_18xx_43xx.o
Chip_ENET_StartMIIWrite                           projects/lab1/out/libs/lpc_open/lpc_chip_43xx/src/enet_18xx_43xx.o
Chip_EVRT_ConfigIntSrcActiveType                  projects/lab1/out/libs/lpc_open/lpc_chip_43xx/src/evrt_18xx_43xx.o
Chip_EVRT_Init                                    projects/lab1/out/libs/lpc_open/lpc_chip_43xx/src/evrt_18xx_43xx.o
Chip_EVRT_IsSourceInterrupting                    projects/lab1/out/libs/lpc_open/lpc_chip_43xx/src/evrt_18xx_43xx.o
Chip_EVRT_SetUpIntSrc                             projects/lab1/out/libs/lpc_open/lpc_chip_43xx/src/evrt_18xx_43xx.o
Chip_GPDMA_ChannelCmd                             projects/lab1/out/libs/lpc_open/lpc_chip_43xx/src/gpdma_18xx_43xx.o