Archive member included to satisfy reference by file (symbol)

/usr/lib/gcc/arm-none-eabi/6.3.1/thumb/v7e-m/fpv4-sp/hard/libgcc.a(_aeabi_uldivmod.o)
                              projects/lab0/out/libs/lpc_open/lpc_chip_43xx/src/i2s_18xx_43xx.o (__aeabi_uldivmod)
/usr/lib/gcc/arm-none-eabi/6.3.1/thumb/v7e-m/fpv4-sp/hard/libgcc.a(_udivmoddi4.o)
                              /usr/lib/gcc/arm-none-eabi/6.3.1/thumb/v7e-m/fpv4-sp/hard/libgcc.a(_aeabi_uldivmod.o) (__udivmoddi4)
/usr/lib/gcc/arm-none-eabi/6.3.1/thumb/v7e-m/fpv4-sp/hard/libgcc.a(_dvmd_tls.o)
                              /usr/lib/gcc/arm-none-eabi/6.3.1/thumb/v7e-m/fpv4-sp/hard/libgcc.a(_aeabi_uldivmod.o) (__aeabi_ldiv0)
/usr/lib/gcc/arm-none-eabi/6.3.1/../../../arm-none-eabi/lib/thumb/v7e-m/fpv4-sp/hard/libc_nano.a(lib_a-init.o)
                              projects/lab0/out/libs/cmsis_core//src/armv7m_startup.o (__libc_init_array)
/usr/lib/gcc/arm-none-eabi/6.3.1/../../../arm-none-eabi/lib/thumb/v7e-m/fpv4-sp/hard/libc_nano.a(lib_a-memcpy.o)
                              projects/lab0/out/libs/lpc_open/lpc_chip_43xx/src/ring_buffer.o (memcpy)
/usr/lib/gcc/arm-none-eabi/6.3.1/../../../arm-none-eabi/lib/thumb/v7e-m/fpv4-sp/hard/libc_nano.a(lib_a-memset.o)
                              projects/lab0/out/libs/lpc_open/lpc_chip_43xx/src/clock_18xx_43xx.o (memset)

Allocating common symbols
Common symbol       size              file

pIsrADC0            0x4               projects/lab0/out/modules/drivers_bm//src/adc.o
SystemCoreClock     0x4               projects/lab0/out/libs/lpc_open/lpc_chip_43xx/src/chip_18xx_43xx.o
pIsrTimer           0x4               projects/lab0/out/modules/drivers_bm//src/timer.o

Discarded input sections

 .group         0x0000000000000000        0x8 projects/lab0/out/projects/lab0/src/configuracion.o
 .group         0x0000000000000000        0x8 projects/lab0/out/projects/lab0/src/configuracion.o
 .group         0x0000000000000000        0x8 projects/lab0/out/projects/lab0/src/configuracion.o
 .group         0x0000000000000000        0x8 projects/lab0/out/projects/lab0/src/configuracion.o
 .group         0x0000000000000000        0x8 projects/lab0/out/projects/lab0/src/configuracion.o
 .group         0x0000000000000000        0x8 projects/lab0/out/projects/lab0/src/configuracion.o
 .group         0x0000000000000000        0x8 projects/lab0/out/projects/lab0/src/configuracion.o
 .group         0x0000000000000000        0x8 projects/lab0/out/projects/lab0/src/configuracion.o
 .group         0x0000000000000000        0x8 projects/lab0/out/projects/lab0/src/configuracion.o
 .group         0x0000000000000000        0x8 projects/lab0/out/projects/lab0/src/configuracion.o
 .group         0x0000000000000000        0x8 projects/lab0/out/projects/lab0/src/configuracion.o
 .group         0x0000000000000000        0x8 projects/lab0/out/projects/lab0/src/configuracion.o
 .group         0x0000000000000000        0x8 projects/lab0/out/projects/lab0/src/configuracion.o
 .group         0x0000000000000000        0x8 projects/lab0/out/projects/lab0/src/configuracion.o
 .group         0x0000000000000000        0x8 projects/lab0/out/projects/lab0/src/configuracion.o
 .group         0x0000000000000000        0x8 projects/lab0/out/projects/lab0/src/configuracion.o
 .group         0x0000000000000000        0x8 projects/lab0/out/projects/lab0/src/configuracion.o
 .group         0x0000000000000000        0x8 projects/lab0/out/projects/lab0/src/configuracion.o
 .group         0x0000000000000000        0x8 projects/lab0/out/projects/lab0/src/configuracion.o
 .group         0x0000000000000000        0x8 projects/lab0/out/projects/lab0/src/configuracion.o
 .group         0x0000000000000000        0x8 projects/lab0/out/projects/lab0/src/configuracion.o
 .group         0x0000000000000000        0x8 projects/lab0/out/projects/lab0/src/configuracion.o
 .group         0x0000000000000000        0x8 projects/lab0/out/projects/lab0/src/configuracion.o
 .group         0x0000000000000000        0x8 projects/lab0/out/projects/lab0/src/configuracion.o
 .group         0x0000000000000000        0x8 projects/lab0/out/projects/lab0/src/configuracion.o
 .group         0x0000000000000000        0x8 projects/lab0/out/projects/lab0/src/configuracion.o
 .group         0x0000000000000000        0x8 projects/lab0/out/projects/lab0/src/configuracion.o
 .group         0x0000000000000000        0x8 projects/lab0/out/projects/lab0/src/configuracion.o
 .group         0x0000000000000000        0x8 projects/lab0/out/projects/lab0/src/configuracion.o
 .group         0x0000000000000000        0x8 projects/lab0/out/projects/lab0/src/configuracion.o
 .group         0x0000000000000000        0x8 projects/lab0/out/projects/lab0/src/configuracion.o
 .group         0x0000000000000000        0x8 projects/lab0/out/projects/lab0/src/configuracion.o
 .group         0x0000000000000000        0x8 projects/lab0/out/projects/lab0/src/configuracion.o
[...]
Memory Configuration

Name             Origin             Length             Attributes
MFlashA512       0x000000001a000000 0x0000000000080000 xr
MFlashB512       0x000000001b000000 0x0000000000080000 xr
RamLoc32         0x0000000010000000 0x0000000000008000 xrw
RamLoc40         0x0000000010080000 0x000000000000a000 xrw
RamAHB32         0x0000000020000000 0x0000000000008000 xrw
RamAHB16         0x0000000020008000 0x0000000000004000 xrw
RamAHB_ETB16     0x000000002000c000 0x0000000000004000 xrw
*default*        0x0000000000000000 0xffffffffffffffff

Linker script and memory map

START GROUP
LOAD projects/lab0/out/projects/lab0/src/configuracion.o
LOAD projects/lab0/out/projects/lab0/src/lab0.o
LOAD projects/lab0/out/libs/cmsis_core//src/armv7m_startup.o
LOAD projects/lab0/out/libs/sys_newlib//src/system.o
LOAD projects/lab0/out/modules/drivers_bm//src/display.o
LOAD projects/lab0/out/modules/drivers_bm//src/uart.o
LOAD projects/lab0/out/modules/drivers_bm//src/soc.o
LOAD projects/lab0/out/modules/drivers_bm//src/led.o
LOAD projects/lab0/out/modules/drivers_bm//src/itoa.o
LOAD projects/lab0/out/modules/drivers_bm//src/unt.o
LOAD projects/lab0/out/modules/drivers_bm//src/dac.o
LOAD projects/lab0/out/modules/drivers_bm//src/adc.o
LOAD projects/lab0/out/modules/drivers_bm//src/timer.o
LOAD projects/lab0/out/modules/drivers_bm//src/switch.o
LOAD projects/lab0/out/libs/lpc_open/boards/edu_ciaa_nxp/src/board.o
LOAD projects/lab0/out/libs/lpc_open/boards/edu_ciaa_nxp/src/board_sysinit.o
LOAD projects/lab0/out/libs/lpc_open/lpc_chip_43xx/src/ccan_18xx_43xx.o
LOAD projects/lab0/out/libs/lpc_open/lpc_chip_43xx/src/gpiogroup_18xx_43xx.o
LOAD projects/lab0/out/libs/lpc_open/lpc_chip_43xx/src/dac_18xx_43xx.o
LOAD projects/lab0/out/libs/lpc_open/lpc_chip_43xx/src/ritimer_18xx_43xx.o
LOAD projects/lab0/out/libs/lpc_open/lpc_chip_43xx/src/i2s_18xx_43xx.o
LOAD projects/lab0/out/libs/lpc_open/lpc_chip_43xx/src/lcd_18xx_43xx.o
LOAD projects/lab0/out/libs/lpc_open/lpc_chip_43xx/src/uart_18xx_43xx.o
LOAD projects/lab0/out/libs/lpc_open/lpc_chip_43xx/src/adc_18xx_43xx.o
LOAD projects/lab0/out/libs/lpc_open/lpc_chip_43xx/src/stopwatch_18xx_43xx.o
LOAD projects/lab0/out/libs/lpc_open/lpc_chip_43xx/src/clock_18xx_43xx.o
LOAD projects/lab0/out/libs/lpc_open/lpc_chip_43xx/src/chip_18xx_43xx.o
LOAD projects/lab0/out/libs/lpc_open/lpc_chip_43xx/src/pmc_18xx_43xx.o
LOAD projects/lab0/out/libs/lpc_open/lpc_chip_43xx/src/otp_18xx_43xx.o
LOAD projects/lab0/out/libs/lpc_open/lpc_chip_43xx/src/aes_18xx_43xx.o
LOAD projects/lab0/out/libs/lpc_open/lpc_chip_43xx/src/sysinit_18xx_43xx.o
LOAD projects/lab0/out/libs/lpc_open/lpc_chip_43xx/src/atimer_18xx_43xx.o
LOAD projects/lab0/out/libs/lpc_open/lpc_chip_43xx/src/sdif_18xx_43xx.o
LOAD projects/lab0/out/libs/lpc_open/lpc_chip_43xx/src/timer_18xx_43xx.o
LOAD projects/lab0/out/libs/lpc_open/lpc_chip_43xx/src/iap_18xx_43xx.o
LOAD projects/lab0/out/libs/lpc_open/lpc_chip_43xx/src/wwdt_18xx_43xx.o
LOAD projects/lab0/out/libs/lpc_open/lpc_chip_43xx/src/ring_buffer.o
LOAD projects/lab0/out/libs/lpc_open/lpc_chip_43xx/src/i2cm_18xx_43xx.o
LOAD projects/lab0/out/libs/lpc_open/lpc_chip_43xx/src/pinint_18xx_43xx.o
LOAD projects/lab0/out/libs/lpc_open/lpc_chip_43xx/src/eeprom_18xx_43xx.o
LOAD projects/lab0/out/libs/lpc_open/lpc_chip_43xx/src/rtc_18xx_43xx.o
LOAD projects/lab0/out/libs/lpc_open/lpc_chip_43xx/src/sct_18xx_43xx.o
LOAD projects/lab0/out/libs/lpc_open/lpc_chip_43xx/src/emc_18xx_43xx.o
LOAD projects/lab0/out/libs/lpc_open/lpc_chip_43xx/src/sdio_18xx_43xx.o
LOAD projects/lab0/out/libs/lpc_open/lpc_chip_43xx/src/spi_18xx_43xx.o
LOAD projects/lab0/out/libs/lpc_open/lpc_chip_43xx/src/gpio_18xx_43xx.o
LOAD projects/lab0/out/libs/lpc_open/lpc_chip_43xx/src/sdmmc_18xx_43xx.o
LOAD projects/lab0/out/libs/lpc_open/lpc_chip_43xx/src/gpdma_18xx_43xx.o
LOAD projects/lab0/out/libs/lpc_open/lpc_chip_43xx/src/evrt_18xx_43xx.o
LOAD projects/lab0/out/libs/lpc_open/lpc_chip_43xx/src/sct_pwm_18xx_43xx.o
LOAD projects/lab0/out/libs/lpc_open/lpc_chip_43xx/src/enet_18xx_43xx.o
LOAD projects/lab0/out/libs/lpc_open/lpc_chip_43xx/src/ssp_18xx_43xx.o
LOAD projects/lab0/out/libs/lpc_open/lpc_chip_43xx/src/i2c_18xx_43xx.o
LOAD projects/lab0/out/libs/lpc_open/lpc_startup/src/crp.o
LOAD projects/lab0/out/libs/lpc_open/lpc_startup/src/sysinit.o
LOAD projects/lab0/out/libs/lpc_open/lpc_startup/src/vendor_interrupt.o
END GROUP
LOAD /usr/lib/gcc/arm-none-eabi/6.3.1/../../../arm-none-eabi/lib/thumb/v7e-m/fpv4-sp/hard/libstdc++_nano.a
LOAD /usr/lib/gcc/arm-none-eabi/6.3.1/../../../arm-none-eabi/lib/thumb/v7e-m/fpv4-sp/hard/libm.a
START GROUP
LOAD /usr/lib/gcc/arm-none-eabi/6.3.1/thumb/v7e-m/fpv4-sp/hard/libgcc.a
LOAD /usr/lib/gcc/arm-none-eabi/6.3.1/../../../arm-none-eabi/lib/thumb/v7e-m/fpv4-sp/hard/libc_nano.a
END GROUP
START GROUP
LOAD /usr/lib/gcc/arm-none-eabi/6.3.1/thumb/v7e-m/fpv4-sp/hard/libgcc.a
LOAD /usr/lib/gcc/arm-none-eabi/6.3.1/../../../arm-none-eabi/lib/thumb/v7e-m/fpv4-sp/hard/libc_nano.a
END GROUP
                0x000000001a080000                __top_MFlashA512 = 0x1a080000
                0x000000001b080000                __top_MFlashB512 = 0x1b080000
                0x0000000010008000                __top_RamLoc32 = 0x10008000
                0x000000001008a000                __top_RamLoc40 = 0x1008a000
                0x0000000020008000                __top_RamAHB32 = 0x20008000
                0x000000002000c000                __top_RamAHB16 = 0x2000c000
                0x0000000020010000                __top_RamAHB_ETB16 = 0x20010000
START GROUP
LOAD /usr/lib/gcc/arm-none-eabi/6.3.1/thumb/v7e-m/fpv4-sp/hard/libgcc.a
LOAD /usr/lib/gcc/arm-none-eabi/6.3.1/../../../arm-none-eabi/lib/thumb/v7e-m/fpv4-sp/hard/libc.a
LOAD /usr/lib/gcc/arm-none-eabi/6.3.1/../../../arm-none-eabi/lib/thumb/v7e-m/fpv4-sp/hard/libm.a
END GROUP

.text_Flash2    0x000000001b000000        0x0
 FILL mask 0xff
 *(.text_Flash2*)
 *(.text_MFlashB512*)
 *(.text.$Flash2*)
 *(.text.$MFlashB512*)
 *(.rodata.$Flash2*)
 *(.rodata.$MFlashB512*)

.text           0x000000001a000000     0x1900
 FILL mask 0xff
                0x000000001a000000                __vectors_start__ = ABSOLUTE (.)
 *(.isr_vector)
 .isr_vector    0x000000001a000000       0x40 projects/lab0/out/libs/cmsis_core//src/armv7m_startup.o
                0x000000001a000000                g_pfnVectors
 *(.isr_vendor_vector)
 .isr_vendor_vector
                0x000000001a000040       0xd4 projects/lab0/out/libs/lpc_open/lpc_startup/src/vendor_interrupt.o
                0x000000001a000040                g_pfnVendorVectors
                0x000000001a000114                . = ALIGN (0x4)
                0x000000001a000114                __section_table_start = .
                0x000000001a000114                __data_section_table = .
                0x000000001a000114        0x4 LONG 0x1a00190c LOADADDR (.data)
                0x000000001a000118        0x4 LONG 0x10000000 ADDR (.data)
                0x000000001a00011c        0x4 LONG 0x38 SIZEOF (.data)
                0x000000001a000120        0x4 LONG 0x1a00190c LOADADDR (.data_RAM2)
                0x000000001a000124        0x4 LONG 0x10080000 ADDR (.data_RAM2)
                0x000000001a000128        0x4 LONG 0x0 SIZEOF (.data_RAM2)
                0x000000001a00012c        0x4 LONG 0x1a00190c LOADADDR (.data_RAM3)
                0x000000001a000130        0x4 LONG 0x20000000 ADDR (.data_RAM3)
                0x000000001a000134        0x4 LONG 0x0 SIZEOF (.data_RAM3)
                0x000000001a000138        0x4 LONG 0x1a00190c LOADADDR (.data_RAM4)
                0x000000001a00013c        0x4 LONG 0x20008000 ADDR (.data_RAM4)
                0x000000001a000140        0x4 LONG 0x0 SIZEOF (.data_RAM4)
                0x000000001a000144        0x4 LONG 0x1a00190c LOADADDR (.data_RAM5)
                0x000000001a000148        0x4 LONG 0x2000c000 ADDR (.data_RAM5)
                0x000000001a00014c        0x4 LONG 0x0 SIZEOF (.data_RAM5)
                0x000000001a000150                __data_section_table_end = .
                0x000000001a000150                __bss_section_table = .
                0x000000001a000150        0x4 LONG 0x10000038 ADDR (.bss)
                0x000000001a000154        0x4 LONG 0x10 SIZEOF (.bss)
                0x000000001a000158        0x4 LONG 0x10080000 ADDR (.bss_RAM2)
                0x000000001a00015c        0x4 LONG 0x0 SIZEOF (.bss_RAM2)
                0x000000001a000160        0x4 LONG 0x20000000 ADDR (.bss_RAM3)
                0x000000001a000164        0x4 LONG 0x0 SIZEOF (.bss_RAM3)
                0x000000001a000168        0x4 LONG 0x20008000 ADDR (.bss_RAM4)
                0x000000001a00016c        0x4 LONG 0x0 SIZEOF (.bss_RAM4)
                0x000000001a000170        0x4 LONG 0x2000c000 ADDR (.bss_RAM5)
                0x000000001a000174        0x4 LONG 0x0 SIZEOF (.bss_RAM5)
                0x000000001a000178                __bss_section_table_end = .
                0x000000001a000178                __section_table_end = .
 *(.after_vectors*)
 .after_vectors
                0x000000001a000178       0x42 projects/lab0/out/libs/cmsis_core//src/armv7m_startup.o
                0x000000001a000178                NMI_Handler
                0x000000001a00017a                HardFault_Handler
                0x000000001a00017c                MemManage_Handler
                0x000000001a00017e                BusFault_Handler
                0x000000001a000180                UsageFault_Handler
                0x000000001a000182                SVC_Handler
                0x000000001a000184                DebugMon_Handler
                0x000000001a000186                PendSV_Handler
                0x000000001a00018a                data_init
                0x000000001a0001a8                bss_init
 .after_vectors
                0x000000001a0001ba        0x2 projects/lab0/out/libs/lpc_open/lpc_startup/src/vendor_interrupt.o
                0x000000001a0001ba                TIMER2_IRQHandler
                0x000000001a0001ba                RIT_IRQHandler
                0x000000001a0001ba                ADCHS_IRQHandler
                0x000000001a0001ba                FLASH_EEPROM_IRQHandler
                0x000000001a0001ba                I2C0_IRQHandler
                0x000000001a0001ba                SDIO_IRQHandler
                0x000000001a0001ba                ATIMER_IRQHandler
                0x000000001a0001ba                I2C1_IRQHandler
                0x000000001a0001ba                UART1_IRQHandler
                0x000000001a0001ba                GPIO5_IRQHandler
                0x000000001a0001ba                CAN1_IRQHandler
                0x000000001a0001ba                USB1_IRQHandler
                0x000000001a0001ba                I2S0_IRQHandler
                0x000000001a0001ba                TIMER3_IRQHandler
                0x000000001a0001ba                UART0_IRQHandler
                0x000000001a0001ba                SGPIO_IRQHandler
                0x000000001a0001ba                ADC0_IRQHandler
                0x000000001a0001ba                GPIO6_IRQHandler
                0x000000001a0001ba                IntDefaultHandler
                0x000000001a0001ba                GPIO1_IRQHandler
                0x000000001a0001ba                SSP0_IRQHandler
                0x000000001a0001ba                ADC1_IRQHandler
                0x000000001a0001ba                RTC_IRQHandler
                0x000000001a0001ba                TIMER0_IRQHandler
                0x000000001a0001ba                SPI_IRQHandler
                0x000000001a0001ba                LCD_IRQHandler
                0x000000001a0001ba                TIMER1_IRQHandler
                0x000000001a0001ba                UART2_IRQHandler
                0x000000001a0001ba                GPIO2_IRQHandler
                0x000000001a0001ba                I2S1_IRQHandler
                0x000000001a0001ba                SSP1_IRQHandler
                0x000000001a0001ba                USB0_IRQHandler
                0x000000001a0001ba                GPIO3_IRQHandler
                0x000000001a0001ba                SCT_IRQHandler
                0x000000001a0001ba                WDT_IRQHandler
                0x000000001a0001ba                GPIO7_IRQHandler
                0x000000001a0001ba                SPIFI_IRQHandler
                0x000000001a0001ba                QEI_IRQHandler
                0x000000001a0001ba                ETH_IRQHandler
                0x000000001a0001ba                CAN0_IRQHandler
                0x000000001a0001ba                GINT0_IRQHandler
                0x000000001a0001ba                DAC_IRQHandler
                0x000000001a0001ba                M0SUB_IRQHandler
                0x000000001a0001ba                GPIO0_IRQHandler
                0x000000001a0001ba                DMA_IRQHandler
                0x000000001a0001ba                EVRT_IRQHandler
                0x000000001a0001ba                UART3_IRQHandler
                0x000000001a0001ba                MCPWM_IRQHandler
                0x000000001a0001ba                M0APP_IRQHandler
                0x000000001a0001ba                GINT1_IRQHandler
                0x000000001a0001ba                GPIO4_IRQHandler
                0x00000000000002fc                . = 0x2fc
 *fill*         0x000000001a0001bc      0x140 ff
                0x000000001a0002fc                PROVIDE (__CRP_WORD_START__, .)
 *(.crp)
 .crp           0x000000001a0002fc        0x4 projects/lab0/out/libs/lpc_open/lpc_startup/src/crp.o
                0x000000001a0002fc                CRP_WORD
                0x000000001a000300                PROVIDE (__CRP_WORD_END__, .)
                0x0000000000000001                ASSERT (! ((__CRP_WORD_START__ == __CRP_WORD_END__)), Linker CRP Enabled, but no CRP_WORD provided within application)
 *(.text*)
 .text.ConfigurarInterrupcion
                0x000000001a000300       0x4c projects/lab0/out/projects/lab0/src/configuracion.o
                0x000000001a000300                ConfigurarInterrupcion
 .text.ConfigurarPuertosLaboratorio
                0x000000001a00034c       0x94 projects/lab0/out/projects/lab0/src/configuracion.o
                0x000000001a00034c                ConfigurarPuertosLaboratorio
 .text.SysTick_Handler
                0x000000001a0003e0       0x54 projects/lab0/out/projects/lab0/src/lab0.o
                0x000000001a0003e0                SysTick_Handler
 .text.main     0x000000001a000434       0x44 projects/lab0/out/projects/lab0/src/lab0.o
                0x000000001a000434                main
 .text.initialise_monitor_handles
                0x000000001a000478        0x2 projects/lab0/out/libs/cmsis_core//src/armv7m_startup.o
                0x000000001a000478                initialise_monitor_handles
 *fill*         0x000000001a00047a        0x2 ff
 .text.Reset_Handler
                0x000000001a00047c       0x88 projects/lab0/out/libs/cmsis_core//src/armv7m_startup.o
                0x000000001a00047c                Reset_Handler
 .text._fini    0x000000001a000504        0x2 projects/lab0/out/libs/cmsis_core//src/armv7m_startup.o
                0x000000001a000504                _fini
 .text._init    0x000000001a000506        0x2 projects/lab0/out/libs/cmsis_core//src/armv7m_startup.o
                0x000000001a000506                _init
 .text.Led_On   0x000000001a000508       0x78 projects/lab0/out/modules/drivers_bm//src/led.o
                0x000000001a000508                Led_On
 .text.Led_Off  0x000000001a000580       0x78 projects/lab0/out/modules/drivers_bm//src/led.o
                0x000000001a000580                Led_Off
 .text.Led_Toggle
                0x000000001a0005f8       0x78 projects/lab0/out/modules/drivers_bm//src/led.o
                0x000000001a0005f8                Led_Toggle
 .text.Read_Switches
                0x000000001a000670       0x2c projects/lab0/out/modules/drivers_bm//src/switch.o
                0x000000001a000670                Read_Switches
 .text.Board_LED_Init
                0x000000001a00069c       0x44 projects/lab0/out/libs/lpc_open/boards/edu_ciaa_nxp/src/board.o
 .text.Board_TEC_Init
                0x000000001a0006e0       0x40 projects/lab0/out/libs/lpc_open/boards/edu_ciaa_nxp/src/board.o
 .text.Board_GPIO_Init
                0x000000001a000720       0x40 projects/lab0/out/libs/lpc_open/boards/edu_ciaa_nxp/src/board.o
 .text.Board_ADC_Init
                0x000000001a000760       0x30 projects/lab0/out/libs/lpc_open/boards/edu_ciaa_nxp/src/board.o
 .text.Board_SPI_Init
                0x000000001a000790       0x38 projects/lab0/out/libs/lpc_open/boards/edu_ciaa_nxp/src/board.o
 .text.Board_I2C_Init
                0x000000001a0007c8       0x24 projects/lab0/out/libs/lpc_open/boards/edu_ciaa_nxp/src/board.o
 .text.Board_Debug_Init
                0x000000001a0007ec       0x24 projects/lab0/out/libs/lpc_open/boards/edu_ciaa_nxp/src/board.o
                0x000000001a0007ec                Board_Debug_Init
 .text.Board_Init
                0x000000001a000810       0x2c projects/lab0/out/libs/lpc_open/boards/edu_ciaa_nxp/src/board.o
                0x000000001a000810                Board_Init
 .text.__stdio_init
                0x000000001a00083c        0x8 projects/lab0/out/libs/lpc_open/boards/edu_ciaa_nxp/src/board.o
                0x000000001a00083c                __stdio_init
 .text.Board_SetupMuxing
                0x000000001a000844       0x38 projects/lab0/out/libs/lpc_open/boards/edu_ciaa_nxp/src/board_sysinit.o
                0x000000001a000844                Board_SetupMuxing
 .text.Board_SetupClocking
                0x000000001a00087c       0x6c projects/lab0/out/libs/lpc_open/boards/edu_ciaa_nxp/src/board_sysinit.o
                0x000000001a00087c                Board_SetupClocking
 .text.Board_SystemInit
                0x000000001a0008e8        0xc projects/lab0/out/libs/lpc_open/boards/edu_ciaa_nxp/src/board_sysinit.o
                0x000000001a0008e8                Board_SystemInit
 .text.Chip_UART_GetIndex
                0x000000001a0008f4       0x2c projects/lab0/out/libs/lpc_open/lpc_chip_43xx/src/uart_18xx_43xx.o
 .text.Chip_UART_Init
                0x000000001a000920       0x54 projects/lab0/out/libs/lpc_open/lpc_chip_43xx/src/uart_18xx_43xx.o
                0x000000001a000920                Chip_UART_Init
 .text.Chip_UART_SetBaudFDR
                0x000000001a000974       0xe8 projects/lab0/out/libs/lpc_open/lpc_chip_43xx/src/uart_18xx_43xx.o
                0x000000001a000974                Chip_UART_SetBaudFDR
 .text.Chip_ADC_GetClockIndex
                0x000000001a000a5c       0x14 projects/lab0/out/libs/lpc_open/lpc_chip_43xx/src/adc_18xx_43xx.o
 .text.getClkDiv
                0x000000001a000a70       0x32 projects/lab0/out/libs/lpc_open/lpc_chip_43xx/src/adc_18xx_43xx.o
 *fill*         0x000000001a000aa2        0x2 ff
 .text.Chip_ADC_Init
                0x000000001a000aa4       0x40 projects/lab0/out/libs/lpc_open/lpc_chip_43xx/src/adc_18xx_43xx.o
                0x000000001a000aa4                Chip_ADC_Init
 .text.Chip_ADC_SetSampleRate
                0x000000001a000ae4       0x32 projects/lab0/out/libs/lpc_open/lpc_chip_43xx/src/adc_18xx_43xx.o
                0x000000001a000ae4                Chip_ADC_SetSampleRate
 .text.Chip_ADC_SetResolution
                0x000000001a000b16        0xc projects/lab0/out/libs/lpc_open/lpc_chip_43xx/src/adc_18xx_43xx.o
                0x000000001a000b16                Chip_ADC_SetResolution
 *fill*         0x000000001a000b22        0x2 ff
 .text.pll_calc_divs
                0x000000001a000b24       0xa0 projects/lab0/out/libs/lpc_open/lpc_chip_43xx/src/clock_18xx_43xx.o
 .text.pll_get_frac
                0x000000001a000bc4      0x10c projects/lab0/out/libs/lpc_open/lpc_chip_43xx/src/clock_18xx_43xx.o
 .text.Chip_Clock_FindBaseClock
                0x000000001a000cd0       0x4c projects/lab0/out/libs/lpc_open/lpc_chip_43xx/src/clock_18xx_43xx.o
 .text.Chip_Clock_EnableCrystal
                0x000000001a000d1c       0x4c projects/lab0/out/libs/lpc_open/lpc_chip_43xx/src/clock_18xx_43xx.o
                0x000000001a000d1c                Chip_Clock_EnableCrystal
 .text.Chip_Clock_GetDividerSource
                0x000000001a000d68       0x1c projects/lab0/out/libs/lpc_open/lpc_chip_43xx/src/clock_18xx_43xx.o
                0x000000001a000d68                Chip_Clock_GetDividerSource
 .text.Chip_Clock_GetDividerDivisor
                0x000000001a000d84       0x1c projects/lab0/out/libs/lpc_open/lpc_chip_43xx/src/clock_18xx_43xx.o
                0x000000001a000d84                Chip_Clock_GetDividerDivisor
 .text.Chip_Clock_GetClockInputHz
                0x000000001a000da0       0xb8 projects/lab0/out/libs/lpc_open/lpc_chip_43xx/src/clock_18xx_43xx.o
                0x000000001a000da0                Chip_Clock_GetClockInputHz
 .text.Chip_Clock_CalcMainPLLValue
                0x000000001a000e58       0x80 projects/lab0/out/libs/lpc_open/lpc_chip_43xx/src/clock_18xx_43xx.o
                0x000000001a000e58                Chip_Clock_CalcMainPLLValue
 .text.Chip_Clock_GetMainPLLHz
                0x000000001a000ed8       0x6c projects/lab0/out/libs/lpc_open/lpc_chip_43xx/src/clock_18xx_43xx.o
                0x000000001a000ed8                Chip_Clock_GetMainPLLHz
 .text.Chip_Clock_GetDivRate
                0x000000001a000f44       0x22 projects/lab0/out/libs/lpc_open/lpc_chip_43xx/src/clock_18xx_43xx.o
 *fill*         0x000000001a000f66        0x2 ff
 .text.Chip_Clock_SetBaseClock
                0x000000001a000f68       0x58 projects/lab0/out/libs/lpc_open/lpc_chip_43xx/src/clock_18xx_43xx.o
                0x000000001a000f68                Chip_Clock_SetBaseClock
 .text.Chip_Clock_GetBaseClock
                0x000000001a000fc0       0x26 projects/lab0/out/libs/lpc_open/lpc_chip_43xx/src/clock_18xx_43xx.o
                0x000000001a000fc0                Chip_Clock_GetBaseClock
 .text.Chip_Clock_GetBaseClocktHz
                0x000000001a000fe6        0xc projects/lab0/out/libs/lpc_open/lpc_chip_43xx/src/clock_18xx_43xx.o
                0x000000001a000fe6                Chip_Clock_GetBaseClocktHz
 *fill*         0x000000001a000ff2        0x2 ff
 .text.Chip_Clock_EnableOpts
                0x000000001a000ff4       0x3c projects/lab0/out/libs/lpc_open/lpc_chip_43xx/src/clock_18xx_43xx.o
                0x000000001a000ff4                Chip_Clock_EnableOpts
 .text.Chip_Clock_Enable
                0x000000001a001030       0x34 projects/lab0/out/libs/lpc_open/lpc_chip_43xx/src/clock_18xx_43xx.o
                0x000000001a001030                Chip_Clock_Enable
 .text.Chip_Clock_GetRate
                0x000000001a001064       0x4c projects/lab0/out/libs/lpc_open/lpc_chip_43xx/src/clock_18xx_43xx.o
                0x000000001a001064                Chip_Clock_GetRate
 .text.SystemCoreClockUpdate
                0x000000001a0010b0       0x14 projects/lab0/out/libs/lpc_open/lpc_chip_43xx/src/chip_18xx_43xx.o
                0x000000001a0010b0                SystemCoreClockUpdate
 .text.Chip_SetupCoreClock
                0x000000001a0010c4      0x154 projects/lab0/out/libs/lpc_open/lpc_chip_43xx/src/sysinit_18xx_43xx.o
                0x000000001a0010c4                Chip_SetupCoreClock
 .text.Chip_GPIO_Init
                0x000000001a001218        0x2 projects/lab0/out/libs/lpc_open/lpc_chip_43xx/src/gpio_18xx_43xx.o
                0x000000001a001218                Chip_GPIO_Init
 *fill*         0x000000001a00121a        0x2 ff
 .text.Chip_SSP_GetClockIndex
                0x000000001a00121c       0x14 projects/lab0/out/libs/lpc_open/lpc_chip_43xx/src/ssp_18xx_43xx.o
 .text.Chip_SSP_GetPeriphClockIndex
                0x000000001a001230       0x18 projects/lab0/out/libs/lpc_open/lpc_chip_43xx/src/ssp_18xx_43xx.o
 .text.Chip_SSP_SetClockRate
                0x000000001a001248       0x12 projects/lab0/out/libs/lpc_open/lpc_chip_43xx/src/ssp_18xx_43xx.o
                0x000000001a001248                Chip_SSP_SetClockRate
 .text.Chip_SSP_SetBitRate
                0x000000001a00125a       0x3e projects/lab0/out/libs/lpc_open/lpc_chip_43xx/src/ssp_18xx_43xx.o
                0x000000001a00125a                Chip_SSP_SetBitRate
 .text.Chip_SSP_Init
                0x000000001a001298       0x38 projects/lab0/out/libs/lpc_open/lpc_chip_43xx/src/ssp_18xx_43xx.o
                0x000000001a001298                Chip_SSP_Init
 .text.Chip_I2C_EventHandler
                0x000000001a0012d0       0x20 projects/lab0/out/libs/lpc_open/lpc_chip_43xx/src/i2c_18xx_43xx.o
                0x000000001a0012d0                Chip_I2C_EventHandler
 .text.Chip_I2C_Init
                0x000000001a0012f0       0x24 projects/lab0/out/libs/lpc_open/lpc_chip_43xx/src/i2c_18xx_43xx.o
                0x000000001a0012f0                Chip_I2C_Init
 .text.Chip_I2C_SetClockRate
                0x000000001a001314       0x38 projects/lab0/out/libs/lpc_open/lpc_chip_43xx/src/i2c_18xx_43xx.o
                0x000000001a001314                Chip_I2C_SetClockRate
 .text.SystemInit
                0x000000001a00134c       0x40 projects/lab0/out/libs/lpc_open/lpc_startup/src/sysinit.o
                0x000000001a00134c                SystemInit
 .text          0x000000001a00138c       0x30 /usr/lib/gcc/arm-none-eabi/6.3.1/thumb/v7e-m/fpv4-sp/hard/libgcc.a(_aeabi_uldivmod.o)
                0x000000001a00138c                __aeabi_uldivmod
 .text          0x000000001a0013bc      0x2dc /usr/lib/gcc/arm-none-eabi/6.3.1/thumb/v7e-m/fpv4-sp/hard/libgcc.a(_udivmoddi4.o)
                0x000000001a0013bc                __udivmoddi4
 .text          0x000000001a001698        0x4 /usr/lib/gcc/arm-none-eabi/6.3.1/thumb/v7e-m/fpv4-sp/hard/libgcc.a(_dvmd_tls.o)
                0x000000001a001698                __aeabi_ldiv0
                0x000000001a001698                __aeabi_idiv0
 .text          0x000000001a00169c       0x50 /usr/lib/gcc/arm-none-eabi/6.3.1/../../../arm-none-eabi/lib/thumb/v7e-m/fpv4-sp/hard/libc_nano.a(lib_a-init.o)
                0x000000001a00169c                __libc_init_array
 .text          0x000000001a0016ec       0x9c /usr/lib/gcc/arm-none-eabi/6.3.1/../../../arm-none-eabi/lib/thumb/v7e-m/fpv4-sp/hard/libc_nano.a(lib_a-memset.o)
                0x000000001a0016ec                memset
 *(.rodata .rodata.* .constdata .constdata.*)
 .rodata.ExtRateIn
                0x000000001a001788        0x4 projects/lab0/out/libs/lpc_open/boards/edu_ciaa_nxp/src/board.o
                0x000000001a001788                ExtRateIn
 .rodata.GpioButtons
                0x000000001a00178c        0x8 projects/lab0/out/libs/lpc_open/boards/edu_ciaa_nxp/src/board.o
 .rodata.GpioLeds
                0x000000001a001794        0xc projects/lab0/out/libs/lpc_open/boards/edu_ciaa_nxp/src/board.o
 .rodata.GpioPorts
                0x000000001a0017a0       0x12 projects/lab0/out/libs/lpc_open/boards/edu_ciaa_nxp/src/board.o
 *fill*         0x000000001a0017b2        0x2 ff
 .rodata.OscRateIn
                0x000000001a0017b4        0x4 projects/lab0/out/libs/lpc_open/boards/edu_ciaa_nxp/src/board.o
                0x000000001a0017b4                OscRateIn
 .rodata.InitClkStates
                0x000000001a0017b8        0x4 projects/lab0/out/libs/lpc_open/boards/edu_ciaa_nxp/src/board_sysinit.o
 .rodata.pinmuxing
                0x000000001a0017bc       0x74 projects/lab0/out/libs/lpc_open/boards/edu_ciaa_nxp/src/board_sysinit.o
 .rodata.UART_BClock
                0x000000001a001830        0x8 projects/lab0/out/libs/lpc_open/lpc_chip_43xx/src/uart_18xx_43xx.o
 .rodata.UART_PClock
                0x000000001a001838        0x8 projects/lab0/out/libs/lpc_open/lpc_chip_43xx/src/uart_18xx_43xx.o
 .rodata        0x000000001a001840        0x4 projects/lab0/out/libs/lpc_open/lpc_chip_43xx/src/clock_18xx_43xx.o
 .rodata.Chip_Clock_SetDivider.str1.4
                0x000000001a001844        0x8 projects/lab0/out/libs/lpc_open/lpc_chip_43xx/src/clock_18xx_43xx.o
                                          0x6 (size before relaxing)
 .rodata.periph_to_base
                0x000000001a00184c       0x6c projects/lab0/out/libs/lpc_open/lpc_chip_43xx/src/clock_18xx_43xx.o
 .rodata.InitClkStates
                0x000000001a0018b8       0x48 projects/lab0/out/libs/lpc_open/lpc_chip_43xx/src/sysinit_18xx_43xx.o
                0x000000001a001900                . = ALIGN (0x4)

.glue_7         0x000000001a001900        0x0
 .glue_7        0x000000001a001900        0x0 linker stubs

.glue_7t        0x000000001a001900        0x0
 .glue_7t       0x000000001a001900        0x0 linker stubs

.vfp11_veneer   0x000000001a001900        0x0
 .vfp11_veneer  0x000000001a001900        0x0 linker stubs

.v4_bx          0x000000001a001900        0x0
 .v4_bx         0x000000001a001900        0x0 linker stubs

.iplt           0x000000001a001900        0x0
 .iplt          0x000000001a001900        0x0 projects/lab0/out/projects/lab0/src/configuracion.o
                0x000000001a001900                . = ALIGN (0x4)

.preinit_array  0x000000001a001900        0x0
                0x000000001a001900                PROVIDE (__preinit_array_start, .)
 *(.preinit_array*)
                0x000000001a001900                PROVIDE (__preinit_array_end, .)

.init_array     0x000000001a001900        0x4
                0x000000001a001900                PROVIDE (__init_array_start, .)
 *(SORT(.init_array.*))
 *(.init_array*)
 .init_array    0x000000001a001900        0x4 projects/lab0/out/libs/sys_newlib//src/system.o
                0x000000001a001904                PROVIDE (__init_array_end, .)
                0x000000001a001904                . = ALIGN (0x4)

.ARM.extab
 *(.ARM.extab* .gnu.linkonce.armextab.*)
                0x000000001a001904                __exidx_start = .

.ARM.exidx      0x000000001a001904        0x8
 *(.ARM.exidx* .gnu.linkonce.armexidx.*)
 .ARM.exidx     0x000000001a001904        0x8 /usr/lib/gcc/arm-none-eabi/6.3.1/thumb/v7e-m/fpv4-sp/hard/libgcc.a(_udivmoddi4.o)
                0x000000001a00190c                __exidx_end = .
                0x000000001a00190c                _etext = .

.rel.dyn        0x000000001a00190c        0x0
 .rel.iplt      0x000000001a00190c        0x0 projects/lab0/out/projects/lab0/src/configuracion.o

.data_RAM2      0x0000000010080000        0x0 load address 0x000000001a00190c
 FILL mask 0xff
 *(.ramfunc.$RAM2)
 *(.ramfunc.$RamLoc40)
 *(.data.$RAM2*)
 *(.data.$RamLoc40*)
                0x0000000010080000                . = ALIGN (0x4)

.data_RAM3      0x0000000020000000        0x0 load address 0x000000001a00190c
 FILL mask 0xff
 *(.ramfunc.$RAM3)
 *(.ramfunc.$RamAHB32)
 *(.data.$RAM3*)
 *(.data.$RamAHB32*)
                0x0000000020000000                . = ALIGN (0x4)

.data_RAM4      0x0000000020008000        0x0 load address 0x000000001a00190c
 FILL mask 0xff
 *(.ramfunc.$RAM4)
 *(.ramfunc.$RamAHB16)
 *(.data.$RAM4*)
 *(.data.$RamAHB16*)
                0x0000000020008000                . = ALIGN (0x4)

.data_RAM5      0x000000002000c000        0x0 load address 0x000000001a00190c
 FILL mask 0xff
 *(.ramfunc.$RAM5)
 *(.ramfunc.$RamAHB_ETB16)
 *(.data.$RAM5*)
 *(.data.$RamAHB_ETB16*)
                0x000000002000c000                . = ALIGN (0x4)

.uninit_RESERVED
                0x0000000010000000        0x0
 *(.bss.$RESERVED*)
                0x0000000010000000                . = ALIGN (0x4)
                0x0000000010000000                _end_uninit_RESERVED = .

.data           0x0000000010000000       0x38 load address 0x000000001a00190c
 FILL mask 0xff
                0x0000000010000000                _data = .
 *(vtable)
 *(.ramfunc*)
 *(.data*)
 .data.i2c      0x0000000010000000       0x38 projects/lab0/out/libs/lpc_open/lpc_chip_43xx/src/i2c_18xx_43xx.o
                0x0000000010000038                . = ALIGN (0x4)
                0x0000000010000038                _edata = .

.igot.plt       0x0000000010000038        0x0 load address 0x000000001a001944
 .igot.plt      0x0000000010000038        0x0 projects/lab0/out/projects/lab0/src/configuracion.o

.bss_RAM2       0x0000000010080000        0x0
 *(.bss.$RAM2*)
 *(.bss.$RamLoc40*)
                0x0000000010080000                . = ALIGN (0x4)

.bss_RAM3       0x0000000020000000        0x0
 *(.bss.$RAM3*)
 *(.bss.$RamAHB32*)
                0x0000000020000000                . = ALIGN (0x4)

.bss_RAM4       0x0000000020008000        0x0
 *(.bss.$RAM4*)
 *(.bss.$RamAHB16*)
                0x0000000020008000                . = ALIGN (0x4)

.bss_RAM5       0x000000002000c000        0x0
 *(.bss.$RAM5*)
 *(.bss.$RamAHB_ETB16*)
                0x000000002000c000                . = ALIGN (0x4)

.bss            0x0000000010000038       0x10
                0x0000000010000038                _bss = .
 *(.bss*)
 .bss.contador.10490
                0x0000000010000038        0x4 projects/lab0/out/projects/lab0/src/lab0.o
 .bss.audio_usb_pll_freq
                0x000000001000003c        0x8 projects/lab0/out/libs/lpc_open/lpc_chip_43xx/src/clock_18xx_43xx.o
 *(COMMON)
 COMMON         0x0000000010000044        0x4 projects/lab0/out/libs/lpc_open/lpc_chip_43xx/src/chip_18xx_43xx.o
                0x0000000010000044                SystemCoreClock
                0x0000000010000048                . = ALIGN (0x4)
                0x0000000010000048                _ebss = .
                [!provide]                        PROVIDE (end, .)

.noinit_RAM2    0x0000000010080000        0x0
 *(.noinit.$RAM2*)
 *(.noinit.$RamLoc40*)
                0x0000000010080000                . = ALIGN (0x4)

.noinit_RAM3    0x0000000020000000        0x0
 *(.noinit.$RAM3*)
 *(.noinit.$RamAHB32*)
                0x0000000020000000                . = ALIGN (0x4)

.noinit_RAM4    0x0000000020008000        0x0
 *(.noinit.$RAM4*)
 *(.noinit.$RamAHB16*)
                0x0000000020008000                . = ALIGN (0x4)

.noinit_RAM5    0x000000002000c000        0x0
 *(.noinit.$RAM5*)
 *(.noinit.$RamAHB_ETB16*)
                0x000000002000c000                . = ALIGN (0x4)

.noinit         0x0000000010000048        0x0
                0x0000000010000048                _noinit = .
 *(.noinit*)
                0x0000000010000048                . = ALIGN (0x4)
                0x0000000010000048                _end_noinit = .
                0x0000000010000048                PROVIDE (_pvHeapStart, .)
                0x0000000010008000                PROVIDE (_vStackTop, (__top_RamLoc32 - 0x0))
                0xffffffff53ff7412                PROVIDE (__valid_user_code_checksum, (0x0 - ((((((_vStackTop + (Reset_Handler + 0x1)) + (NMI_Handler + 0x1)) + (HardFault_Handler + 0x1)) + (DEFINED (MemManage_Handler)?MemManage_Handler:0x0 + 0x1)) + (DEFINED (BusFault_Handler)?BusFault_Handler:0x0 + 0x1)) + (DEFINED (UsageFault_Handler)?UsageFault_Handler:0x0 + 0x1))))
OUTPUT(projects/lab0/out/lab0.elf elf32-littlearm)

.debug_info     0x0000000000000000    0x10f62
 .debug_info    0x0000000000000000      0xf3d projects/lab0/out/projects/lab0/src/configuracion.o
 .debug_info    0x0000000000000f3d      0x26d projects/lab0/out/projects/lab0/src/lab0.o
 .debug_info    0x00000000000011aa      0x308 projects/lab0/out/libs/cmsis_core//src/armv7m_startup.o
 .debug_info    0x00000000000014b2      0xf34 projects/lab0/out/libs/sys_newlib//src/system.o
 .debug_info    0x00000000000023e6      0xd0f projects/lab0/out/modules/drivers_bm//src/led.o
 .debug_info    0x00000000000030f5      0x7e1 projects/lab0/out/modules/drivers_bm//src/switch.o
 .debug_info    0x00000000000038d6     0x210c projects/lab0/out/libs/lpc_open/boards/edu_ciaa_nxp/src/board.o
 .debug_info    0x00000000000059e2     0x14ab projects/lab0/out/libs/lpc_open/boards/edu_ciaa_nxp/src/board_sysinit.o
 .debug_info    0x0000000000006e8d     0x164c projects/lab0/out/libs/lpc_open/lpc_chip_43xx/src/uart_18xx_43xx.o
 .debug_info    0x00000000000084d9      0xaed projects/lab0/out/libs/lpc_open/lpc_chip_43xx/src/adc_18xx_43xx.o
 .debug_info    0x0000000000008fc6     0x18e4 projects/lab0/out/libs/lpc_open/lpc_chip_43xx/src/clock_18xx_43xx.o
 .debug_info    0x000000000000a8aa      0xc3b projects/lab0/out/libs/lpc_open/lpc_chip_43xx/src/chip_18xx_43xx.o
 .debug_info    0x000000000000b4e5      0xaae projects/lab0/out/libs/lpc_open/lpc_chip_43xx/src/sysinit_18xx_43xx.o
 .debug_info    0x000000000000bf93      0x220 projects/lab0/out/libs/lpc_open/lpc_chip_43xx/src/gpio_18xx_43xx.o
 .debug_info    0x000000000000c1b3     0x1605 projects/lab0/out/libs/lpc_open/lpc_chip_43xx/src/ssp_18xx_43xx.o
 .debug_info    0x000000000000d7b8     0x1361 projects/lab0/out/libs/lpc_open/lpc_chip_43xx/src/i2c_18xx_43xx.o
 .debug_info    0x000000000000eb19       0x3f projects/lab0/out/libs/lpc_open/lpc_startup/src/crp.o
 .debug_info    0x000000000000eb58      0xbaa projects/lab0/out/libs/lpc_open/lpc_startup/src/sysinit.o
 .debug_info    0x000000000000f702       0x74 projects/lab0/out/libs/lpc_open/lpc_startup/src/vendor_interrupt.o
 .debug_info    0x000000000000f776       0xcf /usr/lib/gcc/arm-none-eabi/6.3.1/thumb/v7e-m/fpv4-sp/hard/libgcc.a(_aeabi_uldivmod.o)
 .debug_info    0x000000000000f845      0xc24 /usr/lib/gcc/arm-none-eabi/6.3.1/thumb/v7e-m/fpv4-sp/hard/libgcc.a(_udivmoddi4.o)
 .debug_info    0x0000000000010469       0xd3 /usr/lib/gcc/arm-none-eabi/6.3.1/thumb/v7e-m/fpv4-sp/hard/libgcc.a(_dvmd_tls.o)
 .debug_info    0x000000000001053c      0x110 /usr/lib/gcc/arm-none-eabi/6.3.1/../../../arm-none-eabi/lib/thumb/v7e-m/fpv4-sp/hard/libc_nano.a(lib_a-init.o)
 .debug_info    0x000000000001064c      0x916 /usr/lib/gcc/arm-none-eabi/6.3.1/../../../arm-none-eabi/lib/thumb/v7e-m/fpv4-sp/hard/libc_nano.a(lib_a-memset.o)

.debug_abbrev   0x0000000000000000     0x2d19
 .debug_abbrev  0x0000000000000000      0x225 projects/lab0/out/projects/lab0/src/configuracion.o
 .debug_abbrev  0x0000000000000225      0x125 projects/lab0/out/projects/lab0/src/lab0.o
 .debug_abbrev  0x000000000000034a      0x10d projects/lab0/out/libs/cmsis_core//src/armv7m_startup.o
 .debug_abbrev  0x0000000000000457      0x2b7 projects/lab0/out/libs/sys_newlib//src/system.o
 .debug_abbrev  0x000000000000070e      0x1f8 projects/lab0/out/modules/drivers_bm//src/led.o
 .debug_abbrev  0x0000000000000906      0x1a2 projects/lab0/out/modules/drivers_bm//src/switch.o
 .debug_abbrev  0x0000000000000aa8      0x46f projects/lab0/out/libs/lpc_open/boards/edu_ciaa_nxp/src/board.o
 .debug_abbrev  0x0000000000000f17      0x2eb projects/lab0/out/libs/lpc_open/boards/edu_ciaa_nxp/src/board_sysinit.o
 .debug_abbrev  0x0000000000001202      0x3b3 projects/lab0/out/libs/lpc_open/lpc_chip_43xx/src/uart_18xx_43xx.o
 .debug_abbrev  0x00000000000015b5      0x1f5 projects/lab0/out/libs/lpc_open/lpc_chip_43xx/src/adc_18xx_43xx.o
 .debug_abbrev  0x00000000000017aa      0x36f projects/lab0/out/libs/lpc_open/lpc_chip_43xx/src/clock_18xx_43xx.o
 .debug_abbrev  0x0000000000001b19      0x1bf projects/lab0/out/libs/lpc_open/lpc_chip_43xx/src/chip_18xx_43xx.o
 .debug_abbrev  0x0000000000001cd8      0x1ff projects/lab0/out/libs/lpc_open/lpc_chip_43xx/src/sysinit_18xx_43xx.o
 .debug_abbrev  0x0000000000001ed7      0x100 projects/lab0/out/libs/lpc_open/lpc_chip_43xx/src/gpio_18xx_43xx.o
 .debug_abbrev  0x0000000000001fd7      0x33d projects/lab0/out/libs/lpc_open/lpc_chip_43xx/src/ssp_18xx_43xx.o
 .debug_abbrev  0x0000000000002314      0x340 projects/lab0/out/libs/lpc_open/lpc_chip_43xx/src/i2c_18xx_43xx.o
 .debug_abbrev  0x0000000000002654       0x36 projects/lab0/out/libs/lpc_open/lpc_startup/src/crp.o
 .debug_abbrev  0x000000000000268a      0x216 projects/lab0/out/libs/lpc_open/lpc_startup/src/sysinit.o
 .debug_abbrev  0x00000000000028a0       0x74 projects/lab0/out/libs/lpc_open/lpc_startup/src/vendor_interrupt.o
 .debug_abbrev  0x0000000000002914       0x14 /usr/lib/gcc/arm-none-eabi/6.3.1/thumb/v7e-m/fpv4-sp/hard/libgcc.a(_aeabi_uldivmod.o)
 .debug_abbrev  0x0000000000002928      0x18c /usr/lib/gcc/arm-none-eabi/6.3.1/thumb/v7e-m/fpv4-sp/hard/libgcc.a(_udivmoddi4.o)
 .debug_abbrev  0x0000000000002ab4       0x14 /usr/lib/gcc/arm-none-eabi/6.3.1/thumb/v7e-m/fpv4-sp/hard/libgcc.a(_dvmd_tls.o)
 .debug_abbrev  0x0000000000002ac8       0xba /usr/lib/gcc/arm-none-eabi/6.3.1/../../../arm-none-eabi/lib/thumb/v7e-m/fpv4-sp/hard/libc_nano.a(lib_a-init.o)
 .debug_abbrev  0x0000000000002b82      0x197 /usr/lib/gcc/arm-none-eabi/6.3.1/../../../arm-none-eabi/lib/thumb/v7e-m/fpv4-sp/hard/libc_nano.a(lib_a-memset.o)

.debug_loc      0x0000000000000000     0x743d
 .debug_loc     0x0000000000000000      0x5f7 projects/lab0/out/projects/lab0/src/configuracion.o
 .debug_loc     0x00000000000005f7       0x6a projects/lab0/out/projects/lab0/src/lab0.o
 .debug_loc     0x0000000000000661      0x206 projects/lab0/out/libs/cmsis_core//src/armv7m_startup.o
 .debug_loc     0x0000000000000867      0x586 projects/lab0/out/libs/sys_newlib//src/system.o
 .debug_loc     0x0000000000000ded      0xab8 projects/lab0/out/modules/drivers_bm//src/led.o
 .debug_loc     0x00000000000018a5      0x361 projects/lab0/out/modules/drivers_bm//src/switch.o
 .debug_loc     0x0000000000001c06      0x5b0 projects/lab0/out/libs/lpc_open/boards/edu_ciaa_nxp/src/board.o
 .debug_loc     0x00000000000021b6       0xf5 projects/lab0/out/libs/lpc_open/boards/edu_ciaa_nxp/src/board_sysinit.o
 .debug_loc     0x00000000000022ab      0xd25 projects/lab0/out/libs/lpc_open/lpc_chip_43xx/src/uart_18xx_43xx.o
 .debug_loc     0x0000000000002fd0      0x673 projects/lab0/out/libs/lpc_open/lpc_chip_43xx/src/adc_18xx_43xx.o
 .debug_loc     0x0000000000003643     0x1295 projects/lab0/out/libs/lpc_open/lpc_chip_43xx/src/clock_18xx_43xx.o
 .debug_loc     0x00000000000048d8      0x1b5 projects/lab0/out/libs/lpc_open/lpc_chip_43xx/src/sysinit_18xx_43xx.o
 .debug_loc     0x0000000000004a8d      0xd79 projects/lab0/out/libs/lpc_open/lpc_chip_43xx/src/ssp_18xx_43xx.o
 .debug_loc     0x0000000000005806      0xc42 projects/lab0/out/libs/lpc_open/lpc_chip_43xx/src/i2c_18xx_43xx.o
 .debug_loc     0x0000000000006448       0x13 projects/lab0/out/libs/lpc_open/lpc_startup/src/sysinit.o
 .debug_loc     0x000000000000645b      0xd77 /usr/lib/gcc/arm-none-eabi/6.3.1/thumb/v7e-m/fpv4-sp/hard/libgcc.a(_udivmoddi4.o)
 .debug_loc     0x00000000000071d2       0xae /usr/lib/gcc/arm-none-eabi/6.3.1/../../../arm-none-eabi/lib/thumb/v7e-m/fpv4-sp/hard/libc_nano.a(lib_a-init.o)
 .debug_loc     0x0000000000007280      0x1bd /usr/lib/gcc/arm-none-eabi/6.3.1/../../../arm-none-eabi/lib/thumb/v7e-m/fpv4-sp/hard/libc_nano.a(lib_a-memset.o)

.debug_aranges  0x0000000000000000      0x878
 .debug_aranges
                0x0000000000000000       0x28 projects/lab0/out/projects/lab0/src/configuracion.o
 .debug_aranges
                0x0000000000000028       0x28 projects/lab0/out/projects/lab0/src/lab0.o
 .debug_aranges
                0x0000000000000050       0x90 projects/lab0/out/libs/cmsis_core//src/armv7m_startup.o
 .debug_aranges
                0x00000000000000e0       0xe0 projects/lab0/out/libs/sys_newlib//src/system.o
 .debug_aranges
                0x00000000000001c0       0x38 projects/lab0/out/modules/drivers_bm//src/led.o
 .debug_aranges
                0x00000000000001f8       0x28 projects/lab0/out/modules/drivers_bm//src/switch.o
 .debug_aranges
                0x0000000000000220       0xc0 projects/lab0/out/libs/lpc_open/boards/edu_ciaa_nxp/src/board.o
 .debug_aranges
                0x00000000000002e0       0x30 projects/lab0/out/libs/lpc_open/boards/edu_ciaa_nxp/src/board_sysinit.o
 .debug_aranges
                0x0000000000000310       0xa8 projects/lab0/out/libs/lpc_open/lpc_chip_43xx/src/uart_18xx_43xx.o
 .debug_aranges
                0x00000000000003b8       0x90 projects/lab0/out/libs/lpc_open/lpc_chip_43xx/src/adc_18xx_43xx.o
 .debug_aranges
                0x0000000000000448      0x128 projects/lab0/out/libs/lpc_open/lpc_chip_43xx/src/clock_18xx_43xx.o
 .debug_aranges
                0x0000000000000570       0x38 projects/lab0/out/libs/lpc_open/lpc_chip_43xx/src/chip_18xx_43xx.o
 .debug_aranges
                0x00000000000005a8       0x38 projects/lab0/out/libs/lpc_open/lpc_chip_43xx/src/sysinit_18xx_43xx.o
 .debug_aranges
                0x00000000000005e0       0x28 projects/lab0/out/libs/lpc_open/lpc_chip_43xx/src/gpio_18xx_43xx.o
 .debug_aranges
                0x0000000000000608       0xa0 projects/lab0/out/libs/lpc_open/lpc_chip_43xx/src/ssp_18xx_43xx.o
 .debug_aranges
                0x00000000000006a8       0xd8 projects/lab0/out/libs/lpc_open/lpc_chip_43xx/src/i2c_18xx_43xx.o
 .debug_aranges
                0x0000000000000780       0x18 projects/lab0/out/libs/lpc_open/lpc_startup/src/crp.o
 .debug_aranges
                0x0000000000000798       0x20 projects/lab0/out/libs/lpc_open/lpc_startup/src/sysinit.o
 .debug_aranges
                0x00000000000007b8       0x20 projects/lab0/out/libs/lpc_open/lpc_startup/src/vendor_interrupt.o
 .debug_aranges
                0x00000000000007d8       0x20 /usr/lib/gcc/arm-none-eabi/6.3.1/thumb/v7e-m/fpv4-sp/hard/libgcc.a(_aeabi_uldivmod.o)
 .debug_aranges
                0x00000000000007f8       0x20 /usr/lib/gcc/arm-none-eabi/6.3.1/thumb/v7e-m/fpv4-sp/hard/libgcc.a(_udivmoddi4.o)
 .debug_aranges
                0x0000000000000818       0x20 /usr/lib/gcc/arm-none-eabi/6.3.1/thumb/v7e-m/fpv4-sp/hard/libgcc.a(_dvmd_tls.o)
 .debug_aranges
                0x0000000000000838       0x20 /usr/lib/gcc/arm-none-eabi/6.3.1/../../../arm-none-eabi/lib/thumb/v7e-m/fpv4-sp/hard/libc_nano.a(lib_a-init.o)
 .debug_aranges
                0x0000000000000858       0x20 /usr/lib/gcc/arm-none-eabi/6.3.1/../../../arm-none-eabi/lib/thumb/v7e-m/fpv4-sp/hard/libc_nano.a(lib_a-memset.o)

.debug_ranges   0x0000000000000000      0x8c0
 .debug_ranges  0x0000000000000000       0x18 projects/lab0/out/projects/lab0/src/configuracion.o
 .debug_ranges  0x0000000000000018       0x18 projects/lab0/out/projects/lab0/src/lab0.o
 .debug_ranges  0x0000000000000030       0x80 projects/lab0/out/libs/cmsis_core//src/armv7m_startup.o
 .debug_ranges  0x00000000000000b0       0xd0 projects/lab0/out/libs/sys_newlib//src/system.o
 .debug_ranges  0x0000000000000180       0x28 projects/lab0/out/modules/drivers_bm//src/led.o
 .debug_ranges  0x00000000000001a8       0x18 projects/lab0/out/modules/drivers_bm//src/switch.o
 .debug_ranges  0x00000000000001c0       0xf8 projects/lab0/out/libs/lpc_open/boards/edu_ciaa_nxp/src/board.o
 .debug_ranges  0x00000000000002b8       0x50 projects/lab0/out/libs/lpc_open/boards/edu_ciaa_nxp/src/board_sysinit.o
 .debug_ranges  0x0000000000000308       0xb0 projects/lab0/out/libs/lpc_open/lpc_chip_43xx/src/uart_18xx_43xx.o
 .debug_ranges  0x00000000000003b8       0x80 projects/lab0/out/libs/lpc_open/lpc_chip_43xx/src/adc_18xx_43xx.o
 .debug_ranges  0x0000000000000438      0x190 projects/lab0/out/libs/lpc_open/lpc_chip_43xx/src/clock_18xx_43xx.o
 .debug_ranges  0x00000000000005c8       0x28 projects/lab0/out/libs/lpc_open/lpc_chip_43xx/src/chip_18xx_43xx.o
 .debug_ranges  0x00000000000005f0       0x28 projects/lab0/out/libs/lpc_open/lpc_chip_43xx/src/sysinit_18xx_43xx.o
 .debug_ranges  0x0000000000000618       0x18 projects/lab0/out/libs/lpc_open/lpc_chip_43xx/src/gpio_18xx_43xx.o
 .debug_ranges  0x0000000000000630       0xc0 projects/lab0/out/libs/lpc_open/lpc_chip_43xx/src/ssp_18xx_43xx.o
 .debug_ranges  0x00000000000006f0       0xc8 projects/lab0/out/libs/lpc_open/lpc_chip_43xx/src/i2c_18xx_43xx.o
 .debug_ranges  0x00000000000007b8       0x28 projects/lab0/out/libs/lpc_open/lpc_startup/src/sysinit.o
 .debug_ranges  0x00000000000007e0       0x10 projects/lab0/out/libs/lpc_open/lpc_startup/src/vendor_interrupt.o
 .debug_ranges  0x00000000000007f0       0xd0 /usr/lib/gcc/arm-none-eabi/6.3.1/thumb/v7e-m/fpv4-sp/hard/libgcc.a(_udivmoddi4.o)

.debug_macro    0x0000000000000000     0x916f
 .debug_macro   0x0000000000000000      0x325 projects/lab0/out/projects/lab0/src/configuracion.o
 .debug_macro   0x0000000000000325      0x8c8 projects/lab0/out/projects/lab0/src/configuracion.o
 .debug_macro   0x0000000000000bed       0x10 projects/lab0/out/projects/lab0/src/configuracion.o
 .debug_macro   0x0000000000000bfd       0x22 projects/lab0/out/projects/lab0/src/configuracion.o
 .debug_macro   0x0000000000000c1f       0x4f projects/lab0/out/projects/lab0/src/configuracion.o
 .debug_macro   0x0000000000000c6e       0x44 projects/lab0/out/projects/lab0/src/configuracion.o
 .debug_macro   0x0000000000000cb2       0xfd projects/lab0/out/projects/lab0/src/configuracion.o
 .debug_macro   0x0000000000000daf       0x5e projects/lab0/out/projects/lab0/src/configuracion.o
 .debug_macro   0x0000000000000e0d      0x1df projects/lab0/out/projects/lab0/src/configuracion.o
 .debug_macro   0x0000000000000fec       0x22 projects/lab0/out/projects/lab0/src/configuracion.o
 .debug_macro   0x000000000000100e       0x73 projects/lab0/out/projects/lab0/src/configuracion.o
 .debug_macro   0x0000000000001081       0x22 projects/lab0/out/projects/lab0/src/configuracion.o
 .debug_macro   0x00000000000010a3       0x1c projects/lab0/out/projects/lab0/src/configuracion.o
 .debug_macro   0x00000000000010bf       0x22 projects/lab0/out/projects/lab0/src/configuracion.o
 .debug_macro   0x00000000000010e1       0xdf projects/lab0/out/projects/lab0/src/configuracion.o
 .debug_macro   0x00000000000011c0     0x102d projects/lab0/out/projects/lab0/src/configuracion.o
 .debug_macro   0x00000000000021ed      0x11f projects/lab0/out/projects/lab0/src/configuracion.o
 .debug_macro   0x000000000000230c      0x2c3 projects/lab0/out/projects/lab0/src/configuracion.o
 .debug_macro   0x00000000000025cf      0x112 projects/lab0/out/projects/lab0/src/configuracion.o
 .debug_macro   0x00000000000026e1       0x11 projects/lab0/out/projects/lab0/src/configuracion.o
 .debug_macro   0x00000000000026f2       0x2a projects/lab0/out/projects/lab0/src/configuracion.o
 .debug_macro   0x000000000000271c       0x16 projects/lab0/out/projects/lab0/src/configuracion.o
 .debug_macro   0x0000000000002732      0x2e6 projects/lab0/out/projects/lab0/src/configuracion.o
 .debug_macro   0x0000000000002a18       0x82 projects/lab0/out/projects/lab0/src/configuracion.o
 .debug_macro   0x0000000000002a9a      0x13d projects/lab0/out/projects/lab0/src/configuracion.o
 .debug_macro   0x0000000000002bd7      0x198 projects/lab0/out/projects/lab0/src/configuracion.o
 .debug_macro   0x0000000000002d6f       0x34 projects/lab0/out/projects/lab0/src/configuracion.o
 .debug_macro   0x0000000000002da3       0x58 projects/lab0/out/projects/lab0/src/configuracion.o
 .debug_macro   0x0000000000002dfb      0x236 projects/lab0/out/projects/lab0/src/configuracion.o
 .debug_macro   0x0000000000003031      0x572 projects/lab0/out/projects/lab0/src/configuracion.o
 .debug_macro   0x00000000000035a3       0x16 projects/lab0/out/projects/lab0/src/configuracion.o
 .debug_macro   0x00000000000035b9      0x18a projects/lab0/out/projects/lab0/src/configuracion.o
 .debug_macro   0x0000000000003743       0x88 projects/lab0/out/projects/lab0/src/configuracion.o
 .debug_macro   0x00000000000037cb      0x1b9 projects/lab0/out/projects/lab0/src/configuracion.o
 .debug_macro   0x0000000000003984      0x1da projects/lab0/out/projects/lab0/src/configuracion.o
 .debug_macro   0x0000000000003b5e       0x40 projects/lab0/out/projects/lab0/src/configuracion.o
 .debug_macro   0x0000000000003b9e       0x1c projects/lab0/out/projects/lab0/src/configuracion.o
 .debug_macro   0x0000000000003bba       0x2e projects/lab0/out/projects/lab0/src/configuracion.o
 .debug_macro   0x0000000000003be8       0x2e projects/lab0/out/projects/lab0/src/configuracion.o
 .debug_macro   0x0000000000003c16       0x22 projects/lab0/out/projects/lab0/src/configuracion.o
 .debug_macro   0x0000000000003c38      0x201 projects/lab0/out/projects/lab0/src/configuracion.o
 .debug_macro   0x0000000000003e39       0xe0 projects/lab0/out/projects/lab0/src/configuracion.o
 .debug_macro   0x0000000000003f19      0x34c projects/lab0/out/projects/lab0/src/configuracion.o
 .debug_macro   0x0000000000004265       0xdc projects/lab0/out/projects/lab0/src/configuracion.o
 .debug_macro   0x0000000000004341       0xc4 projects/lab0/out/projects/lab0/src/configuracion.o
 .debug_macro   0x0000000000004405       0x8f projects/lab0/out/projects/lab0/src/configuracion.o
 .debug_macro   0x0000000000004494       0x94 projects/lab0/out/projects/lab0/src/configuracion.o
 .debug_macro   0x0000000000004528       0xb8 projects/lab0/out/projects/lab0/src/configuracion.o
 .debug_macro   0x00000000000045e0       0x4c projects/lab0/out/projects/lab0/src/configuracion.o
 .debug_macro   0x000000000000462c       0x16 projects/lab0/out/projects/lab0/src/configuracion.o
 .debug_macro   0x0000000000004642      0x328 projects/lab0/out/projects/lab0/src/configuracion.o
 .debug_macro   0x000000000000496a       0x3a projects/lab0/out/projects/lab0/src/configuracion.o
 .debug_macro   0x00000000000049a4       0xd0 projects/lab0/out/projects/lab0/src/configuracion.o
 .debug_macro   0x0000000000004a74       0x18 projects/lab0/out/projects/lab0/src/configuracion.o
 .debug_macro   0x0000000000004a8c       0x22 projects/lab0/out/projects/lab0/src/configuracion.o
 .debug_macro   0x0000000000004aae       0x40 projects/lab0/out/projects/lab0/src/configuracion.o
 .debug_macro   0x0000000000004aee      0x32b projects/lab0/out/projects/lab0/src/lab0.o
 .debug_macro   0x0000000000004e19       0x16 projects/lab0/out/projects/lab0/src/lab0.o
 .debug_macro   0x0000000000004e2f       0x16 projects/lab0/out/projects/lab0/src/lab0.o
 .debug_macro   0x0000000000004e45       0x1d projects/lab0/out/libs/cmsis_core//src/armv7m_startup.o
 .debug_macro   0x0000000000004e62      0x15e projects/lab0/out/libs/sys_newlib//src/system.o
 .debug_macro   0x0000000000004fc0       0x4c projects/lab0/out/libs/sys_newlib//src/system.o
 .debug_macro   0x000000000000500c       0x55 projects/lab0/out/libs/sys_newlib//src/system.o
 .debug_macro   0x0000000000005061       0x35 projects/lab0/out/libs/sys_newlib//src/system.o
 .debug_macro   0x0000000000005096       0x9c projects/lab0/out/libs/sys_newlib//src/system.o
 .debug_macro   0x0000000000005132      0x16d projects/lab0/out/libs/sys_newlib//src/system.o
 .debug_macro   0x000000000000529f       0x4a projects/lab0/out/libs/sys_newlib//src/system.o
 .debug_macro   0x00000000000052e9       0x52 projects/lab0/out/libs/sys_newlib//src/system.o
 .debug_macro   0x000000000000533b       0x1f projects/lab0/out/libs/sys_newlib//src/system.o
 .debug_macro   0x000000000000535a       0x43 projects/lab0/out/libs/sys_newlib//src/system.o
 .debug_macro   0x000000000000539d       0x20 projects/lab0/out/libs/sys_newlib//src/system.o
 .debug_macro   0x00000000000053bd      0x187 projects/lab0/out/libs/sys_newlib//src/system.o
 .debug_macro   0x0000000000005544       0x10 projects/lab0/out/libs/sys_newlib//src/system.o
 .debug_macro   0x0000000000005554       0x35 projects/lab0/out/libs/sys_newlib//src/system.o
 .debug_macro   0x0000000000005589       0x10 projects/lab0/out/libs/sys_newlib//src/system.o
 .debug_macro   0x0000000000005599      0x241 projects/lab0/out/libs/sys_newlib//src/system.o
 .debug_macro   0x00000000000057da      0x330 projects/lab0/out/libs/sys_newlib//src/system.o
 .debug_macro   0x0000000000005b0a       0x10 projects/lab0/out/libs/sys_newlib//src/system.o
 .debug_macro   0x0000000000005b1a       0xb6 projects/lab0/out/libs/sys_newlib//src/system.o
 .debug_macro   0x0000000000005bd0      0x11a projects/lab0/out/libs/sys_newlib//src/system.o
 .debug_macro   0x0000000000005cea       0x16 projects/lab0/out/libs/sys_newlib//src/system.o
 .debug_macro   0x0000000000005d00      0x3c0 projects/lab0/out/modules/drivers_bm//src/led.o
 .debug_macro   0x00000000000060c0       0x10 projects/lab0/out/modules/drivers_bm//src/led.o
 .debug_macro   0x00000000000060d0      0x390 projects/lab0/out/modules/drivers_bm//src/switch.o
 .debug_macro   0x0000000000006460       0x10 projects/lab0/out/modules/drivers_bm//src/switch.o
 .debug_macro   0x0000000000006470      0x433 projects/lab0/out/libs/lpc_open/boards/edu_ciaa_nxp/src/board.o
 .debug_macro   0x00000000000068a3       0x52 projects/lab0/out/libs/lpc_open/boards/edu_ciaa_nxp/src/board.o
 .debug_macro   0x00000000000068f5       0x16 projects/lab0/out/libs/lpc_open/boards/edu_ciaa_nxp/src/board.o
 .debug_macro   0x000000000000690b       0x97 projects/lab0/out/libs/lpc_open/boards/edu_ciaa_nxp/src/board.o
 .debug_macro   0x00000000000069a2      0x32a projects/lab0/out/libs/lpc_open/boards/edu_ciaa_nxp/src/board.o
 .debug_macro   0x0000000000006ccc       0xf6 projects/lab0/out/libs/lpc_open/boards/edu_ciaa_nxp/src/board.o
 .debug_macro   0x0000000000006dc2       0x10 projects/lab0/out/libs/lpc_open/boards/edu_ciaa_nxp/src/board.o
 .debug_macro   0x0000000000006dd2       0x16 projects/lab0/out/libs/lpc_open/boards/edu_ciaa_nxp/src/board.o
 .debug_macro   0x0000000000006de8      0x143 projects/lab0/out/libs/lpc_open/boards/edu_ciaa_nxp/src/board.o
 .debug_macro   0x0000000000006f2b       0x20 projects/lab0/out/libs/lpc_open/boards/edu_ciaa_nxp/src/board.o
 .debug_macro   0x0000000000006f4b       0xee projects/lab0/out/libs/lpc_open/boards/edu_ciaa_nxp/src/board.o
 .debug_macro   0x0000000000007039      0x421 projects/lab0/out/libs/lpc_open/boards/edu_ciaa_nxp/src/board_sysinit.o
 .debug_macro   0x000000000000745a      0x315 projects/lab0/out/libs/lpc_open/lpc_chip_43xx/src/uart_18xx_43xx.o
 .debug_macro   0x000000000000776f      0x315 projects/lab0/out/libs/lpc_open/lpc_chip_43xx/src/adc_18xx_43xx.o
 .debug_macro   0x0000000000007a84      0x31b projects/lab0/out/libs/lpc_open/lpc_chip_43xx/src/clock_18xx_43xx.o
 .debug_macro   0x0000000000007d9f      0x315 projects/lab0/out/libs/lpc_open/lpc_chip_43xx/src/chip_18xx_43xx.o
 .debug_macro   0x00000000000080b4      0x315 projects/lab0/out/libs/lpc_open/lpc_chip_43xx/src/sysinit_18xx_43xx.o
 .debug_macro   0x00000000000083c9      0x315 projects/lab0/out/libs/lpc_open/lpc_chip_43xx/src/gpio_18xx_43xx.o
 .debug_macro   0x00000000000086de      0x315 projects/lab0/out/libs/lpc_open/lpc_chip_43xx/src/ssp_18xx_43xx.o
 .debug_macro   0x00000000000089f3      0x327 projects/lab0/out/libs/lpc_open/lpc_chip_43xx/src/i2c_18xx_43xx.o
 .debug_macro   0x0000000000008d1a       0x17 projects/lab0/out/libs/lpc_open/lpc_startup/src/crp.o
 .debug_macro   0x0000000000008d31      0x421 projects/lab0/out/libs/lpc_open/lpc_startup/src/sysinit.o
 .debug_macro   0x0000000000009152       0x1d projects/lab0/out/libs/lpc_open/lpc_startup/src/vendor_interrupt.o

.debug_line     0x0000000000000000     0x7f3f
 .debug_line    0x0000000000000000      0x68d projects/lab0/out/projects/lab0/src/configuracion.o
 .debug_line    0x000000000000068d      0x686 projects/lab0/out/projects/lab0/src/lab0.o
 .debug_line    0x0000000000000d13       0xf7 projects/lab0/out/libs/cmsis_core//src/armv7m_startup.o
 .debug_line    0x0000000000000e0a      0x3bc projects/lab0/out/libs/sys_newlib//src/system.o
 .debug_line    0x00000000000011c6      0x75d projects/lab0/out/modules/drivers_bm//src/led.o
 .debug_line    0x0000000000001923      0x685 projects/lab0/out/modules/drivers_bm//src/switch.o
 .debug_line    0x0000000000001fa8      0x969 projects/lab0/out/libs/lpc_open/boards/edu_ciaa_nxp/src/board.o
 .debug_line    0x0000000000002911      0x788 projects/lab0/out/libs/lpc_open/boards/edu_ciaa_nxp/src/board_sysinit.o
 .debug_line    0x0000000000003099      0x904 projects/lab0/out/libs/lpc_open/lpc_chip_43xx/src/uart_18xx_43xx.o
 .debug_line    0x000000000000399d      0x748 projects/lab0/out/libs/lpc_open/lpc_chip_43xx/src/adc_18xx_43xx.o
 .debug_line    0x00000000000040e5      0xa3f projects/lab0/out/libs/lpc_open/lpc_chip_43xx/src/clock_18xx_43xx.o
 .debug_line    0x0000000000004b24      0x665 projects/lab0/out/libs/lpc_open/lpc_chip_43xx/src/chip_18xx_43xx.o
 .debug_line    0x0000000000005189      0x6c7 projects/lab0/out/libs/lpc_open/lpc_chip_43xx/src/sysinit_18xx_43xx.o
 .debug_line    0x0000000000005850      0x62a projects/lab0/out/libs/lpc_open/lpc_chip_43xx/src/gpio_18xx_43xx.o
 .debug_line    0x0000000000005e7a      0xa96 projects/lab0/out/libs/lpc_open/lpc_chip_43xx/src/ssp_18xx_43xx.o
 .debug_line    0x0000000000006910      0x8fc projects/lab0/out/libs/lpc_open/lpc_chip_43xx/src/i2c_18xx_43xx.o
 .debug_line    0x000000000000720c       0x44 projects/lab0/out/libs/lpc_open/lpc_startup/src/crp.o
 .debug_line    0x0000000000007250      0x72e projects/lab0/out/libs/lpc_open/lpc_startup/src/sysinit.o
 .debug_line    0x000000000000797e       0x61 projects/lab0/out/libs/lpc_open/lpc_startup/src/vendor_interrupt.o
 .debug_line    0x00000000000079df       0x67 /usr/lib/gcc/arm-none-eabi/6.3.1/thumb/v7e-m/fpv4-sp/hard/libgcc.a(_aeabi_uldivmod.o)
 .debug_line    0x0000000000007a46      0x258 /usr/lib/gcc/arm-none-eabi/6.3.1/thumb/v7e-m/fpv4-sp/hard/libgcc.a(_udivmoddi4.o)
 .debug_line    0x0000000000007c9e       0x67 /usr/lib/gcc/arm-none-eabi/6.3.1/thumb/v7e-m/fpv4-sp/hard/libgcc.a(_dvmd_tls.o)
 .debug_line    0x0000000000007d05       0xbe /usr/lib/gcc/arm-none-eabi/6.3.1/../../../arm-none-eabi/lib/thumb/v7e-m/fpv4-sp/hard/libc_nano.a(lib_a-init.o)
 .debug_line    0x0000000000007dc3      0x17c /usr/lib/gcc/arm-none-eabi/6.3.1/../../../arm-none-eabi/lib/thumb/v7e-m/fpv4-sp/hard/libc_nano.a(lib_a-memset.o)

.debug_str      0x0000000000000000    0x1e767
 .debug_str     0x0000000000000000    0x16324 projects/lab0/out/projects/lab0/src/configuracion.o
                                      0x16582 (size before relaxing)
 .debug_str     0x0000000000016324      0x10f projects/lab0/out/projects/lab0/src/lab0.o
                                      0x160a9 (size before relaxing)
 .debug_str     0x0000000000016433      0x212 projects/lab0/out/libs/cmsis_core//src/armv7m_startup.o
                                       0x2778 (size before relaxing)
 .debug_str     0x0000000000016645     0x3817 projects/lab0/out/libs/sys_newlib//src/system.o
                                       0x62b1 (size before relaxing)
 .debug_str     0x0000000000019e5c      0x26a projects/lab0/out/modules/drivers_bm//src/led.o
                                      0x16363 (size before relaxing)
 .debug_str     0x000000000001a0c6      0x147 projects/lab0/out/modules/drivers_bm//src/switch.o
                                      0x1622e (size before relaxing)
 .debug_str     0x000000000001a20d     0x1c86 projects/lab0/out/libs/lpc_open/boards/edu_ciaa_nxp/src/board.o
                                      0x1ad7e (size before relaxing)
 .debug_str     0x000000000001be93      0x336 projects/lab0/out/libs/lpc_open/boards/edu_ciaa_nxp/src/board_sysinit.o
                                      0x1a70f (size before relaxing)
 .debug_str     0x000000000001c1c9      0x3da projects/lab0/out/libs/lpc_open/lpc_chip_43xx/src/uart_18xx_43xx.o
                                      0x16e80 (size before relaxing)
 .debug_str     0x000000000001c5a3      0x14a projects/lab0/out/libs/lpc_open/lpc_chip_43xx/src/adc_18xx_43xx.o
                                      0x1681b (size before relaxing)
 .debug_str     0x000000000001c6ed      0x5cd projects/lab0/out/libs/lpc_open/lpc_chip_43xx/src/clock_18xx_43xx.o
                                      0x17232 (size before relaxing)
 .debug_str     0x000000000001ccba       0x76 projects/lab0/out/libs/lpc_open/lpc_chip_43xx/src/chip_18xx_43xx.o
                                      0x16d70 (size before relaxing)
 .debug_str     0x000000000001cd30       0xbc projects/lab0/out/libs/lpc_open/lpc_chip_43xx/src/sysinit_18xx_43xx.o
                                      0x16cd1 (size before relaxing)
 .debug_str     0x000000000001cdec       0x42 projects/lab0/out/libs/lpc_open/lpc_chip_43xx/src/gpio_18xx_43xx.o
                                      0x15fd2 (size before relaxing)
 .debug_str     0x000000000001ce2e      0x3e8 projects/lab0/out/libs/lpc_open/lpc_chip_43xx/src/ssp_18xx_43xx.o
                                      0x16a11 (size before relaxing)
 .debug_str     0x000000000001d216      0x590 projects/lab0/out/libs/lpc_open/lpc_chip_43xx/src/i2c_18xx_43xx.o
                                      0x16fb2 (size before relaxing)
 .debug_str     0x000000000001d7a6       0x43 projects/lab0/out/libs/lpc_open/lpc_startup/src/crp.o
                                       0x256f (size before relaxing)
 .debug_str     0x000000000001d7e9       0x65 projects/lab0/out/libs/lpc_open/lpc_startup/src/sysinit.o
                                      0x199e1 (size before relaxing)
 .debug_str     0x000000000001d84e       0x56 projects/lab0/out/libs/lpc_open/lpc_startup/src/vendor_interrupt.o
                                       0x25c6 (size before relaxing)
 .debug_str     0x000000000001d8a4      0xc06 /usr/lib/gcc/arm-none-eabi/6.3.1/thumb/v7e-m/fpv4-sp/hard/libgcc.a(_udivmoddi4.o)
                                        0xcf4 (size before relaxing)
 .debug_str     0x000000000001e4aa      0x190 /usr/lib/gcc/arm-none-eabi/6.3.1/../../../arm-none-eabi/lib/thumb/v7e-m/fpv4-sp/hard/libc_nano.a(lib_a-init.o)
                                        0x253 (size before relaxing)
 .debug_str     0x000000000001e63a      0x12d /usr/lib/gcc/arm-none-eabi/6.3.1/../../../arm-none-eabi/lib/thumb/v7e-m/fpv4-sp/hard/libc_nano.a(lib_a-memset.o)
                                        0x61a (size before relaxing)

.comment        0x0000000000000000       0x31
 .comment       0x0000000000000000       0x31 projects/lab0/out/projects/lab0/src/configuracion.o
                                         0x32 (size before relaxing)
 .comment       0x0000000000000031       0x32 projects/lab0/out/projects/lab0/src/lab0.o
 .comment       0x0000000000000031       0x32 projects/lab0/out/libs/cmsis_core//src/armv7m_startup.o
 .comment       0x0000000000000031       0x32 projects/lab0/out/libs/sys_newlib//src/system.o
 .comment       0x0000000000000031       0x32 projects/lab0/out/modules/drivers_bm//src/led.o
 .comment       0x0000000000000031       0x32 projects/lab0/out/modules/drivers_bm//src/switch.o
 .comment       0x0000000000000031       0x32 projects/lab0/out/libs/lpc_open/boards/edu_ciaa_nxp/src/board.o
 .comment       0x0000000000000031       0x32 projects/lab0/out/libs/lpc_open/boards/edu_ciaa_nxp/src/board_sysinit.o
 .comment       0x0000000000000031       0x32 projects/lab0/out/libs/lpc_open/lpc_chip_43xx/src/uart_18xx_43xx.o
 .comment       0x0000000000000031       0x32 projects/lab0/out/libs/lpc_open/lpc_chip_43xx/src/adc_18xx_43xx.o
 .comment       0x0000000000000031       0x32 projects/lab0/out/libs/lpc_open/lpc_chip_43xx/src/clock_18xx_43xx.o
 .comment       0x0000000000000031       0x32 projects/lab0/out/libs/lpc_open/lpc_chip_43xx/src/chip_18xx_43xx.o
 .comment       0x0000000000000031       0x32 projects/lab0/out/libs/lpc_open/lpc_chip_43xx/src/sysinit_18xx_43xx.o
 .comment       0x0000000000000031       0x32 projects/lab0/out/libs/lpc_open/lpc_chip_43xx/src/gpio_18xx_43xx.o
 .comment       0x0000000000000031       0x32 projects/lab0/out/libs/lpc_open/lpc_chip_43xx/src/ssp_18xx_43xx.o
 .comment       0x0000000000000031       0x32 projects/lab0/out/libs/lpc_open/lpc_chip_43xx/src/i2c_18xx_43xx.o
 .comment       0x0000000000000031       0x32 projects/lab0/out/libs/lpc_open/lpc_startup/src/crp.o
 .comment       0x0000000000000031       0x32 projects/lab0/out/libs/lpc_open/lpc_startup/src/sysinit.o
 .comment       0x0000000000000031       0x32 projects/lab0/out/libs/lpc_open/lpc_startup/src/vendor_interrupt.o
 .comment       0x0000000000000031       0x32 /usr/lib/gcc/arm-none-eabi/6.3.1/thumb/v7e-m/fpv4-sp/hard/libgcc.a(_udivmoddi4.o)
 .comment       0x0000000000000031       0x32 /usr/lib/gcc/arm-none-eabi/6.3.1/../../../arm-none-eabi/lib/thumb/v7e-m/fpv4-sp/hard/libc_nano.a(lib_a-init.o)
 .comment       0x0000000000000031       0x32 /usr/lib/gcc/arm-none-eabi/6.3.1/../../../arm-none-eabi/lib/thumb/v7e-m/fpv4-sp/hard/libc_nano.a(lib_a-memset.o)

.ARM.attributes
                0x0000000000000000       0x37
 .ARM.attributes
                0x0000000000000000       0x39 projects/lab0/out/projects/lab0/src/configuracion.o
 .ARM.attributes
                0x0000000000000039       0x39 projects/lab0/out/projects/lab0/src/lab0.o
 .ARM.attributes
                0x0000000000000072       0x39 projects/lab0/out/libs/cmsis_core//src/armv7m_startup.o
 .ARM.attributes
                0x00000000000000ab       0x39 projects/lab0/out/libs/sys_newlib//src/system.o
 .ARM.attributes
                0x00000000000000e4       0x39 projects/lab0/out/modules/drivers_bm//src/led.o
 .ARM.attributes
                0x000000000000011d       0x39 projects/lab0/out/modules/drivers_bm//src/switch.o
 .ARM.attributes
                0x0000000000000156       0x39 projects/lab0/out/libs/lpc_open/boards/edu_ciaa_nxp/src/board.o
 .ARM.attributes
                0x000000000000018f       0x39 projects/lab0/out/libs/lpc_open/boards/edu_ciaa_nxp/src/board_sysinit.o
 .ARM.attributes
                0x00000000000001c8       0x39 projects/lab0/out/libs/lpc_open/lpc_chip_43xx/src/uart_18xx_43xx.o
 .ARM.attributes
                0x0000000000000201       0x39 projects/lab0/out/libs/lpc_open/lpc_chip_43xx/src/adc_18xx_43xx.o
 .ARM.attributes
                0x000000000000023a       0x39 projects/lab0/out/libs/lpc_open/lpc_chip_43xx/src/clock_18xx_43xx.o
 .ARM.attributes
                0x0000000000000273       0x39 projects/lab0/out/libs/lpc_open/lpc_chip_43xx/src/chip_18xx_43xx.o
 .ARM.attributes
                0x00000000000002ac       0x39 projects/lab0/out/libs/lpc_open/lpc_chip_43xx/src/sysinit_18xx_43xx.o
 .ARM.attributes
                0x00000000000002e5       0x39 projects/lab0/out/libs/lpc_open/lpc_chip_43xx/src/gpio_18xx_43xx.o
 .ARM.attributes
                0x000000000000031e       0x39 projects/lab0/out/libs/lpc_open/lpc_chip_43xx/src/ssp_18xx_43xx.o
 .ARM.attributes
                0x0000000000000357       0x39 projects/lab0/out/libs/lpc_open/lpc_chip_43xx/src/i2c_18xx_43xx.o
 .ARM.attributes
                0x0000000000000390       0x39 projects/lab0/out/libs/lpc_open/lpc_startup/src/crp.o
 .ARM.attributes
                0x00000000000003c9       0x39 projects/lab0/out/libs/lpc_open/lpc_startup/src/sysinit.o
 .ARM.attributes
                0x0000000000000402       0x39 projects/lab0/out/libs/lpc_open/lpc_startup/src/vendor_interrupt.o
 .ARM.attributes
                0x000000000000043b       0x22 /usr/lib/gcc/arm-none-eabi/6.3.1/thumb/v7e-m/fpv4-sp/hard/libgcc.a(_aeabi_uldivmod.o)
 .ARM.attributes
                0x000000000000045d       0x34 /usr/lib/gcc/arm-none-eabi/6.3.1/thumb/v7e-m/fpv4-sp/hard/libgcc.a(_udivmoddi4.o)
 .ARM.attributes
                0x0000000000000491       0x22 /usr/lib/gcc/arm-none-eabi/6.3.1/thumb/v7e-m/fpv4-sp/hard/libgcc.a(_dvmd_tls.o)
 .ARM.attributes
                0x00000000000004b3       0x34 /usr/lib/gcc/arm-none-eabi/6.3.1/../../../arm-none-eabi/lib/thumb/v7e-m/fpv4-sp/hard/libc_nano.a(lib_a-init.o)
 .ARM.attributes
                0x00000000000004e7       0x34 /usr/lib/gcc/arm-none-eabi/6.3.1/../../../arm-none-eabi/lib/thumb/v7e-m/fpv4-sp/hard/libc_nano.a(lib_a-memset.o)

.debug_frame    0x0000000000000000     0x12e4
 .debug_frame   0x0000000000000000       0x44 projects/lab0/out/projects/lab0/src/configuracion.o
 .debug_frame   0x0000000000000044       0x44 projects/lab0/out/projects/lab0/src/lab0.o
 .debug_frame   0x0000000000000088      0x114 projects/lab0/out/libs/cmsis_core//src/armv7m_startup.o
 .debug_frame   0x000000000000019c      0x1d8 projects/lab0/out/libs/sys_newlib//src/system.o
 .debug_frame   0x0000000000000374       0x58 projects/lab0/out/modules/drivers_bm//src/led.o
 .debug_frame   0x00000000000003cc       0x38 projects/lab0/out/modules/drivers_bm//src/switch.o
 .debug_frame   0x0000000000000404      0x204 projects/lab0/out/libs/lpc_open/boards/edu_ciaa_nxp/src/board.o
 .debug_frame   0x0000000000000608       0x5c projects/lab0/out/libs/lpc_open/boards/edu_ciaa_nxp/src/board_sysinit.o
 .debug_frame   0x0000000000000664      0x1f4 projects/lab0/out/libs/lpc_open/lpc_chip_43xx/src/uart_18xx_43xx.o
 .debug_frame   0x0000000000000858      0x160 projects/lab0/out/libs/lpc_open/lpc_chip_43xx/src/adc_18xx_43xx.o
 .debug_frame   0x00000000000009b8      0x314 projects/lab0/out/libs/lpc_open/lpc_chip_43xx/src/clock_18xx_43xx.o
 .debug_frame   0x0000000000000ccc       0x70 projects/lab0/out/libs/lpc_open/lpc_chip_43xx/src/chip_18xx_43xx.o
 .debug_frame   0x0000000000000d3c       0x7c projects/lab0/out/libs/lpc_open/lpc_chip_43xx/src/sysinit_18xx_43xx.o
 .debug_frame   0x0000000000000db8       0x30 projects/lab0/out/libs/lpc_open/lpc_chip_43xx/src/gpio_18xx_43xx.o
 .debug_frame   0x0000000000000de8      0x198 projects/lab0/out/libs/lpc_open/lpc_chip_43xx/src/ssp_18xx_43xx.o
 .debug_frame   0x0000000000000f80      0x25c projects/lab0/out/libs/lpc_open/lpc_chip_43xx/src/i2c_18xx_43xx.o
 .debug_frame   0x00000000000011dc       0x28 projects/lab0/out/libs/lpc_open/lpc_startup/src/sysinit.o
 .debug_frame   0x0000000000001204       0x20 projects/lab0/out/libs/lpc_open/lpc_startup/src/vendor_interrupt.o
 .debug_frame   0x0000000000001224       0x2c /usr/lib/gcc/arm-none-eabi/6.3.1/thumb/v7e-m/fpv4-sp/hard/libgcc.a(_aeabi_uldivmod.o)
 .debug_frame   0x0000000000001250       0x34 /usr/lib/gcc/arm-none-eabi/6.3.1/thumb/v7e-m/fpv4-sp/hard/libgcc.a(_udivmoddi4.o)
 .debug_frame   0x0000000000001284       0x2c /usr/lib/gcc/arm-none-eabi/6.3.1/../../../arm-none-eabi/lib/thumb/v7e-m/fpv4-sp/hard/libc_nano.a(lib_a-init.o)
 .debug_frame   0x00000000000012b0       0x34 /usr/lib/gcc/arm-none-eabi/6.3.1/../../../arm-none-eabi/lib/thumb/v7e-m/fpv4-sp/hard/libc_nano.a(lib_a-memset.o)

Cross Reference Table

Symbol                                            File
ADC0_IRQHandler                                   projects/lab0/out/libs/lpc_open/lpc_startup/src/vendor_interrupt.o
ADC1_IRQHandler                                   projects/lab0/out/libs/lpc_open/lpc_startup/src/vendor_interrupt.o
ADCHS_IRQHandler                                  projects/lab0/out/libs/lpc_open/lpc_startup/src/vendor_interrupt.o
ATIMER_IRQHandler                                 projects/lab0/out/libs/lpc_open/lpc_startup/src/vendor_interrupt.o
Board_ADC_ReadBegin                               projects/lab0/out/libs/lpc_open/boards/edu_ciaa_nxp/src/board.o
Board_ADC_ReadEnd                                 projects/lab0/out/libs/lpc_open/boards/edu_ciaa_nxp/src/board.o
Board_ADC_ReadWait                                projects/lab0/out/libs/lpc_open/boards/edu_ciaa_nxp/src/board.o
Board_Debug_Init                                  projects/lab0/out/libs/lpc_open/boards/edu_ciaa_nxp/src/board.o
Board_Init                                        projects/lab0/out/libs/lpc_open/boards/edu_ciaa_nxp/src/board.o
                                                  projects/lab0/out/libs/lpc_open/lpc_startup/src/sysinit.o
Board_LED_Set                                     projects/lab0/out/libs/lpc_open/boards/edu_ciaa_nxp/src/board.o
Board_LED_Test                                    projects/lab0/out/libs/lpc_open/boards/edu_ciaa_nxp/src/board.o
Board_LED_Toggle                                  projects/lab0/out/libs/lpc_open/boards/edu_ciaa_nxp/src/board.o
Board_SetupClocking                               projects/lab0/out/libs/lpc_open/boards/edu_ciaa_nxp/src/board_sysinit.o
Board_SetupMuxing                                 projects/lab0/out/libs/lpc_open/boards/edu_ciaa_nxp/src/board_sysinit.o
Board_SystemInit                                  projects/lab0/out/libs/lpc_open/boards/edu_ciaa_nxp/src/board_sysinit.o
                                                  projects/lab0/out/libs/lpc_open/lpc_startup/src/sysinit.o
Board_TEC_GetStatus                               projects/lab0/out/libs/lpc_open/boards/edu_ciaa_nxp/src/board.o
Board_UARTGetChar                                 projects/lab0/out/libs/lpc_open/boards/edu_ciaa_nxp/src/board.o
Board_UARTPutChar                                 projects/lab0/out/libs/lpc_open/boards/edu_ciaa_nxp/src/board.o
Board_UARTPutSTR                                  projects/lab0/out/libs/lpc_open/boards/edu_ciaa_nxp/src/board.o
BusFault_Handler                                  projects/lab0/out/libs/cmsis_core//src/armv7m_startup.o
CAN0_IRQHandler                                   projects/lab0/out/libs/lpc_open/lpc_startup/src/vendor_interrupt.o
CAN1_IRQHandler                                   projects/lab0/out/libs/lpc_open/lpc_startup/src/vendor_interrupt.o
CRP_WORD                                          projects/lab0/out/libs/lpc_open/lpc_startup/src/crp.o
Chip_ADC_DeInit                                   projects/lab0/out/libs/lpc_open/lpc_chip_43xx/src/adc_18xx_43xx.o
Chip_ADC_EnableChannel                            projects/lab0/out/libs/lpc_open/lpc_chip_43xx/src/adc_18xx_43xx.o
                                                  projects/lab0/out/libs/lpc_open/boards/edu_ciaa_nxp/src/board.o
                                                  projects/lab0/out/modules/drivers_bm//src/adc.o
Chip_ADC_Init                                     projects/lab0/out/libs/lpc_open/lpc_chip_43xx/src/adc_18xx_43xx.o
                                                  projects/lab0/out/libs/lpc_open/boards/edu_ciaa_nxp/src/board.o
                                                  projects/lab0/out/modules/drivers_bm//src/adc.o
Chip_ADC_Int_SetChannelCmd                        projects/lab0/out/libs/lpc_open/lpc_chip_43xx/src/adc_18xx_43xx.o
                                                  projects/lab0/out/modules/drivers_bm//src/adc.o
Chip_ADC_ReadByte                                 projects/lab0/out/libs/lpc_open/lpc_chip_43xx/src/adc_18xx_43xx.o
Chip_ADC_ReadStatus                               projects/lab0/out/libs/lpc_open/lpc_chip_43xx/src/adc_18xx_43xx.o
                                                  projects/lab0/out/libs/lpc_open/boards/edu_ciaa_nxp/src/board.o
                                                  projects/lab0/out/modules/drivers_bm//src/adc.o
Chip_ADC_ReadValue                                projects/lab0/out/libs/lpc_open/lpc_chip_43xx/src/adc_18xx_43xx.o
                                                  projects/lab0/out/libs/lpc_open/boards/edu_ciaa_nxp/src/board.o
                                                  projects/lab0/out/modules/drivers_bm//src/adc.o
Chip_ADC_SetBurstCmd                              projects/lab0/out/libs/lpc_open/lpc_chip_43xx/src/adc_18xx_43xx.o
                                                  projects/lab0/out/libs/lpc_open/boards/edu_ciaa_nxp/src/board.o
Chip_ADC_SetResolution                            projects/lab0/out/libs/lpc_open/lpc_chip_43xx/src/adc_18xx_43xx.o
                                                  projects/lab0/out/libs/lpc_open/boards/edu_ciaa_nxp/src/board.o
Chip_ADC_SetSampleRate                            projects/lab0/out/libs/lpc_open/lpc_chip_43xx/src/adc_18xx_43xx.o
                                                  projects/lab0/out/libs/lpc_open/boards/edu_ciaa_nxp/src/board.o
                                                  projects/lab0/out/modules/drivers_bm//src/adc.o
Chip_ADC_SetStartMode                             projects/lab0/out/libs/lpc_open/lpc_chip_43xx/src/adc_18xx_43xx.o
                                                  projects/lab0/out/libs/lpc_open/boards/edu_ciaa_nxp/src/board.o
                                                  projects/lab0/out/modules/drivers_bm//src/adc.o
Chip_AES_Config_DMA                               projects/lab0/out/libs/lpc_open/lpc_chip_43xx/src/aes_18xx_43xx.o
Chip_AES_GetStatusDMA                             projects/lab0/out/libs/lpc_open/lpc_chip_43xx/src/aes_18xx_43xx.o
Chip_AES_Init                                     projects/lab0/out/libs/lpc_open/lpc_chip_43xx/src/aes_18xx_43xx.o
Chip_AES_LoadIV_IC                                projects/lab0/out/libs/lpc_open/lpc_chip_43xx/src/aes_18xx_43xx.o
Chip_AES_LoadIV_SW                                projects/lab0/out/libs/lpc_open/lpc_chip_43xx/src/aes_18xx_43xx.o
Chip_AES_LoadKey                                  projects/lab0/out/libs/lpc_open/lpc_chip_43xx/src/aes_18xx_43xx.o
Chip_AES_LoadKeyRNG                               projects/lab0/out/libs/lpc_open/lpc_chip_43xx/src/aes_18xx_43xx.o
Chip_AES_LoadKeySW                                projects/lab0/out/libs/lpc_open/lpc_chip_43xx/src/aes_18xx_43xx.o
Chip_AES_Operate                                  projects/lab0/out/libs/lpc_open/lpc_chip_43xx/src/aes_18xx_43xx.o
Chip_AES_OperateDMA                               projects/lab0/out/libs/lpc_open/lpc_chip_43xx/src/aes_18xx_43xx.o
Chip_AES_ProgramKey                               projects/lab0/out/libs/lpc_open/lpc_chip_43xx/src/aes_18xx_43xx.o
Chip_AES_SetMode                                  projects/lab0/out/libs/lpc_open/lpc_chip_43xx/src/aes_18xx_43xx.o
Chip_ATIMER_DeInit                                projects/lab0/out/libs/lpc_open/lpc_chip_43xx/src/atimer_18xx_43xx.o
Chip_ATIMER_Init                                  projects/lab0/out/libs/lpc_open/lpc_chip_43xx/src/atimer_18xx_43xx.o
Chip_CCAN_AddReceiveID                            projects/lab0/out/libs/lpc_open/lpc_chip_43xx/src/ccan_18xx_43xx.o
Chip_CCAN_ClearStatus                             projects/lab0/out/libs/lpc_open/lpc_chip_43xx/src/ccan_18xx_43xx.o
Chip_CCAN_DeInit                                  projects/lab0/out/libs/lpc_open/lpc_chip_43xx/src/ccan_18xx_43xx.o
Chip_CCAN_DeleteReceiveID                         projects/lab0/out/libs/lpc_open/lpc_chip_43xx/src/ccan_18xx_43xx.o
Chip_CCAN_GetMsgObject                            projects/lab0/out/libs/lpc_open/lpc_chip_43xx/src/ccan_18xx_43xx.o
Chip_CCAN_Init                                    projects/lab0/out/libs/lpc_open/lpc_chip_43xx/src/ccan_18xx_43xx.o
Chip_CCAN_Send                                    projects/lab0/out/libs/lpc_open/lpc_chip_43xx/src/ccan_18xx_43xx.o
Chip_CCAN_SetBitRate                              projects/lab0/out/libs/lpc_open/lpc_chip_43xx/src/ccan_18xx_43xx.o
Chip_CCAN_SetMsgObject                            projects/lab0/out/libs/lpc_open/lpc_chip_43xx/src/ccan_18xx_43xx.o
Chip_CCAN_SetValidMsg                             projects/lab0/out/libs/lpc_open/lpc_chip_43xx/src/ccan_18xx_43xx.o
Chip_CCAN_TransferMsgObject                       projects/lab0/out/libs/lpc_open/lpc_chip_43xx/src/ccan_18xx_43xx.o
Chip_Clock_CalcMainPLLValue                       projects/lab0/out/libs/lpc_open/lpc_chip_43xx/src/clock_18xx_43xx.o
                                                  projects/lab0/out/libs/lpc_open/lpc_chip_43xx/src/sysinit_18xx_43xx.o
Chip_Clock_ClearPowerDown                         projects/lab0/out/libs/lpc_open/lpc_chip_43xx/src/clock_18xx_43xx.o
Chip_Clock_Disable                                projects/lab0/out/libs/lpc_open/lpc_chip_43xx/src/clock_18xx_43xx.o
                                                  projects/lab0/out/libs/lpc_open/lpc_chip_43xx/src/i2c_18xx_43xx.o
                                                  projects/lab0/out/libs/lpc_open/lpc_chip_43xx/src/ssp_18xx_43xx.o
                                                  projects/lab0/out/libs/lpc_open/lpc_chip_43xx/src/enet_18xx_43xx.o
                                                  projects/lab0/out/libs/lpc_open/lpc_chip_43xx/src/gpdma_18xx_43xx.o
                                                  projects/lab0/out/libs/lpc_open/lpc_chip_43xx/src/spi_18xx_43xx.o
                                                  projects/lab0/out/libs/lpc_open/lpc_chip_43xx/src/sct_18xx_43xx.o
                                                  projects/lab0/out/libs/lpc_open/lpc_chip_43xx/src/i2cm_18xx_43xx.o
                                                  projects/lab0/out/libs/lpc_open/lpc_chip_43xx/src/timer_18xx_43xx.o
                                                  projects/lab0/out/libs/lpc_open/lpc_chip_43xx/src/sdif_18xx_43xx.o
                                                  projects/lab0/out/libs/lpc_open/lpc_chip_43xx/src/adc_18xx_43xx.o
                                                  projects/lab0/out/libs/lpc_open/lpc_chip_43xx/src/uart_18xx_43xx.o
                                                  projects/lab0/out/libs/lpc_open/lpc_chip_43xx/src/lcd_18xx_43xx.o
                                                  projects/lab0/out/libs/lpc_open/lpc_chip_43xx/src/i2s_18xx_43xx.o
                                                  projects/lab0/out/libs/lpc_open/lpc_chip_43xx/src/ritimer_18xx_43xx.o
                                                  projects/lab0/out/libs/lpc_open/lpc_chip_43xx/src/dac_18xx_43xx.o
                                                  projects/lab0/out/libs/lpc_open/lpc_chip_43xx/src/ccan_18xx_43xx.o
Chip_Clock_DisableBaseClock                       projects/lab0/out/libs/lpc_open/lpc_chip_43xx/src/clock_18xx_43xx.o
Chip_Clock_DisableCrystal                         projects/lab0/out/libs/lpc_open/lpc_chip_43xx/src/clock_18xx_43xx.o
Chip_Clock_DisablePLL                             projects/lab0/out/libs/lpc_open/lpc_chip_43xx/src/clock_18xx_43xx.o
Chip_Clock_Enable                                 projects/lab0/out/libs/lpc_open/lpc_chip_43xx/src/clock_18xx_43xx.o
                                                  projects/lab0/out/libs/lpc_open/lpc_chip_43xx/src/i2c_18xx_43xx.o
                                                  projects/lab0/out/libs/lpc_open/lpc_chip_43xx/src/ssp_18xx_43xx.o
                                                  projects/lab0/out/libs/lpc_open/lpc_chip_43xx/src/spi_18xx_43xx.o
                                                  projects/lab0/out/libs/lpc_open/lpc_chip_43xx/src/i2cm_18xx_43xx.o
                                                  projects/lab0/out/libs/lpc_open/lpc_chip_43xx/src/timer_18xx_43xx.o
                                                  projects/lab0/out/libs/lpc_open/lpc_chip_43xx/src/i2s_18xx_43xx.o
Chip_Clock_EnableBaseClock                        projects/lab0/out/libs/lpc_open/lpc_chip_43xx/src/clock_18xx_43xx.o
                                                  projects/lab0/out/libs/lpc_open/lpc_chip_43xx/src/chip_18xx_43xx.o
Chip_Clock_EnableCrystal                          projects/lab0/out/libs/lpc_open/lpc_chip_43xx/src/clock_18xx_43xx.o
                                                  projects/lab0/out/libs/lpc_open/lpc_chip_43xx/src/sysinit_18xx_43xx.o
Chip_Clock_EnableOpts                             projects/lab0/out/libs/lpc_open/lpc_chip_43xx/src/clock_18xx_43xx.o
                                                  projects/lab0/out/libs/lpc_open/lpc_chip_43xx/src/enet_18xx_43xx.o
                                                  projects/lab0/out/libs/lpc_open/lpc_chip_43xx/src/gpdma_18xx_43xx.o
                                                  projects/lab0/out/libs/lpc_open/lpc_chip_43xx/src/sct_18xx_43xx.o
                                                  projects/lab0/out/libs/lpc_open/lpc_chip_43xx/src/sdif_18xx_43xx.o
                                                  projects/lab0/out/libs/lpc_open/lpc_chip_43xx/src/chip_18xx_43xx.o
                                                  projects/lab0/out/libs/lpc_open/lpc_chip_43xx/src/adc_18xx_43xx.o
                                                  projects/lab0/out/libs/lpc_open/lpc_chip_43xx/src/uart_18xx_43xx.o
                                                  projects/lab0/out/libs/lpc_open/lpc_chip_43xx/src/lcd_18xx_43xx.o
                                                  projects/lab0/out/libs/lpc_open/lpc_chip_43xx/src/ritimer_18xx_43xx.o
                                                  projects/lab0/out/libs/lpc_open/lpc_chip_43xx/src/dac_18xx_43xx.o
                                                  projects/lab0/out/libs/lpc_open/lpc_chip_43xx/src/ccan_18xx_43xx.o
Chip_Clock_EnablePLL                              projects/lab0/out/libs/lpc_open/lpc_chip_43xx/src/clock_18xx_43xx.o
                                                  projects/lab0/out/libs/lpc_open/lpc_chip_43xx/src/chip_18xx_43xx.o
Chip_Clock_GetBaseClock                           projects/lab0/out/libs/lpc_open/lpc_chip_43xx/src/clock_18xx_43xx.o
Chip_Clock_GetBaseClockOpts                       projects/lab0/out/libs/lpc_open/lpc_chip_43xx/src/clock_18xx_43xx.o
Chip_Clock_GetBaseClocktHz                        projects/lab0/out/libs/lpc_open/lpc_chip_43xx/src/clock_18xx_43xx.o
                                                  projects/lab0/out/libs/lpc_open/lpc_chip_43xx/src/sdmmc_18xx_43xx.o
                                                  projects/lab0/out/libs/lpc_open/lpc_chip_43xx/src/sdio_18xx_43xx.o
Chip_Clock_GetClockInputHz                        projects/lab0/out/libs/lpc_open/lpc_chip_43xx/src/clock_18xx_43xx.o
                                                  projects/lab0/out/libs/lpc_open/lpc_chip_43xx/src/chip_18xx_43xx.o
Chip_Clock_GetDividerDivisor                      projects/lab0/out/libs/lpc_open/lpc_chip_43xx/src/clock_18xx_43xx.o
Chip_Clock_GetDividerSource                       projects/lab0/out/libs/lpc_open/lpc_chip_43xx/src/clock_18xx_43xx.o
Chip_Clock_GetEMCRate                             projects/lab0/out/libs/lpc_open/lpc_chip_43xx/src/clock_18xx_43xx.o
                                                  projects/lab0/out/libs/lpc_open/lpc_chip_43xx/src/emc_18xx_43xx.o
Chip_Clock_GetMainPLLHz                           projects/lab0/out/libs/lpc_open/lpc_chip_43xx/src/clock_18xx_43xx.o
Chip_Clock_GetPLLStatus                           projects/lab0/out/libs/lpc_open/lpc_chip_43xx/src/clock_18xx_43xx.o
                                                  projects/lab0/out/libs/lpc_open/lpc_chip_43xx/src/chip_18xx_43xx.o
Chip_Clock_GetRate                                projects/lab0/out/libs/lpc_open/lpc_chip_43xx/src/clock_18xx_43xx.o
                                                  projects/lab0/out/libs/lpc_open/lpc_chip_43xx/src/i2c_18xx_43xx.o
                                                  projects/lab0/out/libs/lpc_open/lpc_chip_43xx/src/ssp_18xx_43xx.o
                                                  projects/lab0/out/libs/lpc_open/lpc_chip_43xx/src/sct_pwm_18xx_43xx.o
                                                  projects/lab0/out/libs/lpc_open/lpc_chip_43xx/src/spi_18xx_43xx.o
                                                  projects/lab0/out/libs/lpc_open/lpc_chip_43xx/src/eeprom_18xx_43xx.o
                                                  projects/lab0/out/libs/lpc_open/lpc_chip_43xx/src/i2cm_18xx_43xx.o
                                                  projects/lab0/out/libs/lpc_open/lpc_chip_43xx/src/chip_18xx_43xx.o
                                                  projects/lab0/out/libs/lpc_open/lpc_chip_43xx/src/stopwatch_18xx_43xx.o
                                                  projects/lab0/out/libs/lpc_open/lpc_chip_43xx/src/adc_18xx_43xx.o
                                                  projects/lab0/out/libs/lpc_open/lpc_chip_43xx/src/uart_18xx_43xx.o
                                                  projects/lab0/out/libs/lpc_open/lpc_chip_43xx/src/i2s_18xx_43xx.o
                                                  projects/lab0/out/libs/lpc_open/lpc_chip_43xx/src/ritimer_18xx_43xx.o
                                                  projects/lab0/out/libs/lpc_open/lpc_chip_43xx/src/ccan_18xx_43xx.o
Chip_Clock_IsBaseClockEnabled                     projects/lab0/out/libs/lpc_open/lpc_chip_43xx/src/clock_18xx_43xx.o
Chip_Clock_RTCEnable                              projects/lab0/out/libs/lpc_open/lpc_chip_43xx/src/clock_18xx_43xx.o
                                                  projects/lab0/out/libs/lpc_open/lpc_chip_43xx/src/rtc_18xx_43xx.o
Chip_Clock_SetBaseClock                           projects/lab0/out/libs/lpc_open/lpc_chip_43xx/src/clock_18xx_43xx.o
                                                  projects/lab0/out/libs/lpc_open/lpc_chip_43xx/src/sysinit_18xx_43xx.o
                                                  projects/lab0/out/libs/lpc_open/lpc_chip_43xx/src/chip_18xx_43xx.o
                                                  projects/lab0/out/libs/lpc_open/boards/edu_ciaa_nxp/src/board_sysinit.o
Chip_Clock_SetDivider                             projects/lab0/out/libs/lpc_open/lpc_chip_43xx/src/clock_18xx_43xx.o
                                                  projects/lab0/out/libs/lpc_open/lpc_chip_43xx/src/chip_18xx_43xx.o
Chip_Clock_SetupMainPLLHz                         projects/lab0/out/libs/lpc_open/lpc_chip_43xx/src/clock_18xx_43xx.o
Chip_Clock_SetupMainPLLMult                       projects/lab0/out/libs/lpc_open/lpc_chip_43xx/src/clock_18xx_43xx.o
Chip_Clock_SetupPLL                               projects/lab0/out/libs/lpc_open/lpc_chip_43xx/src/clock_18xx_43xx.o
                                                  projects/lab0/out/libs/lpc_open/lpc_chip_43xx/src/chip_18xx_43xx.o
Chip_Clock_StartPowerDown                         projects/lab0/out/libs/lpc_open/lpc_chip_43xx/src/clock_18xx_43xx.o
Chip_DAC_DeInit                                   projects/lab0/out/libs/lpc_open/lpc_chip_43xx/src/dac_18xx_43xx.o
Chip_DAC_Init                                     projects/lab0/out/libs/lpc_open/lpc_chip_43xx/src/dac_18xx_43xx.o
                                                  projects/lab0/out/modules/drivers_bm//src/dac.o
Chip_DAC_SetBias                                  projects/lab0/out/libs/lpc_open/lpc_chip_43xx/src/dac_18xx_43xx.o
                                                  projects/lab0/out/modules/drivers_bm//src/dac.o
Chip_DAC_UpdateValue                              projects/lab0/out/libs/lpc_open/lpc_chip_43xx/src/dac_18xx_43xx.o
                                                  projects/lab0/out/modules/drivers_bm//src/dac.o
Chip_EEPROM_EraseProgramPage                      projects/lab0/out/libs/lpc_open/lpc_chip_43xx/src/eeprom_18xx_43xx.o
Chip_EEPROM_Init                                  projects/lab0/out/libs/lpc_open/lpc_chip_43xx/src/eeprom_18xx_43xx.o
Chip_EEPROM_WaitForIntStatus                      projects/lab0/out/libs/lpc_open/lpc_chip_43xx/src/eeprom_18xx_43xx.o
Chip_EMC_Dynamic_Enable                           projects/lab0/out/libs/lpc_open/lpc_chip_43xx/src/emc_18xx_43xx.o
Chip_EMC_Dynamic_Init                             projects/lab0/out/libs/lpc_open/lpc_chip_43xx/src/emc_18xx_43xx.o
Chip_EMC_Enable                                   projects/lab0/out/libs/lpc_open/lpc_chip_43xx/src/emc_18xx_43xx.o
Chip_EMC_Init                                     projects/lab0/out/libs/lpc_open/lpc_chip_43xx/src/emc_18xx_43xx.o
Chip_EMC_LowPowerMode                             projects/lab0/out/libs/lpc_open/lpc_chip_43xx/src/emc_18xx_43xx.o
Chip_EMC_Mirror                                   projects/lab0/out/libs/lpc_open/lpc_chip_43xx/src/emc_18xx_43xx.o